 campus_windows_sfun

 Timestamp is 5304e42c (Wed Feb 19 12:04:44 2014)

 Preferred load address is 0000000180000000

 Start         Length     Name                   Class
 0001:00000000 0005ffd4H .text                   CODE
 0001:0005ffe0 00000092H .text$x                 CODE
 0002:00000000 00000480H .idata$5                DATA
 0002:00000480 00000008H .CRT$XCA                DATA
 0002:00000488 00000008H .CRT$XCZ                DATA
 0002:00000490 00000008H .CRT$XIA                DATA
 0002:00000498 00000008H .CRT$XIAA               DATA
 0002:000004a0 00000008H .CRT$XIZ                DATA
 0002:000004b0 00004cccH .rdata                  DATA
 0002:00005180 00000008H .rtc$IAA                DATA
 0002:00005188 00000008H .rtc$IZZ                DATA
 0002:00005190 00000008H .rtc$TAA                DATA
 0002:00005198 00000008H .rtc$TZZ                DATA
 0002:000051a0 00004664H .xdata                  DATA
 0002:00009804 000000a0H .idata$2                DATA
 0002:000098a4 00000014H .idata$3                DATA
 0002:000098b8 00000480H .idata$4                DATA
 0002:00009d38 00000a74H .idata$6                DATA
 0002:0000a7b0 00000059H .edata                  DATA
 0003:00000000 000083b8H .data                   DATA
 0003:000083c0 000026b8H .bss                    DATA
 0004:00000000 00003a44H .pdata                  DATA

  Address         Publics by Value              Rva+Base               Lib:Object

 0000:00000000       ___safe_se_handler_count   0000000000000000     <absolute>
 0000:00000000       ___safe_se_handler_table   0000000000000000     <absolute>
 0000:00000000       __ImageBase                0000000180000000     <linker-defined>
 0001:00000000       sf_c1_campus_windows_get_eml_resolved_functions_info 0000000180001000 f   c1_campus_windows.obj
 0001:00000950       sf_c1_campus_windows_get_check_sum 0000000180001950 f   c1_campus_windows.obj
 0001:000009d0       sf_c1_campus_windows_get_autoinheritance_info 00000001800019d0 f   c1_campus_windows.obj
 0001:00001450       sf_internal_get_sim_state_c1_campus_windows 0000000180002450 f   c1_campus_windows.obj
 0001:00001810       sf_internal_set_sim_state_c1_campus_windows 0000000180002810 f   c1_campus_windows.obj
 0001:00001d10       c1_campus_windows_method_dispatcher 0000000180002d10 f   c1_campus_windows.obj
 0001:000094d0       sf_c2_campus_windows_get_eml_resolved_functions_info 000000018000a4d0 f   c2_campus_windows.obj
 0001:00009de0       sf_c2_campus_windows_get_check_sum 000000018000ade0 f   c2_campus_windows.obj
 0001:00009e60       sf_c2_campus_windows_get_autoinheritance_info 000000018000ae60 f   c2_campus_windows.obj
 0001:0000a280       sf_internal_get_sim_state_c2_campus_windows 000000018000b280 f   c2_campus_windows.obj
 0001:0000a5d0       sf_internal_set_sim_state_c2_campus_windows 000000018000b5d0 f   c2_campus_windows.obj
 0001:0000a9c0       c2_campus_windows_method_dispatcher 000000018000b9c0 f   c2_campus_windows.obj
 0001:0000c640       sf_c3_campus_windows_get_eml_resolved_functions_info 000000018000d640 f   c3_campus_windows.obj
 0001:0000c6c0       sf_c3_campus_windows_get_check_sum 000000018000d6c0 f   c3_campus_windows.obj
 0001:0000c740       sf_c3_campus_windows_get_autoinheritance_info 000000018000d740 f   c3_campus_windows.obj
 0001:0000e420       sf_internal_get_sim_state_c3_campus_windows 000000018000f420 f   c3_campus_windows.obj
 0001:0000f610       sf_internal_set_sim_state_c3_campus_windows 0000000180010610 f   c3_campus_windows.obj
 0001:000100c0       c3_campus_windows_method_dispatcher 00000001800110c0 f   c3_campus_windows.obj
 0001:000144a0       sf_c4_campus_windows_get_eml_resolved_functions_info 00000001800154a0 f   c4_campus_windows.obj
 0001:00014520       sf_c4_campus_windows_get_check_sum 0000000180015520 f   c4_campus_windows.obj
 0001:000145a0       sf_c4_campus_windows_get_autoinheritance_info 00000001800155a0 f   c4_campus_windows.obj
 0001:00015960       sf_internal_get_sim_state_c4_campus_windows 0000000180016960 f   c4_campus_windows.obj
 0001:00016600       sf_internal_set_sim_state_c4_campus_windows 0000000180017600 f   c4_campus_windows.obj
 0001:00016e20       c4_campus_windows_method_dispatcher 0000000180017e20 f   c4_campus_windows.obj
 0001:0001a230       sf_c5_campus_windows_get_eml_resolved_functions_info 000000018001b230 f   c5_campus_windows.obj
 0001:0001a2b0       sf_c5_campus_windows_get_check_sum 000000018001b2b0 f   c5_campus_windows.obj
 0001:0001a330       sf_c5_campus_windows_get_autoinheritance_info 000000018001b330 f   c5_campus_windows.obj
 0001:0001b6f0       sf_internal_get_sim_state_c5_campus_windows 000000018001c6f0 f   c5_campus_windows.obj
 0001:0001c380       sf_internal_set_sim_state_c5_campus_windows 000000018001d380 f   c5_campus_windows.obj
 0001:0001cba0       c5_campus_windows_method_dispatcher 000000018001dba0 f   c5_campus_windows.obj
 0001:0001ffa0       sf_c6_campus_windows_get_eml_resolved_functions_info 0000000180020fa0 f   c6_campus_windows.obj
 0001:000205c0       sf_c6_campus_windows_get_check_sum 00000001800215c0 f   c6_campus_windows.obj
 0001:00020640       sf_c6_campus_windows_get_autoinheritance_info 0000000180021640 f   c6_campus_windows.obj
 0001:00020cf0       sf_internal_get_sim_state_c6_campus_windows 0000000180021cf0 f   c6_campus_windows.obj
 0001:000210b0       sf_internal_set_sim_state_c6_campus_windows 00000001800220b0 f   c6_campus_windows.obj
 0001:00021590       c6_campus_windows_method_dispatcher 0000000180022590 f   c6_campus_windows.obj
 0001:00024560       sf_c7_campus_windows_get_eml_resolved_functions_info 0000000180025560 f   c7_campus_windows.obj
 0001:000245e0       sf_c7_campus_windows_get_check_sum 00000001800255e0 f   c7_campus_windows.obj
 0001:00024660       sf_c7_campus_windows_get_autoinheritance_info 0000000180025660 f   c7_campus_windows.obj
 0001:00025790       sf_internal_get_sim_state_c7_campus_windows 0000000180026790 f   c7_campus_windows.obj
 0001:000262a0       sf_internal_set_sim_state_c7_campus_windows 00000001800272a0 f   c7_campus_windows.obj
 0001:00026a10       c7_campus_windows_method_dispatcher 0000000180027a10 f   c7_campus_windows.obj
 0001:00029980       sf_c8_campus_windows_get_eml_resolved_functions_info 000000018002a980 f   c8_campus_windows.obj
 0001:0002a050       sf_c8_campus_windows_get_check_sum 000000018002b050 f   c8_campus_windows.obj
 0001:0002a0d0       sf_c8_campus_windows_get_autoinheritance_info 000000018002b0d0 f   c8_campus_windows.obj
 0001:0002a4f0       sf_internal_get_sim_state_c8_campus_windows 000000018002b4f0 f   c8_campus_windows.obj
 0001:0002a8c0       sf_internal_set_sim_state_c8_campus_windows 000000018002b8c0 f   c8_campus_windows.obj
 0001:0002ad70       c8_campus_windows_method_dispatcher 000000018002bd70 f   c8_campus_windows.obj
 0001:0002d910       sf_process_check_sum_call  000000018002e910 f   campus_windows_sfun_registry.obj
 0001:0002d960       sf_process_autoinheritance_call 000000018002e960 f   campus_windows_sfun_registry.obj
 0001:0002db00       sf_process_get_eml_resolved_functions_info_call 000000018002eb00 f   campus_windows_sfun_registry.obj
 0001:0002dc80       sf_mex_unlock_call         000000018002ec80 f   campus_windows_sfun_registry.obj
 0001:0002dd30       sf_machine_global_initializer_called 000000018002ed30 f   campus_windows_sfun_registry.obj
 0001:0002dd60       sf_machine_global_method_dispatcher 000000018002ed60 f   campus_windows_sfun_registry.obj
 0001:0002ddc0       sf_machine_global_terminator 000000018002edc0 f   campus_windows_sfun_registry.obj
 0001:0002de00       sf_register_machine_exported_symbols 000000018002ee00 f   campus_windows_sfun_registry.obj
 0001:0002de20       callCustomFcn              000000018002ee20 f   campus_windows_sfun_registry.obj
 0001:0002de30       sf_machine_global_initializer 000000018002ee30 f   campus_windows_sfun_registry.obj
 0001:0002dea0       _ssSetStateAbsTol          000000018002eea0 f   campus_windows_sfun_registry.obj
 0001:0002df80       _ssGetAbsTol               000000018002ef80 f   campus_windows_sfun_registry.obj
 0001:0002dff0       _ssSetInputPortMatrixDimensions 000000018002eff0 f   campus_windows_sfun_registry.obj
 0001:0002e100       _ssSetOutputPortMatrixDimensions 000000018002f100 f   campus_windows_sfun_registry.obj
 0001:0002e210       _ssSetInputPortVectorDimension 000000018002f210 f   campus_windows_sfun_registry.obj
 0001:0002e2e0       _ssSetOutputPortVectorDimension 000000018002f2e0 f   campus_windows_sfun_registry.obj
 0001:0002e3b0       ssIsRunTimeParamTunable    000000018002f3b0 f   campus_windows_sfun_registry.obj
 0001:0002e420       ssGetSFuncBlockHandle      000000018002f420 f   campus_windows_sfun_registry.obj
 0001:0002e490       _ssGetCurrentInputPortWidth 000000018002f490 f   campus_windows_sfun_registry.obj
 0001:0002e5b0       _ssGetCurrentOutputPortWidth 000000018002f5b0 f   campus_windows_sfun_registry.obj
 0001:0002e6d0       _ssGetCallSystemNumFcnCallDestinations 000000018002f6d0 f   campus_windows_sfun_registry.obj
 0001:0002e740       ssWarning                  000000018002f740 f   campus_windows_sfun_registry.obj
 0001:0002e850       ssGetIsZeroCrossControlDisabled 000000018002f850 f   campus_windows_sfun_registry.obj
 0001:0002e8c0       ssSetIsInputPortUsedForContZcSignal 000000018002f8c0 f   campus_windows_sfun_registry.obj
 0001:0002e930       ssSetZcSignalIsZcElementDisc 000000018002f930 f   campus_windows_sfun_registry.obj
 0001:0002e9e0       ssSetZcSignalName          000000018002f9e0 f   campus_windows_sfun_registry.obj
 0001:0002ea50       ssSetZcSignalWidth         000000018002fa50 f   campus_windows_sfun_registry.obj
 0001:0002eac0       ssSetZcSignalZcEventType   000000018002fac0 f   campus_windows_sfun_registry.obj
 0001:0002eb30       ssSetZcSignalType          000000018002fb30 f   campus_windows_sfun_registry.obj
 0001:0002eba0       ssSetZcSignalZcTol         000000018002fba0 f   campus_windows_sfun_registry.obj
 0001:0002ec10       ssSetZcSignalNeedsEventNotification 000000018002fc10 f   campus_windows_sfun_registry.obj
 0001:0002ec80       ssCreateAndAddZcSignalInfo 000000018002fc80 f   campus_windows_sfun_registry.obj
 0001:0002ecf0       ssCloneAndAddZcSignalInfo  000000018002fcf0 f   campus_windows_sfun_registry.obj
 0001:0002ed60       ssGetNumZcSignals          000000018002fd60 f   campus_windows_sfun_registry.obj
 0001:0002edd0       ssGetZcSignalVector        000000018002fdd0 f   campus_windows_sfun_registry.obj
 0001:0002ee40       ssGetZcSignalZcEvents      000000018002fe40 f   campus_windows_sfun_registry.obj
 0001:0002eeb0       ssGetZcSignalName          000000018002feb0 f   campus_windows_sfun_registry.obj
 0001:0002ef20       ssGetZcSignalWidth         000000018002ff20 f   campus_windows_sfun_registry.obj
 0001:0002ef90       ssGetZcSignalZcEventType   000000018002ff90 f   campus_windows_sfun_registry.obj
 0001:0002f000       ssGetZcSignalType          0000000180030000 f   campus_windows_sfun_registry.obj
 0001:0002f070       ssGetZcSignalZcTol         0000000180030070 f   campus_windows_sfun_registry.obj
 0001:0002f0f0       ssGetZcSignalNeedsEventNotification 00000001800300f0 f   campus_windows_sfun_registry.obj
 0001:0002f160       ssGetZcSignalIsZcElementDisc 0000000180030160 f   campus_windows_sfun_registry.obj
 0001:0002f200       ssGetIsInputPortElementContinuous 0000000180030200 f   campus_windows_sfun_registry.obj
 0001:0002f2a0       _ssGetInputPortSignalPtrsFcn 00000001800302a0 f   campus_windows_sfun_registry.obj
 0001:0002f560       _ssGetInputPortSignalFcn   0000000180030560 f   campus_windows_sfun_registry.obj
 0001:0002f780       _ssSetInputPortDirectFeedThroughFcn 0000000180030780 f   campus_windows_sfun_registry.obj
 0001:0002f8e0       _ssSetInputPortReusableFcn 00000001800308e0 f   campus_windows_sfun_registry.obj
 0001:0002f9d0       _ssSetOutputPortReusableFcn 00000001800309d0 f   campus_windows_sfun_registry.obj
 0001:0002fab0       ssGetDTypeIdFromMxArray    0000000180030ab0 f   campus_windows_sfun_registry.obj
 0001:0002fbd0       ssWriteRTWStr              0000000180030bd0 f   campus_windows_sfun_registry.obj
 0001:0002fc30       ssWriteRTWMxVectParam      0000000180030c30 f   campus_windows_sfun_registry.obj
 0001:0002fc90       ssWriteRTWMx2dMatParam     0000000180030c90 f   campus_windows_sfun_registry.obj
 0001:0002fd10       ssWriteRTWNameValuePair    0000000180030d10 f   campus_windows_sfun_registry.obj
 0001:00030200       ssWriteRTWParameters       0000000180031200 f   campus_windows_sfun_registry.obj
 0001:00030800       ssWriteRTWParamSettings    0000000180031800 f   campus_windows_sfun_registry.obj
 0001:00030ed0       ssWriteRTWWorkVect         0000000180031ed0 f   campus_windows_sfun_registry.obj
 0001:000313d0       mexFunction                00000001800323d0 f   campus_windows_sfun_registry.obj
 0001:00033010       ProcessMexSfunctionEveryCall 0000000180034010 f   campus_windows_sfun_registry.obj
 0001:00033180       campus_windows_initializer 0000000180034180 f   campus_windows_sfun.obj
 0001:00033190       campus_windows_terminator  0000000180034190 f   campus_windows_sfun.obj
 0001:000331a0       sf_campus_windows_method_dispatcher 00000001800341a0 f   campus_windows_sfun.obj
 0001:000332e0       sf_campus_windows_process_check_sum_call 00000001800342e0 f   campus_windows_sfun.obj
 0001:000337a0       sf_campus_windows_autoinheritance_info 00000001800347a0 f   campus_windows_sfun.obj
 0001:00033b40       sf_campus_windows_get_eml_resolved_functions_info 0000000180034b40 f   campus_windows_sfun.obj
 0001:00033e30       campus_windows_debug_initialize 0000000180034e30 f   campus_windows_sfun.obj
 0001:00033ea0       campus_windows_register_exported_symbols 0000000180034ea0 f   campus_windows_sfun.obj
 0001:00033eb0       load_campus_windows_optimization_info 0000000180034eb0 f   campus_windows_sfun.obj
 0001:00033f00       unload_campus_windows_optimization_info 0000000180034f00 f   campus_windows_sfun.obj
 0001:00033fd0       sf_mex_mx_is_numeric       0000000180034fd0 f   sfc_mex:sfc_mex.obj
 0001:00034010       strcmp_ignore_ws           0000000180035010 f   sfc_mex:sfc_mex.obj
 0001:00034150       sf_mex_duplicatearraysafe  0000000180035150 f   sfc_mex:sfc_mex.obj
 0001:000342b0       sf_set_error_debugger_context_message_fcn 00000001800352b0 f   sfc_mex:sfc_mex.obj
 0001:000342c0       sf_set_debugger_matlab_error_fcn 00000001800352c0 f   sfc_mex:sfc_mex.obj
 0001:000342f0       sf_set_error_prefix_string 00000001800352f0 f   sfc_mex:sfc_mex.obj
 0001:00034320       sf_get_error_prefix_string 0000000180035320 f   sfc_mex:sfc_mex.obj
 0001:00034330       sf_mex_enter_parallel_region 0000000180035330 f   sfc_mex:sfc_mex.obj
 0001:00034340       sf_mex_exit_parallel_region 0000000180035340 f   sfc_mex:sfc_mex.obj
 0001:00034350       sf_get_current_jmp_buf_ptr 0000000180035350 f   sfc_mex:sfc_mex.obj
 0001:00034360       sf_set_current_jmp_buf_ptr 0000000180035360 f   sfc_mex:sfc_mex.obj
 0001:00034370       sf_mex_set_halt_simulation 0000000180035370 f   sfc_mex:sfc_mex.obj
 0001:00034380       sf_mex_get_halt_simulation 0000000180035380 f   sfc_mex:sfc_mex.obj
 0001:00034390       sf_mex_clear_error_message 0000000180035390 f   sfc_mex:sfc_mex.obj
 0001:000343b0       sf_mex_get_error_message_for_read 00000001800353b0 f   sfc_mex:sfc_mex.obj
 0001:000343c0       sf_mex_get_error_message_buffer_length 00000001800353c0 f   sfc_mex:sfc_mex.obj
 0001:000344a0       sf_mex_warning_message     00000001800354a0 f   sfc_mex:sfc_mex.obj
 0001:00034510       sf_mex_v_errbuf_createf    0000000180035510 f   sfc_mex:sfc_mex.obj
 0001:00034520       sf_mex_errbuf_createf      0000000180035520 f   sfc_mex:sfc_mex.obj
 0001:00034550       sf_mex_v_errbuf_catf       0000000180035550 f   sfc_mex:sfc_mex.obj
 0001:00034590       sf_mex_errbuf_catf         0000000180035590 f   sfc_mex:sfc_mex.obj
 0001:000345e0       sf_mex_errbuf_copy         00000001800355e0 f   sfc_mex:sfc_mex.obj
 0001:000345f0       sf_mex_errbuf_clear        00000001800355f0 f   sfc_mex:sfc_mex.obj
 0001:00034600       sf_mex_errbuf_isempty      0000000180035600 f   sfc_mex:sfc_mex.obj
 0001:00034710       sf_mex_set_error_status    0000000180035710 f   sfc_mex:sfc_mex.obj
 0001:00034760       sf_mex_error_direct_call   0000000180035760 f   sfc_mex:sfc_mex.obj
 0001:00034780       sf_mex_error_message_no_long_jump 0000000180035780 f   sfc_mex:sfc_mex.obj
 0001:000347a0       sf_mex_long_jump_on_error  00000001800357a0 f   sfc_mex:sfc_mex.obj
 0001:000347d0       sf_mex_call_matlab         00000001800357d0 f   sfc_mex:sfc_mex.obj
 0001:000348f0       sf_mex_check_builtin       00000001800358f0 f   sfc_mex:sfc_mex.obj
 0001:00034930       sf_mex_check_builtin_vs    0000000180035930 f   sfc_mex:sfc_mex.obj
 0001:00034990       sf_mex_check_enum          0000000180035990 f   sfc_mex:sfc_mex.obj
 0001:000349c0       sf_mex_create_enum         00000001800359c0 f   sfc_mex:sfc_mex.obj
 0001:000349e0       sf_mex_get_enum_element    00000001800359e0 f   sfc_mex:sfc_mex.obj
 0001:000349f0       sf_mex_createcellarray     00000001800359f0 f   sfc_mex:sfc_mex.obj
 0001:00034a00       sf_mex_setcell             0000000180035a00 f   sfc_mex:sfc_mex.obj
 0001:00034a10       sf_mex_getcell             0000000180035a10 f   sfc_mex:sfc_mex.obj
 0001:00034a20       sf_mex_dup                 0000000180035a20 f   sfc_mex:sfc_mex.obj
 0001:00034a40       sf_mex_assign              0000000180035a40 f   sfc_mex:sfc_mex.obj
 0001:00034ac0       sf_mex_destroy             0000000180035ac0 f   sfc_mex:sfc_mex.obj
 0001:00034af0       mx_array_has_fi_type       0000000180035af0 f   sfc_mex:sfc_mex.obj
 0001:00034b20       sf_mex_convert_from_fi     0000000180035b20 f   sfc_mex:sfc_mex.obj
 0001:00034bd0       sf_mex_convert_to_double   0000000180035bd0 f   sfc_mex:sfc_mex.obj
 0001:00034cf0       sf_mex_import_fi_vs        0000000180035cf0 f   sfc_mex:sfc_mex.obj
 0001:00034eb0       sf_matrix_matrix_index_ok  0000000180035eb0 f   sfc_mex:sfc_mex.obj
 0001:00034f40       sf_vector_vector_index_ok  0000000180035f40 f   sfc_mex:sfc_mex.obj
 0001:00034f70       ssGetCurrentInputPortDimensions_wrapper 0000000180035f70 f   sfc_mex:sfc_mex.obj
 0001:00034f90       ssGetCurrentOutputPortDimensions_wrapper 0000000180035f90 f   sfc_mex:sfc_mex.obj
 0001:00034fb0       sf_mex_emlrt_context_is_debug_mode 0000000180035fb0 f   sfc_mex:sfc_mex.obj
 0001:00034fc0       sf_mex_emlrt_context_set_debug_mode 0000000180035fc0 f   sfc_mex:sfc_mex.obj
 0001:00034fd0       sf_mex_emlrtNameCapturePostProcessR2012a 0000000180035fd0 f   sfc_mex:sfc_mex.obj
 0001:00035040       sf_clear_error_manager_info 0000000180036040 f   sfc_mex:sfc_mex.obj
 0001:000350a0       sf_mex_stop_simulation_abruptly_wo_error 00000001800360a0 f   sfc_mex:sfc_mex.obj
 0001:000350e0       sf_mex_error_message       00000001800360e0 f   sfc_mex:sfc_mex.obj
 0001:00035140       sf_react_to_error_in_matlab_call 0000000180036140 f   sfc_mex:sfc_mex.obj
 0001:00035170       sf_mex_addfield            0000000180036170 f   sfc_mex:sfc_mex.obj
 0001:00035210       sf_mex_getfield            0000000180036210 f   sfc_mex:sfc_mex.obj
 0001:00035510       sf_mex_check_class         0000000180036510 f   sfc_mex:sfc_mex.obj
 0001:000355b0       sf_mex_is_real             00000001800365b0 f   sfc_mex:sfc_mex.obj
 0001:00035a20       sf_mex_decode_encoded_mx_struct_array 0000000180036a20 f   sfc_mex:sfc_mex.obj
 0001:00035d00       sf_mex_lw_bounds_check     0000000180036d00 f   sfc_mex:sfc_mex.obj
 0001:00035d30       sf_mex_lw_size_eq_check_1d 0000000180036d30 f   sfc_mex:sfc_mex.obj
 0001:00035d50       sf_mex_lw_size_eq_check_nd 0000000180036d50 f   sfc_mex:sfc_mex.obj
 0001:00035f30       sf_mex_lw_dim_size_eq_check 0000000180036f30 f   sfc_mex:sfc_mex.obj
 0001:00035f60       sf_mex_lw_dim_size_geq_check 0000000180036f60 f   sfc_mex:sfc_mex.obj
 0001:00035f90       sf_mex_lw_sub_assign_size_check_nd 0000000180036f90 f   sfc_mex:sfc_mex.obj
 0001:000361c0       sf_mex_lw_runtime_error_msgid 00000001800371c0 f   sfc_mex:sfc_mex.obj
 0001:000362b0       sf_mex_lw_matrix_matrix_index_check 00000001800372b0 f   sfc_mex:sfc_mex.obj
 0001:000362d0       sf_mex_lw_vector_vector_index_check 00000001800372d0 f   sfc_mex:sfc_mex.obj
 0001:00036310       sf_mex_lw_for_loop_vector_check 0000000180037310 f   sfc_mex:sfc_mex.obj
 0001:00036390       sf_mex_lw_non_negative_check 0000000180037390 f   sfc_mex:sfc_mex.obj
 0001:000363d0       sf_mex_overflow_error      00000001800373d0 f   sfc_mex:sfc_mex.obj
 0001:000363e0       sf_mex_dividebyzero_error  00000001800373e0 f   sfc_mex:sfc_mex.obj
 0001:000363f0       sf_mex_unsafe_enum_error   00000001800373f0 f   sfc_mex:sfc_mex.obj
 0001:00036400       sf_emlrtErrHandler         0000000180037400 f   sfc_mex:sfc_mex.obj
 0001:000364e0       sf_mex_size_one_check      00000001800374e0 f   sfc_mex:sfc_mex.obj
 0001:00036500       sf_mex_printf              0000000180037500 f   sfc_mex:sfc_mex.obj
 0001:000366d0       sf_mex_check_size          00000001800376d0 f   sfc_mex:sfc_mex.obj
 0001:000369a0       sf_mex_check_struct        00000001800379a0 f   sfc_mex:sfc_mex.obj
 0001:00036c00       sf_mex_check_struct_vs     0000000180037c00 f   sfc_mex:sfc_mex.obj
 0001:00036c90       sf_mex_check_fi            0000000180037c90 f   sfc_mex:sfc_mex.obj
 0001:00036d90       sf_mex_check_fi_vs         0000000180037d90 f   sfc_mex:sfc_mex.obj
 0001:00036e30       sf_echo_expression         0000000180037e30 f   sfc_mex:sfc_mex.obj
 0001:00036e90       sf_assertion_failed        0000000180037e90 f   sfc_mex:sfc_mex.obj
 0001:00037170       sf_mex_evalin              0000000180038170 f   sfc_mex:sfc_mex.obj
 0001:000373e0       sf_mex_export              00000001800383e0 f   sfc_mex:sfc_mex.obj
 0001:000374a0       sf_mex_get_ml_var_no_error 00000001800384a0 f   sfc_mex:sfc_mex.obj
 0001:00037640       sf_mex_get_ml_var          0000000180038640 f   sfc_mex:sfc_mex.obj
 0001:00037ae0       ml_set_element_value_in_array 0000000180038ae0 f   sfc_mex:sfc_mex.obj
 0001:000391b0       sf_mex_call_impl           000000018003a1b0 f   sfc_mex:sfc_mex.obj
 0001:000396e0       sf_mex_call_debug          000000018003a6e0 f   sfc_mex:sfc_mex.obj
 0001:00039710       sf_mex_call                000000018003a710 f   sfc_mex:sfc_mex.obj
 0001:00039d60       sf_mex_createstruct        000000018003ad60 f   sfc_mex:sfc_mex.obj
 0001:00039e50       sf_mex_createstructarray   000000018003ae50 f   sfc_mex:sfc_mex.obj
 0001:00039ed0       sf_mex_get_mx_datatype_from_sf_datatype 000000018003aed0 f   sfc_mex:sfc_mex.obj
 0001:0003a1e0       sf_mex_ml_var_sub          000000018003b1e0 f   sfc_mex:sfc_mex.obj
 0001:0003a3b0       sf_mex_ml_var_subsasgn     000000018003b3b0 f   sfc_mex:sfc_mex.obj
 0001:0003a7a0       sf_mex_sub                 000000018003b7a0 f   sfc_mex:sfc_mex.obj
 0001:0003a9a0       sf_mex_subsasgn            000000018003b9a0 f   sfc_mex:sfc_mex.obj
 0001:0003ae80       sf_mex_create              000000018003be80 f   sfc_mex:sfc_mex.obj
 0001:0003b8d0       sf_mex_import_named        000000018003c8d0 f   sfc_mex:sfc_mex.obj
 0001:0003b930       sf_mex_import              000000018003c930 f   sfc_mex:sfc_mex.obj
 0001:0003b980       sf_mex_import_vs           000000018003c980 f   sfc_mex:sfc_mex.obj
 0001:0003ba90       sf_mex_lower_fixpt_mx_array 000000018003ca90 f   sfc_mex:sfc_mex.obj
 0001:0003bd80       sf_send_message_wrapper    000000018003cd80 f   sfc_mex:sfc_sf.obj
 0001:0003bdb0       sf_receive_message_wrapper 000000018003cdb0 f   sfc_mex:sfc_sf.obj
 0001:0003bdf0       sf_check_out_message_wrapper 000000018003cdf0 f   sfc_mex:sfc_sf.obj
 0001:0003be30       sf_check_in_message_wrapper 000000018003ce30 f   sfc_mex:sfc_sf.obj
 0001:0003be70       sf_no_message_wrapper      000000018003ce70 f   sfc_mex:sfc_sf.obj
 0001:0003c200       sim_mode_is_rtw_gen        000000018003d200 f   sfc_mex:sfc_sf.obj
 0001:0003c230       sim_mode_is_external       000000018003d230 f   sfc_mex:sfc_sf.obj
 0001:0003c240       sim_mode_is_modelref_sim   000000018003d240 f   sfc_mex:sfc_sf.obj
 0001:0003c260       mdlInitializeSizes         000000018003d260 f   sfc_mex:sfc_sf.obj
 0001:0003c280       mdlInitializeSampleTimes   000000018003d280 f   sfc_mex:sfc_sf.obj
 0001:0003c2c0       mdlZeroCrossings           000000018003d2c0 f   sfc_mex:sfc_sf.obj
 0001:0003c3a0       mdlDerivatives             000000018003d3a0 f   sfc_mex:sfc_sf.obj
 0001:0003c450       mdl_initialize_conditions_processing 000000018003d450 f   sfc_mex:sfc_sf.obj
 0001:0003c480       mdlInitializeConditions    000000018003d480 f   sfc_mex:sfc_sf.obj
 0001:0003c540       mdlGetSimState             000000018003d540 f   sfc_mex:sfc_sf.obj
 0001:0003c550       mdlSetSimState             000000018003d550 f   sfc_mex:sfc_sf.obj
 0001:0003c560       mdl_ext_mode_exec_processing 000000018003d560 f   sfc_mex:sfc_sf.obj
 0001:0003c580       mdlExtModeExec             000000018003d580 f   sfc_mex:sfc_sf.obj
 0001:0003c710       mdlTerminate               000000018003d710 f   sfc_mex:sfc_sf.obj
 0001:0003c780       mdlRTW                     000000018003d780 f   sfc_mex:sfc_sf.obj
 0001:0003c7b0       mdlSetWorkWidths           000000018003d7b0 f   sfc_mex:sfc_sf.obj
 0001:0003c7c0       mdlProcessParameters       000000018003d7c0 f   sfc_mex:sfc_sf.obj
 0001:0003c7d0       mdl_start_processing       000000018003d7d0 f   sfc_mex:sfc_sf.obj
 0001:0003c810       mdlStart                   000000018003d810 f   sfc_mex:sfc_sf.obj
 0001:0003c900       mdlEnable                  000000018003d900 f   sfc_mex:sfc_sf.obj
 0001:0003c9d0       mdlDisable                 000000018003d9d0 f   sfc_mex:sfc_sf.obj
 0001:0003ca80       sf_get_chart_instance_ptr  000000018003da80 f   sfc_mex:sfc_sf.obj
 0001:0003caa0       sf_load_rtw_optimization_info 000000018003daa0 f   sfc_mex:sfc_sf.obj
 0001:0003cb70       sf_rtw_info_uint_prop      000000018003db70 f   sfc_mex:sfc_sf.obj
 0001:0003ccb0       sf_is_chart_inlinable      000000018003dcb0 f   sfc_mex:sfc_sf.obj
 0001:0003ccd0       sf_mark_output_events_with_multiple_callers 000000018003dcd0 f   sfc_mex:sfc_sf.obj
 0001:0003ce60       sf_mark_chart_reusable_outputs 000000018003de60 f   sfc_mex:sfc_sf.obj
 0001:0003d0c0       sf_mark_chart_expressionable_inputs 000000018003e0c0 f   sfc_mex:sfc_sf.obj
 0001:0003d320       sf_get_subchart_simstruct  000000018003e320 f   sfc_mex:sfc_sf.obj
 0001:0003d370       sf_get_fixpt_data_type_id  000000018003e370 f   sfc_mex:sfc_sf.obj
 0001:0003d3b0       sf_get_enum_data_type_id   000000018003e3b0 f   sfc_mex:sfc_sf.obj
 0001:0003d3f0       sf_get_param_data_type_id  000000018003e3f0 f   sfc_mex:sfc_sf.obj
 0001:0003d420       sf_mex_listen_for_ctrl_c_force 000000018003e420 f   sfc_mex:sfc_sf.obj
 0001:0003d530       sf_mex_draw_now            000000018003e530 f   sfc_mex:sfc_sf.obj
 0001:0003d570       sf_mex_set_debugger_sim_status_listener_fcn 000000018003e570 f   sfc_mex:sfc_sf.obj
 0001:0003d580       sf_mex_listen_for_ctrl_c   000000018003e580 f   sfc_mex:sfc_sf.obj
 0001:0003d610       sf_mex_get_sfun_param      000000018003e610 f   sfc_mex:sfc_sf.obj
 0001:0003d660       sf_get_runtime_param_data  000000018003e660 f   sfc_mex:sfc_sf.obj
 0001:0003d6a0       sf_call_output_fcn_call    000000018003e6a0 f   sfc_mex:sfc_sf.obj
 0001:0003d7e0       sf_call_output_fcn_enable  000000018003e7e0 f   sfc_mex:sfc_sf.obj
 0001:0003d870       sf_call_output_fcn_disable 000000018003e870 f   sfc_mex:sfc_sf.obj
 0001:0003d900       sf_clear_rtw_identifier    000000018003e900 f   sfc_mex:sfc_sf.obj
 0001:0003e0f0       sf_set_encoded_dwork_info  000000018003f0f0 f   sfc_mex:sfc_sf.obj
 0001:0003e140       sf_get_dwork_info_from_mat_file 000000018003f140 f   sfc_mex:sfc_sf.obj
 0001:0003e300       sf_set_rtw_dwork_info      000000018003f300 f   sfc_mex:sfc_sf.obj
 0001:0003e470       mdlOutputs                 000000018003f470 f   sfc_mex:sfc_sf.obj
 0001:0003e610       sf_debug_disp              000000018003f610 f   sfc_debug:sfcdebug.obj
 0001:0003e870       sf_debug_data_runtime_size_mismatch_error_check 000000018003f870 f   sfc_debug:sfcdebug.obj
 0001:0003e910       sf_debug_try_loading_machine 000000018003f910 f   sfc_debug:sfcdebug.obj
 0001:0003ea10       sf_debug_reset_current_state_configuration 000000018003fa10 f   sfc_debug:sfcdebug.obj
 0001:0003eaa0       sf_debug_store_current_state_configuration 000000018003faa0 f   sfc_debug:sfcdebug.obj
 0001:0003eb30       sf_debug_restore_previous_state_configuration 000000018003fb30 f   sfc_debug:sfcdebug.obj
 0001:0003ebc0       sf_debug_restore_previous_state_configuration2 000000018003fbc0 f   sfc_debug:sfcdebug.obj
 0001:0003ec50       sf_debug_get_event_scope   000000018003fc50 f   sfc_debug:sfcdebug.obj
 0001:0003edc0       use_debugger_step_animation 000000018003fdc0 f   sfc_debug:sfcdebug.obj
 0001:0003ede0       sf_debug_get_script_id     000000018003fde0 f   sfc_debug:sfcdebug.obj
 0001:0003ee70       sf_debug_set_script_translation 000000018003fe70 f   sfc_debug:sfcdebug.obj
 0001:0003eff0       sf_debug_extract_message_post_receive_info 000000018003fff0 f   sfc_debug:sfcdebug.obj
 0001:0003f0f0       sf_debug_get_current_machine_id 00000001800400f0 f   sfc_debug:sfcdebug.obj
 0001:0003f110       sf_debug_get_current_optional_integer 0000000180040110 f   sfc_debug:sfcdebug.obj
 0001:0003f120       sf_debug_get_current_machine_number 0000000180040120 f   sfc_debug:sfcdebug.obj
 0001:0003f140       sf_debug_get_current_machine_name 0000000180040140 f   sfc_debug:sfcdebug.obj
 0001:0003f160       sf_debug_get_current_chart_id 0000000180040160 f   sfc_debug:sfcdebug.obj
 0001:0003f1b0       sf_debug_get_current_chart_number 00000001800401b0 f   sfc_debug:sfcdebug.obj
 0001:0003f1c0       sf_debug_get_current_instance_number 00000001800401c0 f   sfc_debug:sfcdebug.obj
 0001:0003f1d0       sf_debug_get_current_is_minor_time_step 00000001800401d0 f   sfc_debug:sfcdebug.obj
 0001:0003f250       sf_debug_get_current_object_type 0000000180040250 f   sfc_debug:sfcdebug.obj
 0001:0003f260       sf_debug_get_current_instance_handle 0000000180040260 f   sfc_debug:sfcdebug.obj
 0001:0003f2c0       sf_debug_get_current_event_type 00000001800402c0 f   sfc_debug:sfcdebug.obj
 0001:0003f2d0       sf_debug_get_current_object_id 00000001800402d0 f   sfc_debug:sfcdebug.obj
 0001:0003f310       sf_debug_get_current_active_event_type 0000000180040310 f   sfc_debug:sfcdebug.obj
 0001:0003f320       sf_debug_get_current_active_event_id 0000000180040320 f   sfc_debug:sfcdebug.obj
 0001:0003f360       sf_debug_get_current_tag_type 0000000180040360 f   sfc_debug:sfcdebug.obj
 0001:0003f370       sf_debug_get_current_simulation_time 0000000180040370 f   sfc_debug:sfcdebug.obj
 0001:0003f380       sf_debug_get_current_coverage_percentage 0000000180040380 f   sfc_debug:sfcdebug.obj
 0001:0003f390       sf_debug_current_statement_context 0000000180040390 f   sfc_debug:sfcdebug.obj
 0001:0003f420       sf_debug_get_current_statement_info 0000000180040420 f   sfc_debug:sfcdebug.obj
 0001:0003f5a0       sf_debug_terminate_instance 00000001800405a0 f   sfc_debug:sfcdebug.obj
 0001:0003f8e0       sf_debug_assertion_failed  00000001800408e0 f   sfc_debug:sfcdebug.obj
 0001:0003fa90       sf_debug_set_number_of_data_with_change_event_for_machine 0000000180040a90 f   sfc_debug:sfcdebug.obj
 0001:0003fad0       sf_debug_set_machine_event_thresholds 0000000180040ad0 f   sfc_debug:sfcdebug.obj
 0001:0003faf0       sf_debug_set_machine_event_scope 0000000180040af0 f   sfc_debug:sfcdebug.obj
 0001:0003fb30       sf_debug_set_machine_data_thresholds 0000000180040b30 f   sfc_debug:sfcdebug.obj
 0001:0003fb70       sf_debug_set_machine_data_scope 0000000180040b70 f   sfc_debug:sfcdebug.obj
 0001:0003fc00       sf_debug_set_machine_data_name 0000000180040c00 f   sfc_debug:sfcdebug.obj
 0001:0003fca0       sf_debug_set_machine_data_size 0000000180040ca0 f   sfc_debug:sfcdebug.obj
 0001:0003fde0       sf_debug_set_machine_data_type 0000000180040de0 f   sfc_debug:sfcdebug.obj
 0001:0003ff50       sf_debug_get_chart_data_number 0000000180040f50 f   sfc_debug:sfcdebug.obj
 0001:0003ff70       sf_debug_get_chart_event_number 0000000180040f70 f   sfc_debug:sfcdebug.obj
 0001:0003ff90       sf_debug_set_chart_state_info 0000000180040f90 f   sfc_debug:sfcdebug.obj
 0001:00040010       sf_debug_set_chart_decomposition 0000000180041010 f   sfc_debug:sfcdebug.obj
 0001:00040080       sf_debug_set_chart_substate_count 0000000180041080 f   sfc_debug:sfcdebug.obj
 0001:00040160       sf_debug_set_chart_substate_index 0000000180041160 f   sfc_debug:sfcdebug.obj
 0001:000401d0       sf_debug_set_chart_state_substate_count 00000001800411d0 f   sfc_debug:sfcdebug.obj
 0001:000402e0       sf_debug_set_chart_state_substate_index 00000001800412e0 f   sfc_debug:sfcdebug.obj
 0001:00040360       sf_debug_set_number_of_data_with_change_event_for_chart 0000000180041360 f   sfc_debug:sfcdebug.obj
 0001:000403e0       sf_debug_set_number_of_states_with_entry_event_for_chart 00000001800413e0 f   sfc_debug:sfcdebug.obj
 0001:00040450       sf_debug_set_number_of_states_with_exit_event_for_chart 0000000180041450 f   sfc_debug:sfcdebug.obj
 0001:000404c0       sf_debug_set_chart_disable_implicit_casting 00000001800414c0 f   sfc_debug:sfcdebug.obj
 0001:00040530       sf_debug_set_chart_event_thresholds 0000000180041530 f   sfc_debug:sfcdebug.obj
 0001:000405a0       sf_debug_set_chart_data_compiled_props 00000001800415a0 f   sfc_debug:sfcdebug.obj
 0001:000408f0       sf_debug_set_chart_data_props 00000001800418f0 f   sfc_debug:sfcdebug.obj
 0001:00040c10       sf_debug_check_fi_license  0000000180041c10 f   sfc_debug:sfcdebug.obj
 0001:00040e00       sf_debug_symbol_scope_push 0000000180041e00 f   sfc_debug:sfcdebug.obj
 0001:00040e40       sf_debug_symbol_scope_push_eml 0000000180041e40 f   sfc_debug:sfcdebug.obj
 0001:00040e90       sf_debug_symbol_scope_pop  0000000180041e90 f   sfc_debug:sfcdebug.obj
 0001:00040ed0       sf_debug_symbol_scope_add_importable 0000000180041ed0 f   sfc_debug:sfcdebug.obj
 0001:00040f50       sf_debug_symbol_scope_add  0000000180041f50 f   sfc_debug:sfcdebug.obj
 0001:00040fd0       sf_debug_symbol_scope_add_dyn_importable 0000000180041fd0 f   sfc_debug:sfcdebug.obj
 0001:00041090       sf_debug_symbol_scope_add_dyn 0000000180042090 f   sfc_debug:sfcdebug.obj
 0001:000410c0       sf_debug_symbol_scope_add_eml_importable 00000001800420c0 f   sfc_debug:sfcdebug.obj
 0001:00041100       sf_debug_symbol_scope_add_eml 0000000180042100 f   sfc_debug:sfcdebug.obj
 0001:00041140       sf_debug_symbol_scope_add_eml_dyn_importable 0000000180042140 f   sfc_debug:sfcdebug.obj
 0001:000411b0       sf_debug_symbol_scope_add_eml_dyn 00000001800421b0 f   sfc_debug:sfcdebug.obj
 0001:00041210       sf_debug_symbol_switch     0000000180042210 f   sfc_debug:sfcdebug.obj
 0001:00041230       sf_debug_symbol_scope_add_verbose 0000000180042230 f   sfc_debug:sfcdebug.obj
 0001:00041300       sf_debug_set_machine_data_value_ptr 0000000180042300 f   sfc_debug:sfcdebug.obj
 0001:00041340       sf_debug_set_instance_data_value_ptr 0000000180042340 f   sfc_debug:sfcdebug.obj
 0001:00041400       sf_debug_unset_instance_data_value_ptr 0000000180042400 f   sfc_debug:sfcdebug.obj
 0001:000414b0       sf_debug_set_chart_event_scope 00000001800424b0 f   sfc_debug:sfcdebug.obj
 0001:00041530       sf_debug_set_chart_transition_coverage_maps 0000000180042530 f   sfc_debug:sfcdebug.obj
 0001:00041640       sf_debug_set_chart_state_coverage_maps 0000000180042640 f   sfc_debug:sfcdebug.obj
 0001:00041720       sf_debug_set_instance_transition_coverage_weights 0000000180042720 f   sfc_debug:sfcdebug.obj
 0001:000417c0       sf_debug_set_instance_state_coverage_weights 00000001800427c0 f   sfc_debug:sfcdebug.obj
 0001:00041a10       sf_debug_unload_machine    0000000180042a10 f   sfc_debug:sfcdebug.obj
 0001:00041a60       sf_debug_load_machine      0000000180042a60 f   sfc_debug:sfcdebug.obj
 0001:00041b60       sf_debug_set_active_instance_in_data_dictionary 0000000180042b60 f   sfc_debug:sfcdebug.obj
 0001:00041d40       sf_debug_set_active_instance 0000000180042d40 f   sfc_debug:sfcdebug.obj
 0001:00041e80       sf_debug_chart_visiblity_change 0000000180042e80 f   sfc_debug:sfcdebug.obj
 0001:00041f60       sf_debug_select_chart      0000000180042f60 f   sfc_debug:sfcdebug.obj
 0001:00042030       sf_debug_set_instance_cv_ids 0000000180043030 f   sfc_debug:sfcdebug.obj
 0001:00042340       sf_debug_select_charts     0000000180043340 f   sfc_debug:sfcdebug.obj
 0001:00042480       sf_debug_initialized       0000000180043480 f   sfc_debug:sfcdebug.obj
 0001:00042490       sf_debug_is_uninterruptible 0000000180043490 f   sfc_debug:sfcdebug.obj
 0001:000424c0       sf_debug_initialize_debugger_gui 00000001800434c0 f   sfc_debug:sfcdebug.obj
 0001:000428b0       sf_debug_resume            00000001800438b0 f   sfc_debug:sfcdebug.obj
 0001:000428d0       sf_debug_go                00000001800438d0 f   sfc_debug:sfcdebug.obj
 0001:000428e0       sf_debug_break             00000001800438e0 f   sfc_debug:sfcdebug.obj
 0001:000428f0       sf_debug_step_over         00000001800438f0 f   sfc_debug:sfcdebug.obj
 0001:00042900       sf_debug_step_out          0000000180043900 f   sfc_debug:sfcdebug.obj
 0001:00042910       sf_debug_set_disable_all_breakpoints 0000000180043910 f   sfc_debug:sfcdebug.obj
 0001:00042920       sf_debug_disable_all_breakpoints_and_go 0000000180043920 f   sfc_debug:sfcdebug.obj
 0001:00042930       sf_debug_break_on_chart_entry 0000000180043930 f   sfc_debug:sfcdebug.obj
 0001:00042940       sf_debug_break_on_event_broadcast 0000000180043940 f   sfc_debug:sfcdebug.obj
 0001:00042950       sf_debug_break_on_state_entry 0000000180043950 f   sfc_debug:sfcdebug.obj
 0001:00042960       sf_debug_break_between_times 0000000180043960 f   sfc_debug:sfcdebug.obj
 0001:00042980       sf_debug_browse_data       0000000180043980 f   sfc_debug:sfcdebug.obj
 0001:000429a0       sf_debug_watch_data        00000001800439a0 f   sfc_debug:sfcdebug.obj
 0001:000429c0       sf_debug_assign_data       00000001800439c0 f   sfc_debug:sfcdebug.obj
 0001:000429e0       sf_debug_whos              00000001800439e0 f   sfc_debug:sfcdebug.obj
 0001:00042a00       sf_debug_get_consistency_info 0000000180043a00 f   sfc_debug:sfcdebug.obj
 0001:00042a10       sf_debug_browse_trace      0000000180043a10 f   sfc_debug:sfcdebug.obj
 0001:00042a20       sf_debug_set_breakpoints   0000000180043a20 f   sfc_debug:sfcdebug.obj
 0001:00042b80       sf_debug_set_eml_breakpoints 0000000180043b80 f   sfc_debug:sfcdebug.obj
 0001:00042ce0       sf_debug_set_script_breakpoints 0000000180043ce0 f   sfc_debug:sfcdebug.obj
 0001:00042d60       sf_debug_add_script_breakpoints 0000000180043d60 f   sfc_debug:sfcdebug.obj
 0001:00042dd0       sf_debug_clear_script_breakpoints 0000000180043dd0 f   sfc_debug:sfcdebug.obj
 0001:00042e40       sf_debug_query_script_breakpoints 0000000180043e40 f   sfc_debug:sfcdebug.obj
 0001:00042f00       sf_debug_get_eml_script_id 0000000180043f00 f   sfc_debug:sfcdebug.obj
 0001:00042f50       sf_debug_set_watch         0000000180043f50 f   sfc_debug:sfcdebug.obj
 0001:00043180       sf_debug_get_instance_handle 0000000180044180 f   sfc_debug:sfcdebug.obj
 0001:00043210       sf_debug_get_active_states 0000000180044210 f   sfc_debug:sfcdebug.obj
 0001:00043220       sf_debug_get_animation     0000000180044220 f   sfc_debug:sfcdebug.obj
 0001:00043230       sf_debug_set_animation     0000000180044230 f   sfc_debug:sfcdebug.obj
 0001:00043240       sf_debug_animate           0000000180044240 f   sfc_debug:sfcdebug.obj
 0001:00043270       sf_debug_cycle_detection_check 0000000180044270 f   sfc_debug:sfcdebug.obj
 0001:00043280       sf_debug_data_range_check  0000000180044280 f   sfc_debug:sfcdebug.obj
 0001:00043290       sf_debug_transition_conflict_check 0000000180044290 f   sfc_debug:sfcdebug.obj
 0001:000432a0       sf_debug_state_consistency_check 00000001800442a0 f   sfc_debug:sfcdebug.obj
 0001:000432b0       sf_debug_data_range_check_enabled 00000001800442b0 f   sfc_debug:sfcdebug.obj
 0001:000432d0       sf_debug_transition_conflict_check_enabled 00000001800442d0 f   sfc_debug:sfcdebug.obj
 0001:000432f0       sf_debug_transition_conflict_check_begin 00000001800442f0 f   sfc_debug:sfcdebug.obj
 0001:00043310       sf_debug_transition_conflict_check_end 0000000180044310 f   sfc_debug:sfcdebug.obj
 0001:00043330       sf_debug_stop_debugging    0000000180044330 f   sfc_debug:sfcdebug.obj
 0001:00043360       sf_debug_is_cycle_detected 0000000180044360 f   sfc_debug:sfcdebug.obj
 0001:00043370       sf_debug_is_array_bounds_detected 0000000180044370 f   sfc_debug:sfcdebug.obj
 0001:00043380       sf_debug_get_state_vectors_data_size 0000000180044380 f   sfc_debug:sfcdebug.obj
 0001:000433c0       sf_debug_get_state_vectors_data 00000001800443c0 f   sfc_debug:sfcdebug.obj
 0001:000434c0       sf_debug_set_state_vectors_data 00000001800444c0 f   sfc_debug:sfcdebug.obj
 0001:00043780       sf_debug_get_script_index  0000000180044780 f   sfc_debug:sfcdebug.obj
 0001:00043910       sf_debug_add_script        0000000180044910 f   sfc_debug:sfcdebug.obj
 0001:00043aa0       cv_eval_point              0000000180044aa0 f   sfc_debug:sfcdebug.obj
 0001:00043c10       cv_eval_testobjective      0000000180044c10 f   sfc_debug:sfcdebug.obj
 0001:00043d30       sf_debug_cv_init_state     0000000180044d30 f   sfc_debug:sfcdebug.obj
 0001:00043e50       sf_debug_cv_init_chart     0000000180044e50 f   sfc_debug:sfcdebug.obj
 0001:00043f30       sf_debug_cv_init_trans     0000000180044f30 f   sfc_debug:sfcdebug.obj
 0001:00044030       sf_debug_cv_init_testobjectives 0000000180045030 f   sfc_debug:sfcdebug.obj
 0001:00044210       cv_eml_init_script         0000000180045210 f   sfc_debug:sfcdebug.obj
 0001:00044310       cv_eml_init_fcn            0000000180045310 f   sfc_debug:sfcdebug.obj
 0001:000443c0       cv_eml_init_testobjective  00000001800453c0 f   sfc_debug:sfcdebug.obj
 0001:00044490       cv_eml_init_if             0000000180045490 f   sfc_debug:sfcdebug.obj
 0001:00044560       cv_eml_init_for            0000000180045560 f   sfc_debug:sfcdebug.obj
 0001:00044620       cv_eml_init_while          0000000180045620 f   sfc_debug:sfcdebug.obj
 0001:000446e0       cv_eml_init_mcdc           00000001800456e0 f   sfc_debug:sfcdebug.obj
 0001:000447f0       cv_eml_init_switch         00000001800457f0 f   sfc_debug:sfcdebug.obj
 0001:000448e0       cv_eml_eval                00000001800458e0 f   sfc_debug:sfcdebug.obj
 0001:000449c0       sf_debug_bm_is_a_eml_breakpoint 00000001800459c0 f   sfc_debug:sfcdebug.obj
 0001:00044b10       sf_debug_temporal_threshold 0000000180045b10 f   sfc_debug:sfcdebug.obj
 0001:00044e70       sf_debug_transition_conflict_error 0000000180045e70 f   sfc_debug:sfcdebug.obj
 0001:000451f0       sf_debug_state_inconsistency_error 00000001800461f0 f   sfc_debug:sfcdebug.obj
 0001:00045310       sf_debug_check_for_state_inconsistency 0000000180046310 f   sfc_debug:sfcdebug.obj
 0001:00045340       sf_debug_cycle_detecton_error 0000000180046340 f   sfc_debug:sfcdebug.obj
 0001:00045b30       sf_debug_size_eq_check_1d  0000000180046b30 f   sfc_debug:sfcdebug.obj
 0001:00045b50       sf_debug_size_eq_check_nd  0000000180046b50 f   sfc_debug:sfcdebug.obj
 0001:00045d30       sf_debug_dim_size_eq_check 0000000180046d30 f   sfc_debug:sfcdebug.obj
 0001:00045d60       sf_debug_dim_size_geq_check 0000000180046d60 f   sfc_debug:sfcdebug.obj
 0001:00045d90       sf_debug_sub_assign_size_check_nd 0000000180046d90 f   sfc_debug:sfcdebug.obj
 0001:00045fd0       sf_debug_matrix_matrix_index_check 0000000180046fd0 f   sfc_debug:sfcdebug.obj
 0001:00046000       sf_debug_vector_vector_index_check 0000000180047000 f   sfc_debug:sfcdebug.obj
 0001:00046030       sf_debug_for_loop_vector_check 0000000180047030 f   sfc_debug:sfcdebug.obj
 0001:000460b0       sf_debug_runtime_error_msgid 00000001800470b0 f   sfc_debug:sfcdebug.obj
 0001:00046140       sf_debug_data_array_bounds_error_check 0000000180047140 f   sfc_debug:sfcdebug.obj
 0001:00046250       sf_debug_eml_data_array_bounds_error_check 0000000180047250 f   sfc_debug:sfcdebug.obj
 0001:00046730       sf_debug_integer_check     0000000180047730 f   sfc_debug:sfcdebug.obj
 0001:00046810       sf_debug_not_nan_check     0000000180047810 f   sfc_debug:sfcdebug.obj
 0001:000468d0       sf_debug_non_negative_check 00000001800478d0 f   sfc_debug:sfcdebug.obj
 0001:00046990       sf_debug_overflow_detection 0000000180047990 f   sfc_debug:sfcdebug.obj
 0001:00047080       sf_debug_cast_to_real32_T  0000000180048080 f   sfc_debug:sfcdebug.obj
 0001:00047140       sf_debug_cast_to_int8_T    0000000180048140 f   sfc_debug:sfcdebug.obj
 0001:00047200       sf_debug_cast_to_uint8_T   0000000180048200 f   sfc_debug:sfcdebug.obj
 0001:000472c0       sf_debug_cast_to_int16_T   00000001800482c0 f   sfc_debug:sfcdebug.obj
 0001:00047380       sf_debug_cast_to_uint16_T  0000000180048380 f   sfc_debug:sfcdebug.obj
 0001:00047440       sf_debug_cast_to_int32_T   0000000180048440 f   sfc_debug:sfcdebug.obj
 0001:00047500       sf_debug_cast_to_uint32_T  0000000180048500 f   sfc_debug:sfcdebug.obj
 0001:000475c0       sf_debug_data_range_error  00000001800485c0 f   sfc_debug:sfcdebug.obj
 0001:00047910       sf_debug_read_before_write_check 0000000180048910 f   sfc_debug:sfcdebug.obj
 0001:00047d00       sf_debug_data_range_error_wrapper_min_max 0000000180048d00 f   sfc_debug:sfcdebug.obj
 0001:00047df0       sf_debug_data_range_error_wrapper_min 0000000180048df0 f   sfc_debug:sfcdebug.obj
 0001:00047ed0       sf_debug_data_range_error_wrapper_max 0000000180048ed0 f   sfc_debug:sfcdebug.obj
 0001:00047fb0       sf_debug_data_range_wrapper 0000000180048fb0 f   sfc_debug:sfcdebug.obj
 0001:00048060       sf_debug_set_current_status_info 0000000180049060 f   sfc_debug:sfcdebug.obj
 0001:00048410       sf_debug_register_message_post_receive_info 0000000180049410 f   sfc_debug:sfcdebug.obj
 0001:00048680       sf_debug_call              0000000180049680 f   sfc_debug:sfcdebug.obj
 0001:00049540       sf_debug_initialize_machine 000000018004a540 f   sfc_debug:sfcdebug.obj
 0001:00049850       sf_debug_initialize_chart  000000018004a850 f   sfc_debug:sfcdebug.obj
 0001:00049d30       sf_debug_ensure_script     000000018004ad30 f   sfc_debug:sfcdebug.obj
 0001:00049df0       cv_script_init_script      000000018004adf0 f   sfc_debug:sfcdebug.obj
 0001:00049ed0       cv_script_init_fcn         000000018004aed0 f   sfc_debug:sfcdebug.obj
 0001:00049f80       cv_script_init_testobjective 000000018004af80 f   sfc_debug:sfcdebug.obj
 0001:0004a030       cv_script_init_if          000000018004b030 f   sfc_debug:sfcdebug.obj
 0001:0004a0e0       cv_script_init_for         000000018004b0e0 f   sfc_debug:sfcdebug.obj
 0001:0004a190       cv_script_init_while       000000018004b190 f   sfc_debug:sfcdebug.obj
 0001:0004a240       cv_script_init_mcdc        000000018004b240 f   sfc_debug:sfcdebug.obj
 0001:0004a340       cv_script_init_switch      000000018004b340 f   sfc_debug:sfcdebug.obj
 0001:0004a420       cv_script_eval             000000018004b420 f   sfc_debug:sfcdebug.obj
 0001:0004a500       eml_debug_line_call        000000018004b500 f   sfc_debug:sfcdebug.obj
 0001:0004a6b0       sf_debug_terminate         000000018004b6b0 f   sfc_debug:sfcdebug.obj
 0001:0004a820       sf_debug_set_script_cv_ids 000000018004b820 f   sfc_debug:sfcdebug.obj
 0001:0004a950       sf_debug_api               000000018004b950 f   sfc_debug:sfc_api.obj
 0001:0004c130       sf_debug_sm_terminate      000000018004d130 f   sfc_debug:sfdb_animation.obj
 0001:0004c2f0       sf_debug_reset_path_objects 000000018004d2f0 f   sfc_debug:sfdb_animation.obj
 0001:0004c370       sf_debug_sm_reset_object_selection_status 000000018004d370 f   sfc_debug:sfdb_animation.obj
 0001:0004c410       sf_debug_sm_reset_state_buffer 000000018004d410 f   sfc_debug:sfdb_animation.obj
 0001:0004c4e0       sf_debug_sm_store_state_buffer 000000018004d4e0 f   sfc_debug:sfdb_animation.obj
 0001:0004c560       sf_debug_sm_restore_state_buffer1 000000018004d560 f   sfc_debug:sfdb_animation.obj
 0001:0004c5d0       sf_debug_sm_restore_state_buffer2 000000018004d5d0 f   sfc_debug:sfdb_animation.obj
 0001:0004c640       sf_debug_sm_chart_active   000000018004d640 f   sfc_debug:sfdb_animation.obj
 0001:0004c690       sf_debug_sm_select_active_objects 000000018004d690 f   sfc_debug:sfdb_animation.obj
 0001:0004cb40       sf_debug_sm_is_chart_active 000000018004db40 f   sfc_debug:sfdb_animation.obj
 0001:0004cb80       sf_debug_sm_is_state_active 000000018004db80 f   sfc_debug:sfdb_animation.obj
 0001:0004cdc0       sf_debug_sm_get_active_states 000000018004ddc0 f   sfc_debug:sfdb_animation.obj
 0001:0004d380       sf_debug_sm_initialize_instance 000000018004e380 f   sfc_debug:sfdb_animation.obj
 0001:0004d5d0       sf_debug_sm_change_object_selection_status 000000018004e5d0 f   sfc_debug:sfdb_animation.obj
 0001:0004d8c0       cv_create_interface        000000018004e8c0 f   sfc_debug:cv_sfinterface.obj
 0001:0004dc20       cv_init_trans              000000018004ec20 f   sfc_debug:cv_sfinterface.obj
 0001:0004dc70       cv_init_testobjective      000000018004ec70 f   sfc_debug:cv_sfinterface.obj
 0001:0004dcb0       cv_init_state              000000018004ecb0 f   sfc_debug:cv_sfinterface.obj
 0001:0004dd20       cv_init_chart              000000018004ed20 f   sfc_debug:cv_sfinterface.obj
 0001:0004dd70       cv_dec_update_call         000000018004ed70 f   sfc_debug:cv_sfinterface.obj
 0001:0004ddb0       cv_cond_update_call        000000018004edb0 f   sfc_debug:cv_sfinterface.obj
 0001:0004ddf0       cv_testobjective_update_call 000000018004edf0 f   sfc_debug:cv_sfinterface.obj
 0001:0004de30       cv_sigrange_update         000000018004ee30 f   sfc_debug:cv_sfinterface.obj
 0001:0004de70       cvsf_eml_eval              000000018004ee70 f   sfc_debug:cv_sfinterface.obj
 0001:0004df50       cvsf_eml_init_script       000000018004ef50 f   sfc_debug:cv_sfinterface.obj
 0001:0004dfd0       cvsf_eml_init_fcn          000000018004efd0 f   sfc_debug:cv_sfinterface.obj
 0001:0004e030       cvsf_eml_init_testobjective 000000018004f030 f   sfc_debug:cv_sfinterface.obj
 0001:0004e090       cvsf_eml_init_if           000000018004f090 f   sfc_debug:cv_sfinterface.obj
 0001:0004e0f0       cvsf_eml_init_for          000000018004f0f0 f   sfc_debug:cv_sfinterface.obj
 0001:0004e140       cvsf_eml_init_while        000000018004f140 f   sfc_debug:cv_sfinterface.obj
 0001:0004e190       cvsf_eml_init_mcdc         000000018004f190 f   sfc_debug:cv_sfinterface.obj
 0001:0004e220       cvsf_eml_init_switch       000000018004f220 f   sfc_debug:cv_sfinterface.obj
 0001:0004e290       cvsf_script_eval           000000018004f290 f   sfc_debug:cv_sfinterface.obj
 0001:0004e370       cvsf_script_init_script    000000018004f370 f   sfc_debug:cv_sfinterface.obj
 0001:0004e3f0       cvsf_script_init_fcn       000000018004f3f0 f   sfc_debug:cv_sfinterface.obj
 0001:0004e450       cvsf_script_init_testobjective 000000018004f450 f   sfc_debug:cv_sfinterface.obj
 0001:0004e4b0       cvsf_script_init_if        000000018004f4b0 f   sfc_debug:cv_sfinterface.obj
 0001:0004e510       cvsf_script_init_for       000000018004f510 f   sfc_debug:cv_sfinterface.obj
 0001:0004e560       cvsf_script_init_while     000000018004f560 f   sfc_debug:cv_sfinterface.obj
 0001:0004e5b0       cvsf_script_init_mcdc      000000018004f5b0 f   sfc_debug:cv_sfinterface.obj
 0001:0004e640       cvsf_script_init_switch    000000018004f640 f   sfc_debug:cv_sfinterface.obj
 0001:0004e6b0       cv_destroy_interface       000000018004f6b0 f   sfc_debug:cv_sfinterface.obj
 0001:0004e6d0       cv_create_instance_objects 000000018004f6d0 f   sfc_debug:cv_sfinterface.obj
 0001:0004eb80       cv_is_enabled              000000018004fb80 f   sfc_debug:cv_sfinterface.obj
 0001:0004eb90       sf_debug_cv_initialize_script 000000018004fb90 f   sfc_debug:cv_sfinterface.obj
 0001:0004ed40       sf_debug_cv_initialize_instance 000000018004fd40 f   sfc_debug:cv_sfinterface.obj
 0001:0004f0e0       sf_debug_cv_terminate_chart 00000001800500e0 f   sfc_debug:cv_sfinterface.obj
 0001:0004f220       cv_call_trans_test         0000000180050220 f   sfc_debug:cv_sfinterface.obj
 0001:0004f230       cv_call_sub_cond_test      0000000180050230 f   sfc_debug:cv_sfinterface.obj
 0001:0004f270       sf_debug_st_initialize_machine 0000000180050270 f   sfc_debug:sfdb_data_browse.obj
 0001:0004f330       sf_debug_st_initialize_instance 0000000180050330 f   sfc_debug:sfdb_data_browse.obj
 0001:0004f560       sf_debug_st_terminate      0000000180050560 f   sfc_debug:sfdb_data_browse.obj
 0001:0004f900       sf_debug_st_set_data_value_ptr_in_machine 0000000180050900 f   sfc_debug:sfdb_data_browse.obj
 0001:0004f990       sf_debug_st_set_data_value_ptr_in_instance 0000000180050990 f   sfc_debug:sfdb_data_browse.obj
 0001:0004fa70       sf_debug_st_unset_data_value_ptr_in_machine 0000000180050a70 f   sfc_debug:sfdb_data_browse.obj
 0001:0004fae0       sf_debug_st_unset_data_value_ptr_in_instance 0000000180050ae0 f   sfc_debug:sfdb_data_browse.obj
 0001:0004fdf0       sf_debug_mx_value          0000000180050df0 f   sfc_debug:sfdb_data_browse.obj
 0001:0004fe50       sf_debug_mx_packed_vector  0000000180050e50 f   sfc_debug:sfdb_data_browse.obj
 0001:0004ff30       sf_debug_mx_uint_vector    0000000180050f30 f   sfc_debug:sfdb_data_browse.obj
 0001:0004fff0       sf_debug_st_get_double_value_from_void_ptr_vector 0000000180050ff0 f   sfc_debug:sfdb_data_browse.obj
 0001:00050ae0       sf_debug_st_browse_data    0000000180051ae0 f   sfc_debug:sfdb_data_browse.obj
 0001:00051370       sf_debug_hm_initialize_instance 0000000180052370 f   sfc_debug:sfdb_handle_management.obj
 0001:000518f0       sf_debug_hm_get_object_id  00000001800528f0 f   sfc_debug:sfdb_handle_management.obj
 0001:00053860       sf_debug_object_is_eml_function 0000000180054860 f   sfc_debug:sfdb_handle_management.obj
 0001:000538d0       sf_debug_hm_initialize_ids_in_machine 00000001800548d0 f   sfc_debug:sfdb_handle_management.obj
 0001:00053a40       sf_debug_hm_initialize_ids_in_chart 0000000180054a40 f   sfc_debug:sfdb_handle_management.obj
 0001:00053b80       sf_debug_hm_initialize_chart 0000000180054b80 f   sfc_debug:sfdb_handle_management.obj
 0001:00054330       sf_debug_hm_terminate      0000000180055330 f   sfc_debug:sfdb_handle_management.obj
 0001:00054390       sf_debug_hm_initialize_machine 0000000180055390 f   sfc_debug:sfdb_handle_management.obj
 0001:00054b40       sf_debug_ss_initialize     0000000180055b40 f   sfc_debug:sfdb_symbol_scope.obj
 0001:00054b60       sf_debug_ss_terminate      0000000180055b60 f   sfc_debug:sfdb_symbol_scope.obj
 0001:00054bf0       sf_debug_ss_push_symbol_scope 0000000180055bf0 f   sfc_debug:sfdb_symbol_scope.obj
 0001:00054cf0       sf_debug_ss_push_symbol_scope_eml 0000000180055cf0 f   sfc_debug:sfdb_symbol_scope.obj
 0001:00054d50       sf_debug_ss_pop_symbol_scope 0000000180055d50 f   sfc_debug:sfdb_symbol_scope.obj
 0001:00054e00       sf_debug_ss_add_symbol     0000000180055e00 f   sfc_debug:sfdb_symbol_scope.obj
 0001:00054f60       sf_debug_ss_add_symbol_eml 0000000180055f60 f   sfc_debug:sfdb_symbol_scope.obj
 0001:00055c40       sf_debug_ss_set_data_value 0000000180056c40 f   sfc_debug:sfdb_symbol_scope.obj
 0001:000560e0       sf_debug_ss_watch_data     00000001800570e0 f   sfc_debug:sfdb_symbol_scope.obj
 0001:00056180       sf_debug_ss_assign_data    0000000180057180 f   sfc_debug:sfdb_symbol_scope.obj
 0001:00056b80       get_data_entry_name        0000000180057b80 f   sfc_debug:sfdb_symbol_scope.obj
 0001:00056bd0       sf_debug_ss_whos           0000000180057bd0 f   sfc_debug:sfdb_symbol_scope.obj
 0001:000572e0       sf_debug_cc_initialize_chart 00000001800582e0 f   sfc_debug:sfdb_coverage.obj
 0001:00057cd0       sf_debug_cc_initialize_instance 0000000180058cd0 f   sfc_debug:sfdb_coverage.obj
 0001:00058ad0       sf_debug_cc_terminate      0000000180059ad0 f   sfc_debug:sfdb_coverage.obj
 0001:00058bc0       sf_debug_cc_set_transition_maps 0000000180059bc0 f   sfc_debug:sfdb_coverage.obj
 0001:00058cf0       sf_debug_cc_set_state_maps 0000000180059cf0 f   sfc_debug:sfdb_coverage.obj
 0001:00058dd0       sf_debug_cc_set_transition_weights 0000000180059dd0 f   sfc_debug:sfdb_coverage.obj
 0001:000590a0       sf_debug_cc_set_state_weights 000000018005a0a0 f   sfc_debug:sfdb_coverage.obj
 0001:00059370       sf_debug_cc_mark_transition_guard 000000018005a370 f   sfc_debug:sfdb_coverage.obj
 0001:00059400       sf_debug_cc_mark_transition_trigger 000000018005a400 f   sfc_debug:sfdb_coverage.obj
 0001:00059490       sf_debug_cc_mark_transition_decision 000000018005a490 f   sfc_debug:sfdb_coverage.obj
 0001:00059500       sf_debug_cc_mark_transition_condition_action 000000018005a500 f   sfc_debug:sfdb_coverage.obj
 0001:00059550       sf_debug_cc_mark_transition_transition_action 000000018005a550 f   sfc_debug:sfdb_coverage.obj
 0001:000595a0       sf_debug_cc_mark_state_entry 000000018005a5a0 f   sfc_debug:sfdb_coverage.obj
 0001:000595f0       sf_debug_cc_mark_state_during 000000018005a5f0 f   sfc_debug:sfdb_coverage.obj
 0001:00059640       sf_debug_cc_mark_state_exit 000000018005a640 f   sfc_debug:sfdb_coverage.obj
 0001:00059690       sf_debug_bm_clear_script_breakpoints 000000018005a690 f   sfc_debug:sfdb_breakpoints.obj
 0001:000596c0       sf_debug_bm_set_script_breakpoint 000000018005a6c0 f   sfc_debug:sfdb_breakpoints.obj
 0001:00059740       sf_debug_bm_clear_single_script_breakpoint 000000018005a740 f   sfc_debug:sfdb_breakpoints.obj
 0001:000597c0       sf_debug_bm_query_script_breakpoint 000000018005a7c0 f   sfc_debug:sfdb_breakpoints.obj
 0001:00059810       sf_debug_bm_initialize_scripts 000000018005a810 f   sfc_debug:sfdb_breakpoints.obj
 0001:00059f30       sf_debug_bm_terminate      000000018005af30 f   sfc_debug:sfdb_breakpoints.obj
 0001:0005a220       sf_debug_bm_remove_all_breakpoints_in_machine 000000018005b220 f   sfc_debug:sfdb_breakpoints.obj
 0001:0005a290       sf_debug_bm_remove_all_breakpoints_in_chart 000000018005b290 f   sfc_debug:sfdb_breakpoints.obj
 0001:0005a3e0       sf_debug_bm_initialize_global_breakpoints 000000018005b3e0 f   sfc_debug:sfdb_breakpoints.obj
 0001:0005a560       sf_debug_bm_set_breakpoint 000000018005b560 f   sfc_debug:sfdb_breakpoints.obj
 0001:0005ab90       sf_debug_bm_set_eml_breakpoint 000000018005bb90 f   sfc_debug:sfdb_breakpoints.obj
 0001:0005ac30       sf_debug_bm_initialize_machine_breakpoint_map 000000018005bc30 f   sfc_debug:sfdb_breakpoints.obj
 0001:0005b050       sf_debug_bm_is_a_breakpoint 000000018005c050 f   sfc_debug:sfdb_breakpoints.obj
 0001:0005b570       sf_debug_bm_get_all_breakpoints_in_machine 000000018005c570 f   sfc_debug:sfdb_breakpoints.obj
 0001:0005b870       sf_debug_bm_get_all_breakpoints_in_chart 000000018005c870 f   sfc_debug:sfdb_breakpoints.obj
 0001:0005c530       sf_debug_bm_initialize_machine 000000018005d530 f   sfc_debug:sfdb_breakpoints.obj
 0001:0005c600       sf_debug_bm_initialize_chart 000000018005d600 f   sfc_debug:sfdb_breakpoints.obj
 0001:0005ca20       sf_debug_sc_terminate      000000018005da20 f   sfc_debug:sfdb_state_consistency.obj
 0001:0005cd50       sf_debug_sc_is_chart_consistent 000000018005dd50 f   sfc_debug:sfdb_state_consistency.obj
 0001:0005d000       sf_debug_sc_get_consistency_error_info 000000018005e000 f   sfc_debug:sfdb_state_consistency.obj
 0001:0005d450       sf_debug_tm_terminate      000000018005e450 f   sfc_debug:sfdb_call_stack.obj
 0001:0005d510       sf_debug_tm_push_chart_instance 000000018005e510 f   sfc_debug:sfdb_call_stack.obj
 0001:0005d660       sf_debug_tm_pop_chart_instance 000000018005e660 f   sfc_debug:sfdb_call_stack.obj
 0001:0005d6c0       sf_debug_tm_push_trace_node 000000018005e6c0 f   sfc_debug:sfdb_call_stack.obj
 0001:0005d850       sf_debug_tm_pop_trace_node 000000018005e850 f   sfc_debug:sfdb_call_stack.obj
 0001:0005d8d0       sf_debug_tm_get_current_global_trace_index 000000018005e8d0 f   sfc_debug:sfdb_call_stack.obj
 0001:0005d8e0       sf_debug_tm_get_current_local_trace_index 000000018005e8e0 f   sfc_debug:sfdb_call_stack.obj
 0001:0005d910       sf_debug_tm_set_cycle_detected_flag 000000018005e910 f   sfc_debug:sfdb_call_stack.obj
 0001:0005d950       sf_debug_tm_set_cycle_started_flag 000000018005e950 f   sfc_debug:sfdb_call_stack.obj
 0001:0005d990       sf_debug_tm_get_chart_number_from_stack 000000018005e990 f   sfc_debug:sfdb_call_stack.obj
 0001:0005db90       sf_debug_tm_browse_trace   000000018005eb90 f   sfc_debug:sfdb_call_stack.obj
 0001:0005ded0       sf_debug_cd_initialize_instance 000000018005eed0 f   sfc_debug:sfdb_cycle_detection.obj
 0001:0005e180       sf_debug_cd_mark_processed_transition_in_instance 000000018005f180 f   sfc_debug:sfdb_cycle_detection.obj
 0001:0005e220       sf_debug_cd_checksum_push  000000018005f220 f   sfc_debug:sfdb_cycle_detection.obj
 0001:0005e4e0       sf_debug_cd_checksum_pop   000000018005f4e0 f   sfc_debug:sfdb_cycle_detection.obj
 0001:0005e550       sf_debug_cd_turn_off_cycle_detection 000000018005f550 f   sfc_debug:sfdb_cycle_detection.obj
 0001:0005e5a0       sf_debug_cd_terminate      000000018005f5a0 f   sfc_debug:sfdb_cycle_detection.obj
 0001:0005e7e0       md5_initialize_state       000000018005f7e0 f   sfc_debug:ckmd5.obj
 0001:0005f250       md5_update_state           0000000180060250 f   sfc_debug:ckmd5.obj
 0001:0005f270       md5_get_hash               0000000180060270 f   sfc_debug:ckmd5.obj
 0001:0005f2a0       md5_get_hash_for_a_single_string 00000001800602a0 f   sfc_debug:ckmd5.obj
 0001:0005f304       mxGetPr                    0000000180060304 f   libmx:libmx.dll
 0001:0005f30a       mxCreateDoubleScalar       000000018006030a f   libmx:libmx.dll
 0001:0005f310       mxCreateDoubleMatrix_730   0000000180060310 f   libmx:libmx.dll
 0001:0005f316       mxSetField_730             0000000180060316 f   libmx:libmx.dll
 0001:0005f31c       mxCreateString             000000018006031c f   libmx:libmx.dll
 0001:0005f322       mxCreateStructMatrix_730   0000000180060322 f   libmx:libmx.dll
 0001:0005f328       mxDestroyArray             0000000180060328 f   libmx:libmx.dll
 0001:0005f32e       mxDuplicateArray           000000018006032e f   libmx:libmx.dll
 0001:0005f334       mxGetString_730            0000000180060334 f   libmx:libmx.dll
 0001:0005f33a       mxIsChar                   000000018006033a f   libmx:libmx.dll
 0001:0005f340       mxGetClassID               0000000180060340 f   libmx:libmx.dll
 0001:0005f346       mxIsNumeric                0000000180060346 f   libmx:libmx.dll
 0001:0005f34c       mxIsComplex                000000018006034c f   libmx:libmx.dll
 0001:0005f352       mxGetN                     0000000180060352 f   libmx:libmx.dll
 0001:0005f358       mxGetM                     0000000180060358 f   libmx:libmx.dll
 0001:0005f35e       mxCalloc                   000000018006035e f   libmx:libmx.dll
 0001:0005f364       mxGetScalar                0000000180060364 f   libmx:libmx.dll
 0001:0005f36a       mxIsLogical                000000018006036a f   libmx:libmx.dll
 0001:0005f370       mxCreateDoubleMatrix_700   0000000180060370 f   libmx:libmx.dll
 0001:0005f376       mxFree                     0000000180060376 f   libmx:libmx.dll
 0001:0005f37c       mxArrayToString            000000018006037c f   libmx:libmx.dll
 0001:0005f382       mxCreateCellMatrix_700     0000000180060382 f   libmx:libmx.dll
 0001:0005f388       mxSetCell_700              0000000180060388 f   libmx:libmx.dll
 0001:0005f38e       mxGetCell_700              000000018006038e f   libmx:libmx.dll
 0001:0005f394       mxGetClassName             0000000180060394 f   libmx:libmx.dll
 0001:0005f39a       mxSetField_700             000000018006039a f   libmx:libmx.dll
 0001:0005f3a0       mxAddField                 00000001800603a0 f   libmx:libmx.dll
 0001:0005f3a6       mxGetField_700             00000001800603a6 f   libmx:libmx.dll
 0001:0005f3ac       mxGetNumberOfElements      00000001800603ac f   libmx:libmx.dll
 0001:0005f3b2       mxIsStruct                 00000001800603b2 f   libmx:libmx.dll
 0001:0005f3b8       mxIsA                      00000001800603b8 f   libmx:libmx.dll
 0001:0005f3be       mxIsClass                  00000001800603be f   libmx:libmx.dll
 0001:0005f3c4       mxGetLogicals              00000001800603c4 f   libmx:libmx.dll
 0001:0005f3ca       mxIsSparse                 00000001800603ca f   libmx:libmx.dll
 0001:0005f3d0       mxSetFieldByNumber_700     00000001800603d0 f   libmx:libmx.dll
 0001:0005f3d6       mxGetFieldByNumber_700     00000001800603d6 f   libmx:libmx.dll
 0001:0005f3dc       mxGetFieldNameByNumber     00000001800603dc f   libmx:libmx.dll
 0001:0005f3e2       mxGetNumberOfFields        00000001800603e2 f   libmx:libmx.dll
 0001:0005f3e8       mxCreateStructMatrix_700   00000001800603e8 f   libmx:libmx.dll
 0001:0005f3ee       mxGetFieldNumber           00000001800603ee f   libmx:libmx.dll
 0001:0005f3f4       mxIsNaN                    00000001800603f4 f   libmx:libmx.dll
 0001:0005f3fa       mxIsEmpty                  00000001800603fa f   libmx:libmx.dll
 0001:0005f400       mxGetData                  0000000180060400 f   libmx:libmx.dll
 0001:0005f406       mxGetImagData              0000000180060406 f   libmx:libmx.dll
 0001:0005f40c       mxArrayClassIDName         000000018006040c f   libmx:libmx.dll
 0001:0005f412       mxCreateNumericMatrix_700  0000000180060412 f   libmx:libmx.dll
 0001:0005f418       mxCreateStructArray_700    0000000180060418 f   libmx:libmx.dll
 0001:0005f41e       mxCalcSingleSubscript_700  000000018006041e f   libmx:libmx.dll
 0001:0005f424       mxGetDimensions_700        0000000180060424 f   libmx:libmx.dll
 0001:0005f42a       mxGetNumberOfDimensions_700 000000018006042a f   libmx:libmx.dll
 0001:0005f430       mxCreateNumericArray_700   0000000180060430 f   libmx:libmx.dll
 0001:0005f436       mxGetElementSize           0000000180060436 f   libmx:libmx.dll
 0001:0005f43c       mxCreateStringFromNChars_700 000000018006043c f   libmx:libmx.dll
 0001:0005f442       mxGetString_700            0000000180060442 f   libmx:libmx.dll
 0001:0005f448       mxIsLogicalScalarTrue      0000000180060448 f   libmx:libmx.dll
 0001:0005f44e       mxCreateLogicalScalar      000000018006044e f   libmx:libmx.dll
 0001:0005f454       mexUnlock                  0000000180060454 f   libmex:libmex.dll
 0001:0005f45a       mexIsLocked                000000018006045a f   libmex:libmex.dll
 0001:0005f460       mexWarnMsgTxt              0000000180060460 f   libmex:libmex.dll
 0001:0005f466       mexCallMATLAB              0000000180060466 f   libmex:libmex.dll
 0001:0005f46c       mexErrMsgTxt               000000018006046c f   libmex:libmex.dll
 0001:0005f472       mexMakeArrayPersistent     0000000180060472 f   libmex:libmex.dll
 0001:0005f478       mexSetTrapFlag             0000000180060478 f   libmex:libmex.dll
 0001:0005f47e       mexPutVariable             000000018006047e f   libmex:libmex.dll
 0001:0005f484       mexGetVariable             0000000180060484 f   libmex:libmex.dll
 0001:0005f48a       mexLock                    000000018006048a f   libmex:libmex.dll
 0001:0005f490       mexMakeMemoryPersistent    0000000180060490 f   libmex:libmex.dll
 0001:0005f496       mexFunctionName            0000000180060496 f   libmex:libmex.dll
 0001:0005f49c       ssRegisterDataTypeFxpFSlopeFixExpBias 000000018006049c f   libfixedpoint:libfixedpoint.dll
 0001:0005f4a2       utVSNprintf                00000001800604a2 f   libut:libut.dll
 0001:0005f4a8       utCPUtime                  00000001800604a8 f   libut:libut.dll
 0001:0005f4ae       utFree                     00000001800604ae f   libut:libut.dll
 0001:0005f4b4       utMalloc                   00000001800604b4 f   libut:libut.dll
 0001:0005f4ba       muDoubleScalarAbs          00000001800604ba f   libmwmathutil:libmwmathutil.dll
 0001:0005f4c0       muDoubleScalarSign         00000001800604c0 f   libmwmathutil:libmwmathutil.dll
 0001:0005f4c6       emlrtCheckBuiltInCtxR2011a 00000001800604c6 f   libemlrt:libemlrt.dll
 0001:0005f4cc       emlrtCheckVsBuiltInCtxR2011a 00000001800604cc f   libemlrt:libemlrt.dll
 0001:0005f4d2       emlrtCheckEnumR2009a       00000001800604d2 f   libemlrt:libemlrt.dll
 0001:0005f4d8       emlrtCreateEnumR2010a      00000001800604d8 f   libemlrt:libemlrt.dll
 0001:0005f4de       emlrtGetEnumElementR2009a  00000001800604de f   libemlrt:libemlrt.dll
 0001:0005f4e4       emlrtCreateReference       00000001800604e4 f   libemlrt:libemlrt.dll
 0001:0005f4ea       emlrtImportVsFiArrayR2009b 00000001800604ea f   libemlrt:libemlrt.dll
 0001:0005f4f0       emlrtNameCapturePostProcessR2012a 00000001800604f0 f   libemlrt:libemlrt.dll
 0001:0005f4f6       emlrtExtractMessageId      00000001800604f6 f   libemlrt:libemlrt.dll
 0001:0005f4fc       emlrtTranslateMessageIDtoLCPstring 00000001800604fc f   libemlrt:libemlrt.dll
 0001:0005f502       emlrtForLoopVectorIsValidR2011b 0000000180060502 f   libemlrt:libemlrt.dll
 0001:0005f508       emlrtTranslateUTF16MessagetoLCPstring 0000000180060508 f   libemlrt:libemlrt.dll
 0001:0005f50e       emlrtGetEnumUnderlyingArrayR2009a 000000018006050e f   libemlrt:libemlrt.dll
 0001:0005f514       emlrtIsEnumR2009a          0000000180060514 f   libemlrt:libemlrt.dll
 0001:0005f51c       __GSHandlerCheckCommon     000000018006051c f   MSVCRT:gshandler.obj
 0001:0005f580       __GSHandlerCheck           0000000180060580 f   MSVCRT:gshandler.obj
 0001:0005f59e       strlen                     000000018006059e f   MSVCRT:MSVCR100.dll
 0001:0005f5c0       __security_check_cookie    00000001800605c0 f   MSVCRT:amdsecgs.obj
 0001:0005f5e0       memset                     00000001800605e0 f   MSVCRT:MSVCR100.dll
 0001:0005f5e6       malloc                     00000001800605e6 f   MSVCRT:MSVCR100.dll
 0001:0005f5ec       free                       00000001800605ec f   MSVCRT:MSVCR100.dll
 0001:0005f5f2       strcmp                     00000001800605f2 f   MSVCRT:MSVCR100.dll
 0001:0005f5f8       sprintf                    00000001800605f8 f   MSVCRT:MSVCR100.dll
 0001:0005f5fe       strcat                     00000001800605fe f   MSVCRT:MSVCR100.dll
 0001:0005f604       memcpy                     0000000180060604 f   MSVCRT:MSVCR100.dll
 0001:0005f60c       NtCurrentTeb               000000018006060c f i MSVCRT:crtdll.obj
 0001:0005f678       _CRT_INIT                  0000000180060678 f   MSVCRT:crtdll.obj
 0001:0005fa10       _DllMainCRTStartup         0000000180060a10 f   MSVCRT:crtdll.obj
 0001:0005fa4e       strncpy                    0000000180060a4e f   MSVCRT:MSVCR100.dll
 0001:0005fa70       __chkstk                   0000000180060a70 f   MSVCRT:chkstk.obj
 0001:0005fa70       _alloca_probe              0000000180060a70     MSVCRT:chkstk.obj
 0001:0005fabe       longjmp                    0000000180060abe f   MSVCRT:MSVCR100.dll
 0001:0005fac4       strncmp                    0000000180060ac4 f   MSVCRT:MSVCR100.dll
 0001:0005faca       ceil                       0000000180060aca f   MSVCRT:MSVCR100.dll
 0001:0005fad0       strrchr                    0000000180060ad0 f   MSVCRT:MSVCR100.dll
 0001:0005fad6       _setjmp                    0000000180060ad6 f   MSVCRT:MSVCR100.dll
 0001:0005fadc       calloc                     0000000180060adc f   MSVCRT:MSVCR100.dll
 0001:0005fae2       realloc                    0000000180060ae2 f   MSVCRT:MSVCR100.dll
 0001:0005fae8       ldexp                      0000000180060ae8 f   MSVCRT:MSVCR100.dll
 0001:0005faf0       __report_gsfailure         0000000180060af0 f   MSVCRT:gs_report.obj
 0001:0005fc3c       __clean_type_info_names    0000000180060c3c f   MSVCRT:tncleanup.obj
 0001:0005fc48       _onexit                    0000000180060c48 f   MSVCRT:atonexit.obj
 0001:0005fcf8       atexit                     0000000180060cf8 f   MSVCRT:atonexit.obj
 0001:0005fd10       _RTC_Initialize            0000000180060d10 f   MSVCRT:_initsect_.obj
 0001:0005fd48       _RTC_Terminate             0000000180060d48 f   MSVCRT:_initsect_.obj
 0001:0005fd80       _malloc_crt                0000000180060d80 f   MSVCRT:MSVCR100.dll
 0001:0005fd90       _ValidateImageBase         0000000180060d90 f   MSVCRT:pesect.obj
 0001:0005fdc0       _FindPESection             0000000180060dc0 f   MSVCRT:pesect.obj
 0001:0005fe10       _IsNonwritableInCurrentImage 0000000180060e10 f   MSVCRT:pesect.obj
 0001:0005fe52       _initterm                  0000000180060e52 f   MSVCRT:MSVCR100.dll
 0001:0005fe58       _initterm_e                0000000180060e58 f   MSVCRT:MSVCR100.dll
 0001:0005fe5e       _encoded_null              0000000180060e5e f   MSVCRT:MSVCR100.dll
 0001:0005fe64       _amsg_exit                 0000000180060e64 f   MSVCRT:MSVCR100.dll
 0001:0005fe6a       __C_specific_handler       0000000180060e6a f   MSVCRT:MSVCR100.dll
 0001:0005fe70       __CppXcptFilter            0000000180060e70 f   MSVCRT:MSVCR100.dll
 0001:0005fe78       DllMain                    0000000180060e78 f   MSVCRT:dllmain.obj
 0001:0005fe9c       __security_init_cookie     0000000180060e9c f   MSVCRT:gs_support.obj
 0001:0005ff50       __crt_debugger_hook        0000000180060f50 f   MSVCRT:MSVCR100.dll
 0001:0005ff56       __clean_type_info_names_internal 0000000180060f56 f   MSVCRT:MSVCR100.dll
 0001:0005ff5c       _unlock                    0000000180060f5c f   MSVCRT:MSVCR100.dll
 0001:0005ff62       __dllonexit                0000000180060f62 f   MSVCRT:MSVCR100.dll
 0001:0005ff68       _lock                      0000000180060f68 f   MSVCRT:MSVCR100.dll
 0001:0005ff6e       EncodePointer              0000000180060f6e f   kernel32:KERNEL32.dll
 0001:0005ff74       DecodePointer              0000000180060f74 f   kernel32:KERNEL32.dll
 0001:0005ff7a       Sleep                      0000000180060f7a f   kernel32:KERNEL32.dll
 0001:0005ff80       TerminateProcess           0000000180060f80 f   kernel32:KERNEL32.dll
 0001:0005ff86       GetCurrentProcess          0000000180060f86 f   kernel32:KERNEL32.dll
 0001:0005ff8c       UnhandledExceptionFilter   0000000180060f8c f   kernel32:KERNEL32.dll
 0001:0005ff92       SetUnhandledExceptionFilter 0000000180060f92 f   kernel32:KERNEL32.dll
 0001:0005ff98       IsDebuggerPresent          0000000180060f98 f   kernel32:KERNEL32.dll
 0001:0005ff9e       RtlVirtualUnwind           0000000180060f9e f   kernel32:KERNEL32.dll
 0001:0005ffa4       RtlLookupFunctionEntry     0000000180060fa4 f   kernel32:KERNEL32.dll
 0001:0005ffaa       RtlCaptureContext          0000000180060faa f   kernel32:KERNEL32.dll
 0001:0005ffb0       DisableThreadLibraryCalls  0000000180060fb0 f   kernel32:KERNEL32.dll
 0001:0005ffb6       QueryPerformanceCounter    0000000180060fb6 f   kernel32:KERNEL32.dll
 0001:0005ffbc       GetTickCount               0000000180060fbc f   kernel32:KERNEL32.dll
 0001:0005ffc2       GetCurrentThreadId         0000000180060fc2 f   kernel32:KERNEL32.dll
 0001:0005ffc8       GetCurrentProcessId        0000000180060fc8 f   kernel32:KERNEL32.dll
 0001:0005ffce       GetSystemTimeAsFileTime    0000000180060fce f   kernel32:KERNEL32.dll
 0002:00000000       __imp_DisableThreadLibraryCalls 0000000180062000     kernel32:KERNEL32.dll
 0002:00000008       __imp_RtlCaptureContext    0000000180062008     kernel32:KERNEL32.dll
 0002:00000010       __imp_RtlLookupFunctionEntry 0000000180062010     kernel32:KERNEL32.dll
 0002:00000018       __imp_RtlVirtualUnwind     0000000180062018     kernel32:KERNEL32.dll
 0002:00000020       __imp_IsDebuggerPresent    0000000180062020     kernel32:KERNEL32.dll
 0002:00000028       __imp_SetUnhandledExceptionFilter 0000000180062028     kernel32:KERNEL32.dll
 0002:00000030       __imp_UnhandledExceptionFilter 0000000180062030     kernel32:KERNEL32.dll
 0002:00000038       __imp_GetCurrentProcess    0000000180062038     kernel32:KERNEL32.dll
 0002:00000040       __imp_TerminateProcess     0000000180062040     kernel32:KERNEL32.dll
 0002:00000048       __imp_Sleep                0000000180062048     kernel32:KERNEL32.dll
 0002:00000050       __imp_DecodePointer        0000000180062050     kernel32:KERNEL32.dll
 0002:00000058       __imp_EncodePointer        0000000180062058     kernel32:KERNEL32.dll
 0002:00000060       __imp_GetTickCount         0000000180062060     kernel32:KERNEL32.dll
 0002:00000068       __imp_GetCurrentThreadId   0000000180062068     kernel32:KERNEL32.dll
 0002:00000070       __imp_GetCurrentProcessId  0000000180062070     kernel32:KERNEL32.dll
 0002:00000078       __imp_GetSystemTimeAsFileTime 0000000180062078     kernel32:KERNEL32.dll
 0002:00000080       __imp_QueryPerformanceCounter 0000000180062080     kernel32:KERNEL32.dll
 0002:00000088       \177KERNEL32_NULL_THUNK_DATA 0000000180062088     kernel32:KERNEL32.dll
 0002:00000090       __imp_realloc              0000000180062090     MSVCRT:MSVCR100.dll
 0002:00000098       __imp__onexit              0000000180062098     MSVCRT:MSVCR100.dll
 0002:000000a0       __imp__lock                00000001800620a0     MSVCRT:MSVCR100.dll
 0002:000000a8       __imp___dllonexit          00000001800620a8     MSVCRT:MSVCR100.dll
 0002:000000b0       __imp__unlock              00000001800620b0     MSVCRT:MSVCR100.dll
 0002:000000b8       __imp___clean_type_info_names_internal 00000001800620b8     MSVCRT:MSVCR100.dll
 0002:000000c0       __imp___crt_debugger_hook  00000001800620c0     MSVCRT:MSVCR100.dll
 0002:000000c8       __imp___CppXcptFilter      00000001800620c8     MSVCRT:MSVCR100.dll
 0002:000000d0       __imp___C_specific_handler 00000001800620d0     MSVCRT:MSVCR100.dll
 0002:000000d8       __imp__amsg_exit           00000001800620d8     MSVCRT:MSVCR100.dll
 0002:000000e0       __imp__encoded_null        00000001800620e0     MSVCRT:MSVCR100.dll
 0002:000000e8       __imp__initterm_e          00000001800620e8     MSVCRT:MSVCR100.dll
 0002:000000f0       __imp__initterm            00000001800620f0     MSVCRT:MSVCR100.dll
 0002:000000f8       __imp__malloc_crt          00000001800620f8     MSVCRT:MSVCR100.dll
 0002:00000100       __imp_ldexp                0000000180062100     MSVCRT:MSVCR100.dll
 0002:00000108       __imp_strlen               0000000180062108     MSVCRT:MSVCR100.dll
 0002:00000110       __imp_calloc               0000000180062110     MSVCRT:MSVCR100.dll
 0002:00000118       __imp__setjmp              0000000180062118     MSVCRT:MSVCR100.dll
 0002:00000120       __imp_strrchr              0000000180062120     MSVCRT:MSVCR100.dll
 0002:00000128       __imp_ceil                 0000000180062128     MSVCRT:MSVCR100.dll
 0002:00000130       __imp_strncmp              0000000180062130     MSVCRT:MSVCR100.dll
 0002:00000138       __imp_longjmp              0000000180062138     MSVCRT:MSVCR100.dll
 0002:00000140       __imp_strncpy              0000000180062140     MSVCRT:MSVCR100.dll
 0002:00000148       __imp_memcpy               0000000180062148     MSVCRT:MSVCR100.dll
 0002:00000150       __imp_strcat               0000000180062150     MSVCRT:MSVCR100.dll
 0002:00000158       __imp_sprintf              0000000180062158     MSVCRT:MSVCR100.dll
 0002:00000160       __imp_strcmp               0000000180062160     MSVCRT:MSVCR100.dll
 0002:00000168       __imp_free                 0000000180062168     MSVCRT:MSVCR100.dll
 0002:00000170       __imp_malloc               0000000180062170     MSVCRT:MSVCR100.dll
 0002:00000178       __imp_memset               0000000180062178     MSVCRT:MSVCR100.dll
[...]
 0001:00037680       sf_numeric_value_to_double 0000000180038680 f   sfc_mex:sfc_mex.obj
 0001:000376d0       ml_generic_out_of_bounds_check 00000001800386d0 f   sfc_mex:sfc_mex.obj
 0001:000378a0       ml_get_element_value_from_array 00000001800388a0 f   sfc_mex:sfc_mex.obj
 0001:00037c40       _ml_generic_castability_check 0000000180038c40 f   sfc_mex:sfc_mex.obj
 0001:000389a0       ml_generic_castability_check 00000001800399a0 f   sfc_mex:sfc_mex.obj
 0001:00038a40       ml_check_mx_array_for_single_castability 0000000180039a40 f   sfc_mex:sfc_mex.obj
 0001:00038ae0       ml_check_mx_array_for_logical_castability 0000000180039ae0 f   sfc_mex:sfc_mex.obj
 0001:00038b80       ml_check_mx_array_for_int8_castability 0000000180039b80 f   sfc_mex:sfc_mex.obj
 0001:00038c30       ml_check_mx_array_for_uint8_castability 0000000180039c30 f   sfc_mex:sfc_mex.obj
 0001:00038c90       ml_check_mx_array_for_int16_castability 0000000180039c90 f   sfc_mex:sfc_mex.obj
 0001:00038cf0       ml_check_mx_array_for_uint16_castability 0000000180039cf0 f   sfc_mex:sfc_mex.obj
 0001:00038d50       ml_check_mx_array_for_int32_castability 0000000180039d50 f   sfc_mex:sfc_mex.obj
 0001:00038db0       ml_check_mx_array_for_uint32_castability 0000000180039db0 f   sfc_mex:sfc_mex.obj
 0001:00038e10       ml_check_mx_array_for_castability 0000000180039e10 f   sfc_mex:sfc_mex.obj
 0001:00039740       set_data_value             000000018003a740 f   sfc_mex:sfc_mex.obj
 0001:00039ab0       get_data_value             000000018003aab0 f   sfc_mex:sfc_mex.obj
 0001:00039bc0       get_next_element_address   000000018003abc0 f   sfc_mex:sfc_mex.obj
 0001:00039c90       sf_normalize_index         000000018003ac90 f   sfc_mex:sfc_mex.obj
 0001:0003a020       ml_array_index_bound_check 000000018003b020 f   sfc_mex:sfc_mex.obj
 0001:0003ab40       mx_value                   000000018003bb40 f   sfc_mex:sfc_mex.obj
 0001:0003ab90       sf_create_numeric_array    000000018003bb90 f   sfc_mex:sfc_mex.obj
 0001:0003ac30       sf_mex_assign_to_mx_array  000000018003bc30 f   sfc_mex:sfc_mex.obj
 0001:0003af80       assign_from_mx_array       000000018003bf80 f   sfc_mex:sfc_mex.obj
 0001:0003b7b0       sf_mex_import_v            000000018003c7b0 f   sfc_mex:sfc_mex.obj
 0001:0003beb0       get_machine_and_chart_file_number 000000018003ceb0 f   sfc_mex:sfc_sf.obj
 0001:0003bfa0       get_sfun_block_specialization 000000018003cfa0 f   sfc_mex:sfc_sf.obj
 0001:0003c050       call_sf_machine_global_method_dispatcher 000000018003d050 f   sfc_mex:sfc_sf.obj
 0001:0003c2a0       mdl_zeroCrossings_processing 000000018003d2a0 f   sfc_mex:sfc_sf.obj
 0001:0003c370       mdl_derivatives_processing 000000018003d370 f   sfc_mex:sfc_sf.obj
 0001:0003c630       mdl_outputs_continuous_legacy 000000018003d630 f   sfc_mex:sfc_sf.obj
 0001:0003c6b0       mdl_outputs_processing     000000018003d6b0 f   sfc_mex:sfc_sf.obj
 0001:0003c8e0       mdl_enable_processing      000000018003d8e0 f   sfc_mex:sfc_sf.obj
 0001:0003c9b0       mdl_disable_processing     000000018003d9b0 f   sfc_mex:sfc_sf.obj
 0001:0003d720       sf_call_output_fcn_enable_disable 000000018003e720 f   sfc_mex:sfc_sf.obj
 0001:0003d9a0       set_dwork_information_from_mx_array 000000018003e9a0 f   sfc_mex:sfc_sf.obj
 0001:0003e260       ptr2mxStruct               000000018003f260 f   sfc_mex:sfc_sf.obj
 0001:0003e570       SNPRINTF_WRAPPER           000000018003f570 f   sfc_debug:sfcdebug.obj
 0001:0003e590       sf_debug_chart_instance_initialized_quick 000000018003f590 f   sfc_debug:sfcdebug.obj
 0001:0003e5a0       sf_debug_chart_instance_initialized 000000018003f5a0 f   sfc_debug:sfcdebug.obj
 0001:0003e740       sfrtAddSize                000000018003f740 f   sfc_debug:sfcdebug.obj
 0001:0003e800       sfrtGenSizeString          000000018003f800 f   sfc_debug:sfcdebug.obj
 0001:0003ef10       fill_single_message_info   000000018003ff10 f   sfc_debug:sfcdebug.obj
 0001:0003f0d0       sf_debug_sim_status_listener 00000001800400d0 f   sfc_debug:sfcdebug.obj
 0001:0003f640       sf_debug_form_mask_bits    0000000180040640 f   sfc_debug:sfcdebug.obj
 0001:0003f680       sf_debug_form_sf_data_type_offsets 0000000180040680 f   sfc_debug:sfcdebug.obj
 0001:0003f740       sf_debug_free_all          0000000180040740 f   sfc_debug:sfcdebug.obj
 0001:0003f8f0       sf_debug_append_debugger_context 00000001800408f0 f   sfc_debug:sfcdebug.obj
 0001:0003fbb0       local_strdup               0000000180040bb0 f   sfc_debug:sfcdebug.obj
 0001:00040a90       sf_debug_em_terminate      0000000180041a90 f   sfc_debug:sfcdebug.obj
 0001:00040ad0       sf_debug_push_eml_function 0000000180041ad0 f   sfc_debug:sfcdebug.obj
 0001:00040b70       sf_debug_pop_eml_function  0000000180041b70 f   sfc_debug:sfcdebug.obj
 0001:00041870       sf_debug_get_machine_number_from_id_or_name 0000000180042870 f   sfc_debug:sfcdebug.obj
 0001:000419c0       sf_debug_get_chart_number_from_id 00000001800429c0 f   sfc_debug:sfcdebug.obj
 0001:00042630       sf_debug_transfer_control_to_debugger_GUI 0000000180043630 f   sfc_debug:sfcdebug.obj
 0001:000435c0       sf_debug_scripts_rehash    00000001800445c0 f   sfc_debug:sfcdebug.obj
 0001:00043800       sf_debug_get_script_line_count 0000000180044800 f   sfc_debug:sfcdebug.obj
 0001:00044130       cv_eml_state_cvId          0000000180045130 f   sfc_debug:sfcdebug.obj
 0001:000441a0       cv_eml_trans_cvId          00000001800451a0 f   sfc_debug:sfcdebug.obj
 0001:00045460       sf_debug_data_array_bounds_error 0000000180046460 f   sfc_debug:sfcdebug.obj
 0001:00045890       eml_debug_runtime_error_doclink 0000000180046890 f   sfc_debug:sfcdebug.obj
 0001:00045a10       sf_debug_runtime_error     0000000180046a10 f   sfc_debug:sfcdebug.obj
 0001:00045a80       sf_debug_matlab_error      0000000180046a80 f   sfc_debug:sfcdebug.obj
 0001:000463b0       sf_debug_data_value_error  00000001800473b0 f   sfc_debug:sfcdebug.obj
 0001:00046cb0       sf_debug_data_loss_error   0000000180047cb0 f   sfc_debug:sfcdebug.obj
 0001:00047bd0       call_cv_range_check        0000000180048bd0 f   sfc_debug:sfcdebug.obj
 0001:000483a0       sf_debug_invoke_cycle_detection_code 00000001800493a0 f   sfc_debug:sfcdebug.obj
 0001:00049480       sf_reset_debug_info_struct 000000018004a480 f   sfc_debug:sfcdebug.obj
 0001:00049d70       cv_script_cvId             000000018004ad70 f   sfc_debug:sfcdebug.obj
 0001:0004aac0       sfc_api_chart_visible      000000018004bac0 f   sfc_debug:sfc_api.obj
 0001:0004ab40       sfc_api_active_instance    000000018004bb40 f   sfc_debug:sfc_api.obj
 0001:0004abc0       sfc_api_machine_load       000000018004bbc0 f   sfc_debug:sfc_api.obj
 0001:0004ac90       sfc_api_debugger_alive     000000018004bc90 f   sfc_debug:sfc_api.obj
 0001:0004aca0       sfc_api_go                 000000018004bca0 f   sfc_debug:sfc_api.obj
 0001:0004acb0       sfc_api_step_over          000000018004bcb0 f   sfc_debug:sfc_api.obj
 0001:0004acc0       sfc_api_step_out           000000018004bcc0 f   sfc_debug:sfc_api.obj
 0001:0004acd0       sfc_api_resume             000000018004bcd0 f   sfc_debug:sfc_api.obj
 0001:0004ace0       sfc_api_break              000000018004bce0 f   sfc_debug:sfc_api.obj
 0001:0004acf0       sfc_api_stop_debugging     000000018004bcf0 f   sfc_debug:sfc_api.obj
 0001:0004ad40       sfc_api_is_cycle_detected  000000018004bd40 f   sfc_debug:sfc_api.obj
 0001:0004ad90       sfc_api_is_array_bounds_detected 000000018004bd90 f   sfc_debug:sfc_api.obj
 0001:0004ade0       sfc_api_set_disable_all_breakpoints 000000018004bde0 f   sfc_debug:sfc_api.obj
 0001:0004ae50       sfc_api_disable_all_breakpoints_and_go 000000018004be50 f   sfc_debug:sfc_api.obj
 0001:0004ae60       sfc_api_close              000000018004be60 f   sfc_debug:sfc_api.obj
 0001:0004ae70       sfc_api_browse_data        000000018004be70 f   sfc_debug:sfc_api.obj
 0001:0004aee0       sfc_api_watch_data         000000018004bee0 f   sfc_debug:sfc_api.obj
 0001:0004af80       sfc_api_extract_message_post_receive_info 000000018004bf80 f   sfc_debug:sfc_api.obj
 0001:0004afa0       sfc_api_assign_data        000000018004bfa0 f   sfc_debug:sfc_api.obj
 0001:0004b040       sfc_api_whos               000000018004c040 f   sfc_debug:sfc_api.obj
 0001:0004b0d0       sfc_api_get_consistency_info 000000018004c0d0 f   sfc_debug:sfc_api.obj
 0001:0004b0e0       sfc_api_browse_trace       000000018004c0e0 f   sfc_debug:sfc_api.obj
 0001:0004b0f0       sfc_api_break_on_chart_entry 000000018004c0f0 f   sfc_debug:sfc_api.obj
 0001:0004b110       sfc_api_break_on_event_broadcast 000000018004c110 f   sfc_debug:sfc_api.obj
 0001:0004b130       sfc_api_break_on_state_entry 000000018004c130 f   sfc_debug:sfc_api.obj
 0001:0004b150       sfc_api_set_watch          000000018004c150 f   sfc_debug:sfc_api.obj
 0001:0004b1f0       sfc_api_set_breakpoints    000000018004c1f0 f   sfc_debug:sfc_api.obj
 0001:0004b290       sfc_api_set_eml_breakpoints 000000018004c290 f   sfc_debug:sfc_api.obj
 0001:0004b310       sfc_api_set_script_breakpoints 000000018004c310 f   sfc_debug:sfc_api.obj
 0001:0004b360       sfc_api_add_script_breakpoints 000000018004c360 f   sfc_debug:sfc_api.obj
 0001:0004b3b0       sfc_api_clear_script_breakpoints 000000018004c3b0 f   sfc_debug:sfc_api.obj
 0001:0004b400       sfc_api_query_script_breakpoints 000000018004c400 f   sfc_debug:sfc_api.obj
 0001:0004b460       sfc_api_get_script_id      000000018004c460 f   sfc_debug:sfc_api.obj
 0001:0004b520       sfc_api_get_active_states  000000018004c520 f   sfc_debug:sfc_api.obj
 0001:0004b5a0       sfc_api_break_between_times 000000018004c5a0 f   sfc_debug:sfc_api.obj
 0001:0004b600       sfc_api_get_instance_handle 000000018004c600 f   sfc_debug:sfc_api.obj
 0001:0004b6b0       sfc_api_set_animation      000000018004c6b0 f   sfc_debug:sfc_api.obj
 0001:0004b700       sfc_api_select_chart       000000018004c700 f   sfc_debug:sfc_api.obj
 0001:0004b760       sfc_api_select_charts      000000018004c760 f   sfc_debug:sfc_api.obj
 0001:0004b790       sfc_api_cycle_detection_check 000000018004c790 f   sfc_debug:sfc_api.obj
 0001:0004b7e0       sfc_api_data_range_check   000000018004c7e0 f   sfc_debug:sfc_api.obj
 0001:0004b830       sfc_api_transition_conflict_check 000000018004c830 f   sfc_debug:sfc_api.obj
 0001:0004b880       sfc_api_state_consistency_check 000000018004c880 f   sfc_debug:sfc_api.obj
 0001:0004b8d0       sfc_api_set_instance_cv_ids 000000018004c8d0 f   sfc_debug:sfc_api.obj
 0001:0004b9e0       sfc_api_set_script_cv_ids  000000018004c9e0 f   sfc_debug:sfc_api.obj
 0001:0004ba90       sfc_api_get_current_machine_id 000000018004ca90 f   sfc_debug:sfc_api.obj
 0001:0004bac0       sfc_api_get_current_machine_number 000000018004cac0 f   sfc_debug:sfc_api.obj
 0001:0004baf0       sfc_api_get_current_chart_number 000000018004caf0 f   sfc_debug:sfc_api.obj
 0001:0004bb20       sfc_api_get_current_instance_number 000000018004cb20 f   sfc_debug:sfc_api.obj
 0001:0004bb50       sfc_api_get_current_instance_handle 000000018004cb50 f   sfc_debug:sfc_api.obj
 0001:0004bb70       sfc_api_get_current_is_minor_time_step 000000018004cb70 f   sfc_debug:sfc_api.obj
 0001:0004bba0       sfc_api_get_current_machine_name 000000018004cba0 f   sfc_debug:sfc_api.obj
 0001:0004bbc0       sfc_api_get_current_chart_id 000000018004cbc0 f   sfc_debug:sfc_api.obj
 0001:0004bbf0       sfc_api_get_current_object_type 000000018004cbf0 f   sfc_debug:sfc_api.obj
 0001:0004bc20       sfc_api_get_current_event_type 000000018004cc20 f   sfc_debug:sfc_api.obj
 0001:0004bc50       sfc_api_get_current_object_id 000000018004cc50 f   sfc_debug:sfc_api.obj
 0001:0004bc80       sfc_get_current_active_event_type 000000018004cc80 f   sfc_debug:sfc_api.obj
 0001:0004bcb0       sfc_api_get_current_active_event_id 000000018004ccb0 f   sfc_debug:sfc_api.obj
 0001:0004bce0       sfc_api_get_current_simulation_time 000000018004cce0 f   sfc_debug:sfc_api.obj
 0001:0004bd00       sfc_get_current_tag_type   000000018004cd00 f   sfc_debug:sfc_api.obj
 0001:0004bd30       sfc_get_current_coverage_percentage 000000018004cd30 f   sfc_debug:sfc_api.obj
 0001:0004bd50       sfc_get_current_statement_context 000000018004cd50 f   sfc_debug:sfc_api.obj
 0001:0004bd70       sfc_get_current_optional_integer 000000018004cd70 f   sfc_debug:sfc_api.obj
 0001:0004bda0       sfc_get_current_statement_info 000000018004cda0 f   sfc_debug:sfc_api.obj
 0001:0004be40       sfc_api_get                000000018004ce40 f   sfc_debug:sfc_api.obj
 0001:0004bfa0       sf_debug_sm_is_using_unified_editors 000000018004cfa0 f   sfc_debug:sfdb_animation.obj
 0001:0004c040       sf_debug_sm_is_chart_visible_in_unified_editors 000000018004d040 f   sfc_debug:sfdb_animation.obj
 0001:0004c100       sf_debug_sm_check_if_chart_is_visible 000000018004d100 f   sfc_debug:sfdb_animation.obj
 0001:0004cc00       sf_debug_sm_fill_state_activity_data 000000018004dc00 f   sfc_debug:sfdb_animation.obj
 0001:0004f430       void_ptr_stack_vector_free_total 0000000180050430 f   sfc_debug:sfdb_data_browse.obj
 0001:0004f4c0       sf_debug_st_terminate_machine 00000001800504c0 f   sfc_debug:sfdb_data_browse.obj
 0001:0004f500       sf_debug_st_terminate_instance 0000000180050500 f   sfc_debug:sfdb_data_browse.obj
 0001:0004f8b0       push_on_to_void_ptr_stack  00000001800508b0 f   sfc_debug:sfdb_data_browse.obj
 0001:0004fa40       pop_from_void_ptr_stack    0000000180050a40 f   sfc_debug:sfdb_data_browse.obj
 0001:0004fb70       sf_debug_st_get_data_value 0000000180050b70 f   sfc_debug:sfdb_data_browse.obj
 0001:00050100       mx_value                   0000000180051100 f   sfc_debug:sfdb_data_browse.obj
 0001:00050140       sf_debug_st_fill_data_struct 0000000180051140 f   sfc_debug:sfdb_data_browse.obj
 0001:00050480       data_type_format_strings   0000000180051480 f   sfc_debug:sfdb_data_browse.obj
 0001:00050530       sf_debug_st_fill_data      0000000180051530 f   sfc_debug:sfdb_data_browse.obj
 0001:00051280       sf_debug_hm_get_simulink_handle 0000000180052280 f   sfc_debug:sfdb_handle_management.obj
 0001:00051dd0       sf_debug_hm_initialize_globals 0000000180052dd0 f   sfc_debug:sfdb_handle_management.obj
 0001:00051ed0       sf_debug_hm_get_machine_debug_flag 0000000180052ed0 f   sfc_debug:sfdb_handle_management.obj
 0001:00052040       sf_debug_hm_get_machine_id 0000000180053040 f   sfc_debug:sfdb_handle_management.obj
 0001:00052160       sf_debug_hm_get_chart_id   0000000180053160 f   sfc_debug:sfdb_handle_management.obj
 0001:00052300       sf_debug_hm_register_executing_SFunction 0000000180053300 f   sfc_debug:sfdb_handle_management.obj
 0001:000524a0       sf_debug_hm_get_chart_active_instance 00000001800534a0 f   sfc_debug:sfdb_handle_management.obj
 0001:00052610       sf_debug_hm_get_chart_visibility 0000000180053610 f   sfc_debug:sfdb_handle_management.obj
 0001:00052760       sf_debug_hm_form_object_boolean_properties 0000000180053760 f   sfc_debug:sfdb_handle_management.obj
 0001:00052a30       sf_debug_hm_form_object_properties 0000000180053a30 f   sfc_debug:sfdb_handle_management.obj
 0001:00052c70       sf_debug_hm_terminate_charts 0000000180053c70 f   sfc_debug:sfdb_handle_management.obj
 0001:000533e0       sf_debug_hm_terminate_machines 00000001800543e0 f   sfc_debug:sfdb_handle_management.obj
 0001:00055030       sf_debug_ss_copy_dimension 0000000180056030 f   sfc_debug:sfdb_symbol_scope.obj
 0001:000550f0       sf_debug_ss_get_number_elements 00000001800560f0 f   sfc_debug:sfdb_symbol_scope.obj
 0001:00055110       sf_debug_ss_fill_data_struct 0000000180056110 f   sfc_debug:sfdb_symbol_scope.obj
 0001:00055460       sf_debug_ss_reset_data_info 0000000180056460 f   sfc_debug:sfdb_symbol_scope.obj
 0001:000554c0       sf_debug_fill_data_info_by_symbol_scope_entry 00000001800564c0 f   sfc_debug:sfdb_symbol_scope.obj
 0001:00055580       sf_debug_fill_data_info_by_data_vector 0000000180056580 f   sfc_debug:sfdb_symbol_scope.obj
 0001:000557d0       sf_debug_ss_get_data_info  00000001800567d0 f   sfc_debug:sfdb_symbol_scope.obj
 0001:00055ac0       sf_debug_select_mex_function 0000000180056ac0 f   sfc_debug:sfdb_symbol_scope.obj
 0001:00055af0       sf_debug_is_dyn_matrix_initialized 0000000180056af0 f   sfc_debug:sfdb_symbol_scope.obj
 0001:00055b10       sf_debug_ss_set_data_value_try 0000000180056b10 f   sfc_debug:sfdb_symbol_scope.obj
 0001:00055ce0       sf_debug_ss_get_data_value 0000000180056ce0 f   sfc_debug:sfdb_symbol_scope.obj
 0001:00056230       sf_debug_ss_data_bytes_string 0000000180057230 f   sfc_debug:sfdb_symbol_scope.obj
 0001:000562e0       sf_debug_ss_data_class_string 00000001800572e0 f   sfc_debug:sfdb_symbol_scope.obj
 0001:00056670       sf_debug_ss_data_size_string 0000000180057670 f   sfc_debug:sfdb_symbol_scope.obj
 0001:00056750       sf_debug_ss_data_create_data_info_struct 0000000180057750 f   sfc_debug:sfdb_symbol_scope.obj
 0001:00056a20       sf_debug_ss_data_create_name_value_pair 0000000180057a20 f   sfc_debug:sfdb_symbol_scope.obj
 0001:00056ac0       sf_debug_ss_data_get_whos_info 0000000180057ac0 f   sfc_debug:sfdb_symbol_scope.obj
 0001:00056ad0       same_named_data_in_data_array 0000000180057ad0 f   sfc_debug:sfdb_symbol_scope.obj
 0001:00058340       sf_debug_cc_terminate_chart 0000000180059340 f   sfc_debug:sfdb_coverage.obj
 0001:000586e0       sf_debug_cc_terminate_instance 00000001800596e0 f   sfc_debug:sfdb_coverage.obj
 0001:000592d0       sf_debug_cc_mark_object_if_needed 000000018005a2d0 f   sfc_debug:sfdb_coverage.obj
 0001:00059bd0       sf_debug_bm_initialize_eml 000000018005abd0 f   sfc_debug:sfdb_breakpoints.obj
 0001:0005ad40       sf_debug_bm_map_debug_tag_to_breakpoint_tag 000000018005bd40 f   sfc_debug:sfdb_breakpoints.obj
 0001:0005ae20       sf_debug_bm_is_a_eml_breakpoint_impl 000000018005be20 f   sfc_debug:sfdb_breakpoints.obj
 0001:0005c8a0       sf_debug_sc_push_on_error_stack 000000018005d8a0 f   sfc_debug:sfdb_state_consistency.obj
 0001:0005c9d0       sf_debug_sc_reset_error_stack 000000018005d9d0 f   sfc_debug:sfdb_state_consistency.obj
 0001:0005cb60       sf_debug_sc_is_state_inconsistent 000000018005db60 f   sfc_debug:sfdb_state_consistency.obj
 0001:0005ce60       sf_debug_sc_fill_consistency_info 000000018005de60 f   sfc_debug:sfdb_state_consistency.obj
 0001:0005d440       void_assertion_fcn         000000018005e440 f   sfc_debug:sfdb_call_stack.obj
 0001:0005d9c0       sf_debug_tm_fill_local_trace 000000018005e9c0 f   sfc_debug:sfdb_call_stack.obj
 0001:0005df90       sf_debug_cd_terminate_instance 000000018005ef90 f   sfc_debug:sfdb_cycle_detection.obj
 0001:0005dff0       sf_debug_cd_free_checksum_stack 000000018005eff0 f   sfc_debug:sfdb_cycle_detection.obj
 0001:0005e040       sf_debug_cd_reset_pack_strings 000000018005f040 f   sfc_debug:sfdb_cycle_detection.obj
 0001:0005e700       md5file_clear              000000018005f700 f   sfc_debug:ckmd5.obj
 0001:0005e730       Encode                     000000018005f730 f   sfc_debug:ckmd5.obj
 0001:0005e780       Decode                     000000018005f780 f   sfc_debug:ckmd5.obj
 0001:0005e820       MD5Transform               000000018005f820 f   sfc_debug:ckmd5.obj
 0001:0005f070       md5file_addn               0000000180060070 f   sfc_debug:ckmd5.obj
 0001:0005f140       md5file_hash               0000000180060140 f   sfc_debug:ckmd5.obj
 0001:0005f618       pre_c_init                 0000000180060618 f   MSVCRT:crtdll.obj
 0001:0005f8d4       __DllMainCRTStartup        00000001800608d4 f   MSVCRT:crtdll.obj
 0001:0005ffe0       __DllMainCRTStartup$filt$0 0000000180060fe0 f   MSVCRT:crtdll.obj
 0001:00060010       __DllMainCRTStartup$fin$1  0000000180061010 f   MSVCRT:crtdll.obj
 0001:0006002a       _onexit$fin$0              000000018006102a f   MSVCRT:atonexit.obj
 0001:00060050       _IsNonwritableInCurrentImage$filt$0 0000000180061050 f   MSVCRT:pesect.obj
