 campus_windows_sfun

 Timestamp is 53052d0f (Wed Feb 19 17:15:43 2014)

 Preferred load address is 0000000180000000

 Start         Length     Name                   Class
 0001:00000000 0005eb84H .text                   CODE
 0001:0005eb90 00000092H .text$x                 CODE
 0002:00000000 00000480H .idata$5                DATA
 0002:00000480 00000008H .CRT$XCA                DATA
 0002:00000488 00000008H .CRT$XCZ                DATA
 0002:00000490 00000008H .CRT$XIA                DATA
 0002:00000498 00000008H .CRT$XIAA               DATA
 0002:000004a0 00000008H .CRT$XIZ                DATA
 0002:000004b0 00004cdcH .rdata                  DATA
 0002:00005190 00000008H .rtc$IAA                DATA
 0002:00005198 00000008H .rtc$IZZ                DATA
 0002:000051a0 00000008H .rtc$TAA                DATA
 0002:000051a8 00000008H .rtc$TZZ                DATA
 0002:000051b0 0000465cH .xdata                  DATA
 0002:0000980c 000000a0H .idata$2                DATA
 0002:000098ac 00000014H .idata$3                DATA
 0002:000098c0 00000480H .idata$4                DATA
 0002:00009d40 00000a74H .idata$6                DATA
 0002:0000a7c0 00000059H .edata                  DATA
 0003:00000000 000083b8H .data                   DATA
 0003:000083c0 000026b8H .bss                    DATA
 0004:00000000 00003a38H .pdata                  DATA

  Address         Publics by Value              Rva+Base               Lib:Object

 0000:00000000       ___safe_se_handler_table   0000000000000000     <absolute>
 0000:00000000       ___safe_se_handler_count   0000000000000000     <absolute>
 0000:00000000       __ImageBase                0000000180000000     <linker-defined>
 0001:00000000       sf_c1_campus_windows_get_eml_resolved_functions_info 0000000180001000 f   c1_campus_windows.obj
 0001:00000950       sf_c1_campus_windows_get_check_sum 0000000180001950 f   c1_campus_windows.obj
 0001:000009d0       sf_c1_campus_windows_get_autoinheritance_info 00000001800019d0 f   c1_campus_windows.obj
 0001:00001450       sf_internal_get_sim_state_c1_campus_windows 0000000180002450 f   c1_campus_windows.obj
 0001:00001810       sf_internal_set_sim_state_c1_campus_windows 0000000180002810 f   c1_campus_windows.obj
 0001:00001d10       c1_campus_windows_method_dispatcher 0000000180002d10 f   c1_campus_windows.obj
 0001:00008080       sf_c2_campus_windows_get_eml_resolved_functions_info 0000000180009080 f   c2_campus_windows.obj
 0001:00008990       sf_c2_campus_windows_get_check_sum 0000000180009990 f   c2_campus_windows.obj
 0001:00008a10       sf_c2_campus_windows_get_autoinheritance_info 0000000180009a10 f   c2_campus_windows.obj
 0001:00008e30       sf_internal_get_sim_state_c2_campus_windows 0000000180009e30 f   c2_campus_windows.obj
 0001:00009180       sf_internal_set_sim_state_c2_campus_windows 000000018000a180 f   c2_campus_windows.obj
 0001:00009570       c2_campus_windows_method_dispatcher 000000018000a570 f   c2_campus_windows.obj
 0001:0000b1f0       sf_c3_campus_windows_get_eml_resolved_functions_info 000000018000c1f0 f   c3_campus_windows.obj
 0001:0000b270       sf_c3_campus_windows_get_check_sum 000000018000c270 f   c3_campus_windows.obj
 0001:0000b2f0       sf_c3_campus_windows_get_autoinheritance_info 000000018000c2f0 f   c3_campus_windows.obj
 0001:0000cfd0       sf_internal_get_sim_state_c3_campus_windows 000000018000dfd0 f   c3_campus_windows.obj
 0001:0000e1c0       sf_internal_set_sim_state_c3_campus_windows 000000018000f1c0 f   c3_campus_windows.obj
 0001:0000ec70       c3_campus_windows_method_dispatcher 000000018000fc70 f   c3_campus_windows.obj
 0001:00013050       sf_c4_campus_windows_get_eml_resolved_functions_info 0000000180014050 f   c4_campus_windows.obj
 0001:000130d0       sf_c4_campus_windows_get_check_sum 00000001800140d0 f   c4_campus_windows.obj
 0001:00013150       sf_c4_campus_windows_get_autoinheritance_info 0000000180014150 f   c4_campus_windows.obj
 0001:00014510       sf_internal_get_sim_state_c4_campus_windows 0000000180015510 f   c4_campus_windows.obj
 0001:000151b0       sf_internal_set_sim_state_c4_campus_windows 00000001800161b0 f   c4_campus_windows.obj
 0001:000159d0       c4_campus_windows_method_dispatcher 00000001800169d0 f   c4_campus_windows.obj
 0001:00018de0       sf_c5_campus_windows_get_eml_resolved_functions_info 0000000180019de0 f   c5_campus_windows.obj
 0001:00018e60       sf_c5_campus_windows_get_check_sum 0000000180019e60 f   c5_campus_windows.obj
 0001:00018ee0       sf_c5_campus_windows_get_autoinheritance_info 0000000180019ee0 f   c5_campus_windows.obj
 0001:0001a2a0       sf_internal_get_sim_state_c5_campus_windows 000000018001b2a0 f   c5_campus_windows.obj
 0001:0001af30       sf_internal_set_sim_state_c5_campus_windows 000000018001bf30 f   c5_campus_windows.obj
 0001:0001b750       c5_campus_windows_method_dispatcher 000000018001c750 f   c5_campus_windows.obj
 0001:0001eb50       sf_c6_campus_windows_get_eml_resolved_functions_info 000000018001fb50 f   c6_campus_windows.obj
 0001:0001f170       sf_c6_campus_windows_get_check_sum 0000000180020170 f   c6_campus_windows.obj
 0001:0001f1f0       sf_c6_campus_windows_get_autoinheritance_info 00000001800201f0 f   c6_campus_windows.obj
 0001:0001f8a0       sf_internal_get_sim_state_c6_campus_windows 00000001800208a0 f   c6_campus_windows.obj
 0001:0001fc60       sf_internal_set_sim_state_c6_campus_windows 0000000180020c60 f   c6_campus_windows.obj
 0001:00020140       c6_campus_windows_method_dispatcher 0000000180021140 f   c6_campus_windows.obj
 0001:00023110       sf_c7_campus_windows_get_eml_resolved_functions_info 0000000180024110 f   c7_campus_windows.obj
 0001:00023190       sf_c7_campus_windows_get_check_sum 0000000180024190 f   c7_campus_windows.obj
 0001:00023210       sf_c7_campus_windows_get_autoinheritance_info 0000000180024210 f   c7_campus_windows.obj
 0001:00024340       sf_internal_get_sim_state_c7_campus_windows 0000000180025340 f   c7_campus_windows.obj
 0001:00024e50       sf_internal_set_sim_state_c7_campus_windows 0000000180025e50 f   c7_campus_windows.obj
 0001:000255c0       c7_campus_windows_method_dispatcher 00000001800265c0 f   c7_campus_windows.obj
 0001:00028530       sf_c8_campus_windows_get_eml_resolved_functions_info 0000000180029530 f   c8_campus_windows.obj
 0001:00028c00       sf_c8_campus_windows_get_check_sum 0000000180029c00 f   c8_campus_windows.obj
 0001:00028c80       sf_c8_campus_windows_get_autoinheritance_info 0000000180029c80 f   c8_campus_windows.obj
 0001:000290a0       sf_internal_get_sim_state_c8_campus_windows 000000018002a0a0 f   c8_campus_windows.obj
 0001:00029470       sf_internal_set_sim_state_c8_campus_windows 000000018002a470 f   c8_campus_windows.obj
 0001:00029920       c8_campus_windows_method_dispatcher 000000018002a920 f   c8_campus_windows.obj
 0001:0002c4c0       sf_process_check_sum_call  000000018002d4c0 f   campus_windows_sfun_registry.obj
 0001:0002c510       sf_process_autoinheritance_call 000000018002d510 f   campus_windows_sfun_registry.obj
 0001:0002c6b0       sf_process_get_eml_resolved_functions_info_call 000000018002d6b0 f   campus_windows_sfun_registry.obj
 0001:0002c830       sf_mex_unlock_call         000000018002d830 f   campus_windows_sfun_registry.obj
 0001:0002c8e0       sf_machine_global_initializer_called 000000018002d8e0 f   campus_windows_sfun_registry.obj
 0001:0002c910       sf_machine_global_method_dispatcher 000000018002d910 f   campus_windows_sfun_registry.obj
 0001:0002c970       sf_machine_global_terminator 000000018002d970 f   campus_windows_sfun_registry.obj
 0001:0002c9b0       sf_register_machine_exported_symbols 000000018002d9b0 f   campus_windows_sfun_registry.obj
 0001:0002c9d0       callCustomFcn              000000018002d9d0 f   campus_windows_sfun_registry.obj
 0001:0002c9e0       sf_machine_global_initializer 000000018002d9e0 f   campus_windows_sfun_registry.obj
 0001:0002ca50       _ssSetStateAbsTol          000000018002da50 f   campus_windows_sfun_registry.obj
 0001:0002cb30       _ssGetAbsTol               000000018002db30 f   campus_windows_sfun_registry.obj
 0001:0002cba0       _ssSetInputPortMatrixDimensions 000000018002dba0 f   campus_windows_sfun_registry.obj
 0001:0002ccb0       _ssSetOutputPortMatrixDimensions 000000018002dcb0 f   campus_windows_sfun_registry.obj
 0001:0002cdc0       _ssSetInputPortVectorDimension 000000018002ddc0 f   campus_windows_sfun_registry.obj
 0001:0002ce90       _ssSetOutputPortVectorDimension 000000018002de90 f   campus_windows_sfun_registry.obj
 0001:0002cf60       ssIsRunTimeParamTunable    000000018002df60 f   campus_windows_sfun_registry.obj
 0001:0002cfd0       ssGetSFuncBlockHandle      000000018002dfd0 f   campus_windows_sfun_registry.obj
 0001:0002d040       _ssGetCurrentInputPortWidth 000000018002e040 f   campus_windows_sfun_registry.obj
 0001:0002d160       _ssGetCurrentOutputPortWidth 000000018002e160 f   campus_windows_sfun_registry.obj
 0001:0002d280       _ssGetCallSystemNumFcnCallDestinations 000000018002e280 f   campus_windows_sfun_registry.obj
 0001:0002d2f0       ssWarning                  000000018002e2f0 f   campus_windows_sfun_registry.obj
 0001:0002d400       ssGetIsZeroCrossControlDisabled 000000018002e400 f   campus_windows_sfun_registry.obj
 0001:0002d470       ssSetIsInputPortUsedForContZcSignal 000000018002e470 f   campus_windows_sfun_registry.obj
 0001:0002d4e0       ssSetZcSignalIsZcElementDisc 000000018002e4e0 f   campus_windows_sfun_registry.obj
 0001:0002d590       ssSetZcSignalName          000000018002e590 f   campus_windows_sfun_registry.obj
 0001:0002d600       ssSetZcSignalWidth         000000018002e600 f   campus_windows_sfun_registry.obj
 0001:0002d670       ssSetZcSignalZcEventType   000000018002e670 f   campus_windows_sfun_registry.obj
 0001:0002d6e0       ssSetZcSignalType          000000018002e6e0 f   campus_windows_sfun_registry.obj
 0001:0002d750       ssSetZcSignalZcTol         000000018002e750 f   campus_windows_sfun_registry.obj
 0001:0002d7c0       ssSetZcSignalNeedsEventNotification 000000018002e7c0 f   campus_windows_sfun_registry.obj
 0001:0002d830       ssCreateAndAddZcSignalInfo 000000018002e830 f   campus_windows_sfun_registry.obj
 0001:0002d8a0       ssCloneAndAddZcSignalInfo  000000018002e8a0 f   campus_windows_sfun_registry.obj
 0001:0002d910       ssGetNumZcSignals          000000018002e910 f   campus_windows_sfun_registry.obj
 0001:0002d980       ssGetZcSignalVector        000000018002e980 f   campus_windows_sfun_registry.obj
 0001:0002d9f0       ssGetZcSignalZcEvents      000000018002e9f0 f   campus_windows_sfun_registry.obj
 0001:0002da60       ssGetZcSignalName          000000018002ea60 f   campus_windows_sfun_registry.obj
 0001:0002dad0       ssGetZcSignalWidth         000000018002ead0 f   campus_windows_sfun_registry.obj
 0001:0002db40       ssGetZcSignalZcEventType   000000018002eb40 f   campus_windows_sfun_registry.obj
 0001:0002dbb0       ssGetZcSignalType          000000018002ebb0 f   campus_windows_sfun_registry.obj
 0001:0002dc20       ssGetZcSignalZcTol         000000018002ec20 f   campus_windows_sfun_registry.obj
 0001:0002dca0       ssGetZcSignalNeedsEventNotification 000000018002eca0 f   campus_windows_sfun_registry.obj
 0001:0002dd10       ssGetZcSignalIsZcElementDisc 000000018002ed10 f   campus_windows_sfun_registry.obj
 0001:0002ddb0       ssGetIsInputPortElementContinuous 000000018002edb0 f   campus_windows_sfun_registry.obj
 0001:0002de50       _ssGetInputPortSignalPtrsFcn 000000018002ee50 f   campus_windows_sfun_registry.obj
 0001:0002e110       _ssGetInputPortSignalFcn   000000018002f110 f   campus_windows_sfun_registry.obj
 0001:0002e330       _ssSetInputPortDirectFeedThroughFcn 000000018002f330 f   campus_windows_sfun_registry.obj
 0001:0002e490       _ssSetInputPortReusableFcn 000000018002f490 f   campus_windows_sfun_registry.obj
 0001:0002e580       _ssSetOutputPortReusableFcn 000000018002f580 f   campus_windows_sfun_registry.obj
 0001:0002e660       ssGetDTypeIdFromMxArray    000000018002f660 f   campus_windows_sfun_registry.obj
 0001:0002e780       ssWriteRTWStr              000000018002f780 f   campus_windows_sfun_registry.obj
 0001:0002e7e0       ssWriteRTWMxVectParam      000000018002f7e0 f   campus_windows_sfun_registry.obj
 0001:0002e840       ssWriteRTWMx2dMatParam     000000018002f840 f   campus_windows_sfun_registry.obj
 0001:0002e8c0       ssWriteRTWNameValuePair    000000018002f8c0 f   campus_windows_sfun_registry.obj
 0001:0002edb0       ssWriteRTWParameters       000000018002fdb0 f   campus_windows_sfun_registry.obj
 0001:0002f3b0       ssWriteRTWParamSettings    00000001800303b0 f   campus_windows_sfun_registry.obj
 0001:0002fa80       ssWriteRTWWorkVect         0000000180030a80 f   campus_windows_sfun_registry.obj
 0001:0002ff80       mexFunction                0000000180030f80 f   campus_windows_sfun_registry.obj
 0001:00031bc0       ProcessMexSfunctionEveryCall 0000000180032bc0 f   campus_windows_sfun_registry.obj
 0001:00031d30       campus_windows_initializer 0000000180032d30 f   campus_windows_sfun.obj
 0001:00031d40       campus_windows_terminator  0000000180032d40 f   campus_windows_sfun.obj
 0001:00031d50       sf_campus_windows_method_dispatcher 0000000180032d50 f   campus_windows_sfun.obj
 0001:00031e90       sf_campus_windows_process_check_sum_call 0000000180032e90 f   campus_windows_sfun.obj
 0001:00032350       sf_campus_windows_autoinheritance_info 0000000180033350 f   campus_windows_sfun.obj
 0001:000326f0       sf_campus_windows_get_eml_resolved_functions_info 00000001800336f0 f   campus_windows_sfun.obj
 0001:000329e0       campus_windows_debug_initialize 00000001800339e0 f   campus_windows_sfun.obj
 0001:00032a50       campus_windows_register_exported_symbols 0000000180033a50 f   campus_windows_sfun.obj
 0001:00032a60       load_campus_windows_optimization_info 0000000180033a60 f   campus_windows_sfun.obj
 0001:00032ab0       unload_campus_windows_optimization_info 0000000180033ab0 f   campus_windows_sfun.obj
 0001:00032b80       sf_mex_mx_is_numeric       0000000180033b80 f   sfc_mex:sfc_mex.obj
 0001:00032bc0       strcmp_ignore_ws           0000000180033bc0 f   sfc_mex:sfc_mex.obj
 0001:00032d00       sf_mex_duplicatearraysafe  0000000180033d00 f   sfc_mex:sfc_mex.obj
 0001:00032e60       sf_set_error_debugger_context_message_fcn 0000000180033e60 f   sfc_mex:sfc_mex.obj
 0001:00032e70       sf_set_debugger_matlab_error_fcn 0000000180033e70 f   sfc_mex:sfc_mex.obj
 0001:00032ea0       sf_set_error_prefix_string 0000000180033ea0 f   sfc_mex:sfc_mex.obj
 0001:00032ed0       sf_get_error_prefix_string 0000000180033ed0 f   sfc_mex:sfc_mex.obj
 0001:00032ee0       sf_mex_enter_parallel_region 0000000180033ee0 f   sfc_mex:sfc_mex.obj
 0001:00032ef0       sf_mex_exit_parallel_region 0000000180033ef0 f   sfc_mex:sfc_mex.obj
 0001:00032f00       sf_get_current_jmp_buf_ptr 0000000180033f00 f   sfc_mex:sfc_mex.obj
 0001:00032f10       sf_set_current_jmp_buf_ptr 0000000180033f10 f   sfc_mex:sfc_mex.obj
 0001:00032f20       sf_mex_set_halt_simulation 0000000180033f20 f   sfc_mex:sfc_mex.obj
 0001:00032f30       sf_mex_get_halt_simulation 0000000180033f30 f   sfc_mex:sfc_mex.obj
 0001:00032f40       sf_mex_clear_error_message 0000000180033f40 f   sfc_mex:sfc_mex.obj
 0001:00032f60       sf_mex_get_error_message_for_read 0000000180033f60 f   sfc_mex:sfc_mex.obj
 0001:00032f70       sf_mex_get_error_message_buffer_length 0000000180033f70 f   sfc_mex:sfc_mex.obj
 0001:00033050       sf_mex_warning_message     0000000180034050 f   sfc_mex:sfc_mex.obj
 0001:000330c0       sf_mex_v_errbuf_createf    00000001800340c0 f   sfc_mex:sfc_mex.obj
 0001:000330d0       sf_mex_errbuf_createf      00000001800340d0 f   sfc_mex:sfc_mex.obj
 0001:00033100       sf_mex_v_errbuf_catf       0000000180034100 f   sfc_mex:sfc_mex.obj
 0001:00033140       sf_mex_errbuf_catf         0000000180034140 f   sfc_mex:sfc_mex.obj
 0001:00033190       sf_mex_errbuf_copy         0000000180034190 f   sfc_mex:sfc_mex.obj
 0001:000331a0       sf_mex_errbuf_clear        00000001800341a0 f   sfc_mex:sfc_mex.obj
 0001:000331b0       sf_mex_errbuf_isempty      00000001800341b0 f   sfc_mex:sfc_mex.obj
 0001:000332c0       sf_mex_set_error_status    00000001800342c0 f   sfc_mex:sfc_mex.obj
 0001:00033310       sf_mex_error_direct_call   0000000180034310 f   sfc_mex:sfc_mex.obj
 0001:00033330       sf_mex_error_message_no_long_jump 0000000180034330 f   sfc_mex:sfc_mex.obj
 0001:00033350       sf_mex_long_jump_on_error  0000000180034350 f   sfc_mex:sfc_mex.obj
 0001:00033380       sf_mex_call_matlab         0000000180034380 f   sfc_mex:sfc_mex.obj
 0001:000334a0       sf_mex_check_builtin       00000001800344a0 f   sfc_mex:sfc_mex.obj
 0001:000334e0       sf_mex_check_builtin_vs    00000001800344e0 f   sfc_mex:sfc_mex.obj
 0001:00033540       sf_mex_check_enum          0000000180034540 f   sfc_mex:sfc_mex.obj
 0001:00033570       sf_mex_create_enum         0000000180034570 f   sfc_mex:sfc_mex.obj
 0001:00033590       sf_mex_get_enum_element    0000000180034590 f   sfc_mex:sfc_mex.obj
 0001:000335a0       sf_mex_createcellarray     00000001800345a0 f   sfc_mex:sfc_mex.obj
 0001:000335b0       sf_mex_setcell             00000001800345b0 f   sfc_mex:sfc_mex.obj
 0001:000335c0       sf_mex_getcell             00000001800345c0 f   sfc_mex:sfc_mex.obj
 0001:000335d0       sf_mex_dup                 00000001800345d0 f   sfc_mex:sfc_mex.obj
 0001:000335f0       sf_mex_assign              00000001800345f0 f   sfc_mex:sfc_mex.obj
 0001:00033670       sf_mex_destroy             0000000180034670 f   sfc_mex:sfc_mex.obj
 0001:000336a0       mx_array_has_fi_type       00000001800346a0 f   sfc_mex:sfc_mex.obj
 0001:000336d0       sf_mex_convert_from_fi     00000001800346d0 f   sfc_mex:sfc_mex.obj
 0001:00033780       sf_mex_convert_to_double   0000000180034780 f   sfc_mex:sfc_mex.obj
 0001:000338a0       sf_mex_import_fi_vs        00000001800348a0 f   sfc_mex:sfc_mex.obj
 0001:00033a60       sf_matrix_matrix_index_ok  0000000180034a60 f   sfc_mex:sfc_mex.obj
 0001:00033af0       sf_vector_vector_index_ok  0000000180034af0 f   sfc_mex:sfc_mex.obj
 0001:00033b20       ssGetCurrentInputPortDimensions_wrapper 0000000180034b20 f   sfc_mex:sfc_mex.obj
 0001:00033b40       ssGetCurrentOutputPortDimensions_wrapper 0000000180034b40 f   sfc_mex:sfc_mex.obj
 0001:00033b60       sf_mex_emlrt_context_is_debug_mode 0000000180034b60 f   sfc_mex:sfc_mex.obj
 0001:00033b70       sf_mex_emlrt_context_set_debug_mode 0000000180034b70 f   sfc_mex:sfc_mex.obj
 0001:00033b80       sf_mex_emlrtNameCapturePostProcessR2012a 0000000180034b80 f   sfc_mex:sfc_mex.obj
 0001:00033bf0       sf_clear_error_manager_info 0000000180034bf0 f   sfc_mex:sfc_mex.obj
 0001:00033c50       sf_mex_stop_simulation_abruptly_wo_error 0000000180034c50 f   sfc_mex:sfc_mex.obj
 0001:00033c90       sf_mex_error_message       0000000180034c90 f   sfc_mex:sfc_mex.obj
 0001:00033cf0       sf_react_to_error_in_matlab_call 0000000180034cf0 f   sfc_mex:sfc_mex.obj
 0001:00033d20       sf_mex_addfield            0000000180034d20 f   sfc_mex:sfc_mex.obj
 0001:00033dc0       sf_mex_getfield            0000000180034dc0 f   sfc_mex:sfc_mex.obj
 0001:000340c0       sf_mex_check_class         00000001800350c0 f   sfc_mex:sfc_mex.obj
 0001:00034160       sf_mex_is_real             0000000180035160 f   sfc_mex:sfc_mex.obj
 0001:000345d0       sf_mex_decode_encoded_mx_struct_array 00000001800355d0 f   sfc_mex:sfc_mex.obj
 0001:000348b0       sf_mex_lw_bounds_check     00000001800358b0 f   sfc_mex:sfc_mex.obj
 0001:000348e0       sf_mex_lw_size_eq_check_1d 00000001800358e0 f   sfc_mex:sfc_mex.obj
 0001:00034900       sf_mex_lw_size_eq_check_nd 0000000180035900 f   sfc_mex:sfc_mex.obj
 0001:00034ae0       sf_mex_lw_dim_size_eq_check 0000000180035ae0 f   sfc_mex:sfc_mex.obj
 0001:00034b10       sf_mex_lw_dim_size_geq_check 0000000180035b10 f   sfc_mex:sfc_mex.obj
 0001:00034b40       sf_mex_lw_sub_assign_size_check_nd 0000000180035b40 f   sfc_mex:sfc_mex.obj
 0001:00034d70       sf_mex_lw_runtime_error_msgid 0000000180035d70 f   sfc_mex:sfc_mex.obj
 0001:00034e60       sf_mex_lw_matrix_matrix_index_check 0000000180035e60 f   sfc_mex:sfc_mex.obj
 0001:00034e80       sf_mex_lw_vector_vector_index_check 0000000180035e80 f   sfc_mex:sfc_mex.obj
 0001:00034ec0       sf_mex_lw_for_loop_vector_check 0000000180035ec0 f   sfc_mex:sfc_mex.obj
 0001:00034f40       sf_mex_lw_non_negative_check 0000000180035f40 f   sfc_mex:sfc_mex.obj
 0001:00034f80       sf_mex_overflow_error      0000000180035f80 f   sfc_mex:sfc_mex.obj
 0001:00034f90       sf_mex_dividebyzero_error  0000000180035f90 f   sfc_mex:sfc_mex.obj
 0001:00034fa0       sf_mex_unsafe_enum_error   0000000180035fa0 f   sfc_mex:sfc_mex.obj
 0001:00034fb0       sf_emlrtErrHandler         0000000180035fb0 f   sfc_mex:sfc_mex.obj
 0001:00035090       sf_mex_size_one_check      0000000180036090 f   sfc_mex:sfc_mex.obj
 0001:000350b0       sf_mex_printf              00000001800360b0 f   sfc_mex:sfc_mex.obj
 0001:00035280       sf_mex_check_size          0000000180036280 f   sfc_mex:sfc_mex.obj
 0001:00035550       sf_mex_check_struct        0000000180036550 f   sfc_mex:sfc_mex.obj
 0001:000357b0       sf_mex_check_struct_vs     00000001800367b0 f   sfc_mex:sfc_mex.obj
 0001:00035840       sf_mex_check_fi            0000000180036840 f   sfc_mex:sfc_mex.obj
 0001:00035940       sf_mex_check_fi_vs         0000000180036940 f   sfc_mex:sfc_mex.obj
 0001:000359e0       sf_echo_expression         00000001800369e0 f   sfc_mex:sfc_mex.obj
 0001:00035a40       sf_assertion_failed        0000000180036a40 f   sfc_mex:sfc_mex.obj
 0001:00035d20       sf_mex_evalin              0000000180036d20 f   sfc_mex:sfc_mex.obj
 0001:00035f90       sf_mex_export              0000000180036f90 f   sfc_mex:sfc_mex.obj
 0001:00036050       sf_mex_get_ml_var_no_error 0000000180037050 f   sfc_mex:sfc_mex.obj
 0001:000361f0       sf_mex_get_ml_var          00000001800371f0 f   sfc_mex:sfc_mex.obj
 0001:00036690       ml_set_element_value_in_array 0000000180037690 f   sfc_mex:sfc_mex.obj
 0001:00037d60       sf_mex_call_impl           0000000180038d60 f   sfc_mex:sfc_mex.obj
 0001:00038290       sf_mex_call_debug          0000000180039290 f   sfc_mex:sfc_mex.obj
 0001:000382c0       sf_mex_call                00000001800392c0 f   sfc_mex:sfc_mex.obj
 0001:00038910       sf_mex_createstruct        0000000180039910 f   sfc_mex:sfc_mex.obj
 0001:00038a00       sf_mex_createstructarray   0000000180039a00 f   sfc_mex:sfc_mex.obj
 0001:00038a80       sf_mex_get_mx_datatype_from_sf_datatype 0000000180039a80 f   sfc_mex:sfc_mex.obj
 0001:00038d90       sf_mex_ml_var_sub          0000000180039d90 f   sfc_mex:sfc_mex.obj
 0001:00038f60       sf_mex_ml_var_subsasgn     0000000180039f60 f   sfc_mex:sfc_mex.obj
 0001:00039350       sf_mex_sub                 000000018003a350 f   sfc_mex:sfc_mex.obj
 0001:00039550       sf_mex_subsasgn            000000018003a550 f   sfc_mex:sfc_mex.obj
 0001:00039a30       sf_mex_create              000000018003aa30 f   sfc_mex:sfc_mex.obj
 0001:0003a480       sf_mex_import_named        000000018003b480 f   sfc_mex:sfc_mex.obj
 0001:0003a4e0       sf_mex_import              000000018003b4e0 f   sfc_mex:sfc_mex.obj
 0001:0003a530       sf_mex_import_vs           000000018003b530 f   sfc_mex:sfc_mex.obj
 0001:0003a640       sf_mex_lower_fixpt_mx_array 000000018003b640 f   sfc_mex:sfc_mex.obj
 0001:0003a930       sf_send_message_wrapper    000000018003b930 f   sfc_mex:sfc_sf.obj
 0001:0003a960       sf_receive_message_wrapper 000000018003b960 f   sfc_mex:sfc_sf.obj
 0001:0003a9a0       sf_check_out_message_wrapper 000000018003b9a0 f   sfc_mex:sfc_sf.obj
 0001:0003a9e0       sf_check_in_message_wrapper 000000018003b9e0 f   sfc_mex:sfc_sf.obj
 0001:0003aa20       sf_no_message_wrapper      000000018003ba20 f   sfc_mex:sfc_sf.obj
 0001:0003adb0       sim_mode_is_rtw_gen        000000018003bdb0 f   sfc_mex:sfc_sf.obj
 0001:0003ade0       sim_mode_is_external       000000018003bde0 f   sfc_mex:sfc_sf.obj
 0001:0003adf0       sim_mode_is_modelref_sim   000000018003bdf0 f   sfc_mex:sfc_sf.obj
 0001:0003ae10       mdlInitializeSizes         000000018003be10 f   sfc_mex:sfc_sf.obj
 0001:0003ae30       mdlInitializeSampleTimes   000000018003be30 f   sfc_mex:sfc_sf.obj
 0001:0003ae70       mdlZeroCrossings           000000018003be70 f   sfc_mex:sfc_sf.obj
 0001:0003af50       mdlDerivatives             000000018003bf50 f   sfc_mex:sfc_sf.obj
 0001:0003b000       mdl_initialize_conditions_processing 000000018003c000 f   sfc_mex:sfc_sf.obj
 0001:0003b030       mdlInitializeConditions    000000018003c030 f   sfc_mex:sfc_sf.obj
 0001:0003b0f0       mdlGetSimState             000000018003c0f0 f   sfc_mex:sfc_sf.obj
 0001:0003b100       mdlSetSimState             000000018003c100 f   sfc_mex:sfc_sf.obj
 0001:0003b110       mdl_ext_mode_exec_processing 000000018003c110 f   sfc_mex:sfc_sf.obj
 0001:0003b130       mdlExtModeExec             000000018003c130 f   sfc_mex:sfc_sf.obj
 0001:0003b2c0       mdlTerminate               000000018003c2c0 f   sfc_mex:sfc_sf.obj
 0001:0003b330       mdlRTW                     000000018003c330 f   sfc_mex:sfc_sf.obj
 0001:0003b360       mdlSetWorkWidths           000000018003c360 f   sfc_mex:sfc_sf.obj
 0001:0003b370       mdlProcessParameters       000000018003c370 f   sfc_mex:sfc_sf.obj
 0001:0003b380       mdl_start_processing       000000018003c380 f   sfc_mex:sfc_sf.obj
 0001:0003b3c0       mdlStart                   000000018003c3c0 f   sfc_mex:sfc_sf.obj
 0001:0003b4b0       mdlEnable                  000000018003c4b0 f   sfc_mex:sfc_sf.obj
 0001:0003b580       mdlDisable                 000000018003c580 f   sfc_mex:sfc_sf.obj
 0001:0003b630       sf_get_chart_instance_ptr  000000018003c630 f   sfc_mex:sfc_sf.obj
 0001:0003b650       sf_load_rtw_optimization_info 000000018003c650 f   sfc_mex:sfc_sf.obj
 0001:0003b720       sf_rtw_info_uint_prop      000000018003c720 f   sfc_mex:sfc_sf.obj
 0001:0003b860       sf_is_chart_inlinable      000000018003c860 f   sfc_mex:sfc_sf.obj
 0001:0003b880       sf_mark_output_events_with_multiple_callers 000000018003c880 f   sfc_mex:sfc_sf.obj
 0001:0003ba10       sf_mark_chart_reusable_outputs 000000018003ca10 f   sfc_mex:sfc_sf.obj
 0001:0003bc70       sf_mark_chart_expressionable_inputs 000000018003cc70 f   sfc_mex:sfc_sf.obj
 0001:0003bed0       sf_get_subchart_simstruct  000000018003ced0 f   sfc_mex:sfc_sf.obj
 0001:0003bf20       sf_get_fixpt_data_type_id  000000018003cf20 f   sfc_mex:sfc_sf.obj
 0001:0003bf60       sf_get_enum_data_type_id   000000018003cf60 f   sfc_mex:sfc_sf.obj
 0001:0003bfa0       sf_get_param_data_type_id  000000018003cfa0 f   sfc_mex:sfc_sf.obj
 0001:0003bfd0       sf_mex_listen_for_ctrl_c_force 000000018003cfd0 f   sfc_mex:sfc_sf.obj
 0001:0003c0e0       sf_mex_draw_now            000000018003d0e0 f   sfc_mex:sfc_sf.obj
 0001:0003c120       sf_mex_set_debugger_sim_status_listener_fcn 000000018003d120 f   sfc_mex:sfc_sf.obj
 0001:0003c130       sf_mex_listen_for_ctrl_c   000000018003d130 f   sfc_mex:sfc_sf.obj
 0001:0003c1c0       sf_mex_get_sfun_param      000000018003d1c0 f   sfc_mex:sfc_sf.obj
 0001:0003c210       sf_get_runtime_param_data  000000018003d210 f   sfc_mex:sfc_sf.obj
 0001:0003c250       sf_call_output_fcn_call    000000018003d250 f   sfc_mex:sfc_sf.obj
 0001:0003c390       sf_call_output_fcn_enable  000000018003d390 f   sfc_mex:sfc_sf.obj
 0001:0003c420       sf_call_output_fcn_disable 000000018003d420 f   sfc_mex:sfc_sf.obj
 0001:0003c4b0       sf_clear_rtw_identifier    000000018003d4b0 f   sfc_mex:sfc_sf.obj
 0001:0003cca0       sf_set_encoded_dwork_info  000000018003dca0 f   sfc_mex:sfc_sf.obj
 0001:0003ccf0       sf_get_dwork_info_from_mat_file 000000018003dcf0 f   sfc_mex:sfc_sf.obj
 0001:0003ceb0       sf_set_rtw_dwork_info      000000018003deb0 f   sfc_mex:sfc_sf.obj
 0001:0003d020       mdlOutputs                 000000018003e020 f   sfc_mex:sfc_sf.obj
 0001:0003d1c0       sf_debug_disp              000000018003e1c0 f   sfc_debug:sfcdebug.obj
 0001:0003d420       sf_debug_data_runtime_size_mismatch_error_check 000000018003e420 f   sfc_debug:sfcdebug.obj
 0001:0003d4c0       sf_debug_try_loading_machine 000000018003e4c0 f   sfc_debug:sfcdebug.obj
 0001:0003d5c0       sf_debug_reset_current_state_configuration 000000018003e5c0 f   sfc_debug:sfcdebug.obj
 0001:0003d650       sf_debug_store_current_state_configuration 000000018003e650 f   sfc_debug:sfcdebug.obj
 0001:0003d6e0       sf_debug_restore_previous_state_configuration 000000018003e6e0 f   sfc_debug:sfcdebug.obj
 0001:0003d770       sf_debug_restore_previous_state_configuration2 000000018003e770 f   sfc_debug:sfcdebug.obj
 0001:0003d800       sf_debug_get_event_scope   000000018003e800 f   sfc_debug:sfcdebug.obj
 0001:0003d970       use_debugger_step_animation 000000018003e970 f   sfc_debug:sfcdebug.obj
 0001:0003d990       sf_debug_get_script_id     000000018003e990 f   sfc_debug:sfcdebug.obj
 0001:0003da20       sf_debug_set_script_translation 000000018003ea20 f   sfc_debug:sfcdebug.obj
 0001:0003dba0       sf_debug_extract_message_post_receive_info 000000018003eba0 f   sfc_debug:sfcdebug.obj
 0001:0003dca0       sf_debug_get_current_machine_id 000000018003eca0 f   sfc_debug:sfcdebug.obj
 0001:0003dcc0       sf_debug_get_current_optional_integer 000000018003ecc0 f   sfc_debug:sfcdebug.obj
 0001:0003dcd0       sf_debug_get_current_machine_number 000000018003ecd0 f   sfc_debug:sfcdebug.obj
 0001:0003dcf0       sf_debug_get_current_machine_name 000000018003ecf0 f   sfc_debug:sfcdebug.obj
 0001:0003dd10       sf_debug_get_current_chart_id 000000018003ed10 f   sfc_debug:sfcdebug.obj
 0001:0003dd60       sf_debug_get_current_chart_number 000000018003ed60 f   sfc_debug:sfcdebug.obj
 0001:0003dd70       sf_debug_get_current_instance_number 000000018003ed70 f   sfc_debug:sfcdebug.obj
 0001:0003dd80       sf_debug_get_current_is_minor_time_step 000000018003ed80 f   sfc_debug:sfcdebug.obj
 0001:0003de00       sf_debug_get_current_object_type 000000018003ee00 f   sfc_debug:sfcdebug.obj
 0001:0003de10       sf_debug_get_current_instance_handle 000000018003ee10 f   sfc_debug:sfcdebug.obj
 0001:0003de70       sf_debug_get_current_event_type 000000018003ee70 f   sfc_debug:sfcdebug.obj
 0001:0003de80       sf_debug_get_current_object_id 000000018003ee80 f   sfc_debug:sfcdebug.obj
 0001:0003dec0       sf_debug_get_current_active_event_type 000000018003eec0 f   sfc_debug:sfcdebug.obj
 0001:0003ded0       sf_debug_get_current_active_event_id 000000018003eed0 f   sfc_debug:sfcdebug.obj
 0001:0003df10       sf_debug_get_current_tag_type 000000018003ef10 f   sfc_debug:sfcdebug.obj
 0001:0003df20       sf_debug_get_current_simulation_time 000000018003ef20 f   sfc_debug:sfcdebug.obj
 0001:0003df30       sf_debug_get_current_coverage_percentage 000000018003ef30 f   sfc_debug:sfcdebug.obj
 0001:0003df40       sf_debug_current_statement_context 000000018003ef40 f   sfc_debug:sfcdebug.obj
 0001:0003dfd0       sf_debug_get_current_statement_info 000000018003efd0 f   sfc_debug:sfcdebug.obj
 0001:0003e150       sf_debug_terminate_instance 000000018003f150 f   sfc_debug:sfcdebug.obj
 0001:0003e490       sf_debug_assertion_failed  000000018003f490 f   sfc_debug:sfcdebug.obj
 0001:0003e640       sf_debug_set_number_of_data_with_change_event_for_machine 000000018003f640 f   sfc_debug:sfcdebug.obj
 0001:0003e680       sf_debug_set_machine_event_thresholds 000000018003f680 f   sfc_debug:sfcdebug.obj
 0001:0003e6a0       sf_debug_set_machine_event_scope 000000018003f6a0 f   sfc_debug:sfcdebug.obj
 0001:0003e6e0       sf_debug_set_machine_data_thresholds 000000018003f6e0 f   sfc_debug:sfcdebug.obj
 0001:0003e720       sf_debug_set_machine_data_scope 000000018003f720 f   sfc_debug:sfcdebug.obj
 0001:0003e7b0       sf_debug_set_machine_data_name 000000018003f7b0 f   sfc_debug:sfcdebug.obj
 0001:0003e850       sf_debug_set_machine_data_size 000000018003f850 f   sfc_debug:sfcdebug.obj
 0001:0003e990       sf_debug_set_machine_data_type 000000018003f990 f   sfc_debug:sfcdebug.obj
 0001:0003eb00       sf_debug_get_chart_data_number 000000018003fb00 f   sfc_debug:sfcdebug.obj
 0001:0003eb20       sf_debug_get_chart_event_number 000000018003fb20 f   sfc_debug:sfcdebug.obj
 0001:0003eb40       sf_debug_set_chart_state_info 000000018003fb40 f   sfc_debug:sfcdebug.obj
 0001:0003ebc0       sf_debug_set_chart_decomposition 000000018003fbc0 f   sfc_debug:sfcdebug.obj
 0001:0003ec30       sf_debug_set_chart_substate_count 000000018003fc30 f   sfc_debug:sfcdebug.obj
 0001:0003ed10       sf_debug_set_chart_substate_index 000000018003fd10 f   sfc_debug:sfcdebug.obj
 0001:0003ed80       sf_debug_set_chart_state_substate_count 000000018003fd80 f   sfc_debug:sfcdebug.obj
 0001:0003ee90       sf_debug_set_chart_state_substate_index 000000018003fe90 f   sfc_debug:sfcdebug.obj
 0001:0003ef10       sf_debug_set_number_of_data_with_change_event_for_chart 000000018003ff10 f   sfc_debug:sfcdebug.obj
 0001:0003ef90       sf_debug_set_number_of_states_with_entry_event_for_chart 000000018003ff90 f   sfc_debug:sfcdebug.obj
 0001:0003f000       sf_debug_set_number_of_states_with_exit_event_for_chart 0000000180040000 f   sfc_debug:sfcdebug.obj
 0001:0003f070       sf_debug_set_chart_disable_implicit_casting 0000000180040070 f   sfc_debug:sfcdebug.obj
 0001:0003f0e0       sf_debug_set_chart_event_thresholds 00000001800400e0 f   sfc_debug:sfcdebug.obj
 0001:0003f150       sf_debug_set_chart_data_compiled_props 0000000180040150 f   sfc_debug:sfcdebug.obj
 0001:0003f4a0       sf_debug_set_chart_data_props 00000001800404a0 f   sfc_debug:sfcdebug.obj
 0001:0003f7c0       sf_debug_check_fi_license  00000001800407c0 f   sfc_debug:sfcdebug.obj
 0001:0003f9b0       sf_debug_symbol_scope_push 00000001800409b0 f   sfc_debug:sfcdebug.obj
 0001:0003f9f0       sf_debug_symbol_scope_push_eml 00000001800409f0 f   sfc_debug:sfcdebug.obj
 0001:0003fa40       sf_debug_symbol_scope_pop  0000000180040a40 f   sfc_debug:sfcdebug.obj
 0001:0003fa80       sf_debug_symbol_scope_add_importable 0000000180040a80 f   sfc_debug:sfcdebug.obj
 0001:0003fb00       sf_debug_symbol_scope_add  0000000180040b00 f   sfc_debug:sfcdebug.obj
 0001:0003fb80       sf_debug_symbol_scope_add_dyn_importable 0000000180040b80 f   sfc_debug:sfcdebug.obj
 0001:0003fc40       sf_debug_symbol_scope_add_dyn 0000000180040c40 f   sfc_debug:sfcdebug.obj
 0001:0003fc70       sf_debug_symbol_scope_add_eml_importable 0000000180040c70 f   sfc_debug:sfcdebug.obj
 0001:0003fcb0       sf_debug_symbol_scope_add_eml 0000000180040cb0 f   sfc_debug:sfcdebug.obj
 0001:0003fcf0       sf_debug_symbol_scope_add_eml_dyn_importable 0000000180040cf0 f   sfc_debug:sfcdebug.obj
 0001:0003fd60       sf_debug_symbol_scope_add_eml_dyn 0000000180040d60 f   sfc_debug:sfcdebug.obj
 0001:0003fdc0       sf_debug_symbol_switch     0000000180040dc0 f   sfc_debug:sfcdebug.obj
 0001:0003fde0       sf_debug_symbol_scope_add_verbose 0000000180040de0 f   sfc_debug:sfcdebug.obj
 0001:0003feb0       sf_debug_set_machine_data_value_ptr 0000000180040eb0 f   sfc_debug:sfcdebug.obj
 0001:0003fef0       sf_debug_set_instance_data_value_ptr 0000000180040ef0 f   sfc_debug:sfcdebug.obj
 0001:0003ffb0       sf_debug_unset_instance_data_value_ptr 0000000180040fb0 f   sfc_debug:sfcdebug.obj
 0001:00040060       sf_debug_set_chart_event_scope 0000000180041060 f   sfc_debug:sfcdebug.obj
 0001:000400e0       sf_debug_set_chart_transition_coverage_maps 00000001800410e0 f   sfc_debug:sfcdebug.obj
 0001:000401f0       sf_debug_set_chart_state_coverage_maps 00000001800411f0 f   sfc_debug:sfcdebug.obj
 0001:000402d0       sf_debug_set_instance_transition_coverage_weights 00000001800412d0 f   sfc_debug:sfcdebug.obj
 0001:00040370       sf_debug_set_instance_state_coverage_weights 0000000180041370 f   sfc_debug:sfcdebug.obj
 0001:000405c0       sf_debug_unload_machine    00000001800415c0 f   sfc_debug:sfcdebug.obj
 0001:00040610       sf_debug_load_machine      0000000180041610 f   sfc_debug:sfcdebug.obj
 0001:00040710       sf_debug_set_active_instance_in_data_dictionary 0000000180041710 f   sfc_debug:sfcdebug.obj
 0001:000408f0       sf_debug_set_active_instance 00000001800418f0 f   sfc_debug:sfcdebug.obj
 0001:00040a30       sf_debug_chart_visiblity_change 0000000180041a30 f   sfc_debug:sfcdebug.obj
 0001:00040b10       sf_debug_select_chart      0000000180041b10 f   sfc_debug:sfcdebug.obj
 0001:00040be0       sf_debug_set_instance_cv_ids 0000000180041be0 f   sfc_debug:sfcdebug.obj
 0001:00040ef0       sf_debug_select_charts     0000000180041ef0 f   sfc_debug:sfcdebug.obj
 0001:00041030       sf_debug_initialized       0000000180042030 f   sfc_debug:sfcdebug.obj
 0001:00041040       sf_debug_is_uninterruptible 0000000180042040 f   sfc_debug:sfcdebug.obj
 0001:00041070       sf_debug_initialize_debugger_gui 0000000180042070 f   sfc_debug:sfcdebug.obj
 0001:00041460       sf_debug_resume            0000000180042460 f   sfc_debug:sfcdebug.obj
 0001:00041480       sf_debug_go                0000000180042480 f   sfc_debug:sfcdebug.obj
 0001:00041490       sf_debug_break             0000000180042490 f   sfc_debug:sfcdebug.obj
 0001:000414a0       sf_debug_step_over         00000001800424a0 f   sfc_debug:sfcdebug.obj
 0001:000414b0       sf_debug_step_out          00000001800424b0 f   sfc_debug:sfcdebug.obj
 0001:000414c0       sf_debug_set_disable_all_breakpoints 00000001800424c0 f   sfc_debug:sfcdebug.obj
 0001:000414d0       sf_debug_disable_all_breakpoints_and_go 00000001800424d0 f   sfc_debug:sfcdebug.obj
 0001:000414e0       sf_debug_break_on_chart_entry 00000001800424e0 f   sfc_debug:sfcdebug.obj
 0001:000414f0       sf_debug_break_on_event_broadcast 00000001800424f0 f   sfc_debug:sfcdebug.obj
 0001:00041500       sf_debug_break_on_state_entry 0000000180042500 f   sfc_debug:sfcdebug.obj
 0001:00041510       sf_debug_break_between_times 0000000180042510 f   sfc_debug:sfcdebug.obj
 0001:00041530       sf_debug_browse_data       0000000180042530 f   sfc_debug:sfcdebug.obj
 0001:00041550       sf_debug_watch_data        0000000180042550 f   sfc_debug:sfcdebug.obj
 0001:00041570       sf_debug_assign_data       0000000180042570 f   sfc_debug:sfcdebug.obj
 0001:00041590       sf_debug_whos              0000000180042590 f   sfc_debug:sfcdebug.obj
 0001:000415b0       sf_debug_get_consistency_info 00000001800425b0 f   sfc_debug:sfcdebug.obj
 0001:000415c0       sf_debug_browse_trace      00000001800425c0 f   sfc_debug:sfcdebug.obj
 0001:000415d0       sf_debug_set_breakpoints   00000001800425d0 f   sfc_debug:sfcdebug.obj
 0001:00041730       sf_debug_set_eml_breakpoints 0000000180042730 f   sfc_debug:sfcdebug.obj
 0001:00041890       sf_debug_set_script_breakpoints 0000000180042890 f   sfc_debug:sfcdebug.obj
 0001:00041910       sf_debug_add_script_breakpoints 0000000180042910 f   sfc_debug:sfcdebug.obj
 0001:00041980       sf_debug_clear_script_breakpoints 0000000180042980 f   sfc_debug:sfcdebug.obj
 0001:000419f0       sf_debug_query_script_breakpoints 00000001800429f0 f   sfc_debug:sfcdebug.obj
 0001:00041ab0       sf_debug_get_eml_script_id 0000000180042ab0 f   sfc_debug:sfcdebug.obj
 0001:00041b00       sf_debug_set_watch         0000000180042b00 f   sfc_debug:sfcdebug.obj
 0001:00041d30       sf_debug_get_instance_handle 0000000180042d30 f   sfc_debug:sfcdebug.obj
 0001:00041dc0       sf_debug_get_active_states 0000000180042dc0 f   sfc_debug:sfcdebug.obj
 0001:00041dd0       sf_debug_get_animation     0000000180042dd0 f   sfc_debug:sfcdebug.obj
 0001:00041de0       sf_debug_set_animation     0000000180042de0 f   sfc_debug:sfcdebug.obj
 0001:00041df0       sf_debug_animate           0000000180042df0 f   sfc_debug:sfcdebug.obj
 0001:00041e20       sf_debug_cycle_detection_check 0000000180042e20 f   sfc_debug:sfcdebug.obj
 0001:00041e30       sf_debug_data_range_check  0000000180042e30 f   sfc_debug:sfcdebug.obj
 0001:00041e40       sf_debug_transition_conflict_check 0000000180042e40 f   sfc_debug:sfcdebug.obj
 0001:00041e50       sf_debug_state_consistency_check 0000000180042e50 f   sfc_debug:sfcdebug.obj
 0001:00041e60       sf_debug_data_range_check_enabled 0000000180042e60 f   sfc_debug:sfcdebug.obj
 0001:00041e80       sf_debug_transition_conflict_check_enabled 0000000180042e80 f   sfc_debug:sfcdebug.obj
 0001:00041ea0       sf_debug_transition_conflict_check_begin 0000000180042ea0 f   sfc_debug:sfcdebug.obj
 0001:00041ec0       sf_debug_transition_conflict_check_end 0000000180042ec0 f   sfc_debug:sfcdebug.obj
 0001:00041ee0       sf_debug_stop_debugging    0000000180042ee0 f   sfc_debug:sfcdebug.obj
 0001:00041f10       sf_debug_is_cycle_detected 0000000180042f10 f   sfc_debug:sfcdebug.obj
 0001:00041f20       sf_debug_is_array_bounds_detected 0000000180042f20 f   sfc_debug:sfcdebug.obj
 0001:00041f30       sf_debug_get_state_vectors_data_size 0000000180042f30 f   sfc_debug:sfcdebug.obj
 0001:00041f70       sf_debug_get_state_vectors_data 0000000180042f70 f   sfc_debug:sfcdebug.obj
 0001:00042070       sf_debug_set_state_vectors_data 0000000180043070 f   sfc_debug:sfcdebug.obj
 0001:00042330       sf_debug_get_script_index  0000000180043330 f   sfc_debug:sfcdebug.obj
 0001:000424c0       sf_debug_add_script        00000001800434c0 f   sfc_debug:sfcdebug.obj
 0001:00042650       cv_eval_point              0000000180043650 f   sfc_debug:sfcdebug.obj
 0001:000427c0       cv_eval_testobjective      00000001800437c0 f   sfc_debug:sfcdebug.obj
 0001:000428e0       sf_debug_cv_init_state     00000001800438e0 f   sfc_debug:sfcdebug.obj
 0001:00042a00       sf_debug_cv_init_chart     0000000180043a00 f   sfc_debug:sfcdebug.obj
 0001:00042ae0       sf_debug_cv_init_trans     0000000180043ae0 f   sfc_debug:sfcdebug.obj
 0001:00042be0       sf_debug_cv_init_testobjectives 0000000180043be0 f   sfc_debug:sfcdebug.obj
 0001:00042dc0       cv_eml_init_script         0000000180043dc0 f   sfc_debug:sfcdebug.obj
 0001:00042ec0       cv_eml_init_fcn            0000000180043ec0 f   sfc_debug:sfcdebug.obj
 0001:00042f70       cv_eml_init_testobjective  0000000180043f70 f   sfc_debug:sfcdebug.obj
 0001:00043040       cv_eml_init_if             0000000180044040 f   sfc_debug:sfcdebug.obj
 0001:00043110       cv_eml_init_for            0000000180044110 f   sfc_debug:sfcdebug.obj
 0001:000431d0       cv_eml_init_while          00000001800441d0 f   sfc_debug:sfcdebug.obj
 0001:00043290       cv_eml_init_mcdc           0000000180044290 f   sfc_debug:sfcdebug.obj
 0001:000433a0       cv_eml_init_switch         00000001800443a0 f   sfc_debug:sfcdebug.obj
 0001:00043490       cv_eml_eval                0000000180044490 f   sfc_debug:sfcdebug.obj
 0001:00043570       sf_debug_bm_is_a_eml_breakpoint 0000000180044570 f   sfc_debug:sfcdebug.obj
 0001:000436c0       sf_debug_temporal_threshold 00000001800446c0 f   sfc_debug:sfcdebug.obj
 0001:00043a20       sf_debug_transition_conflict_error 0000000180044a20 f   sfc_debug:sfcdebug.obj
 0001:00043da0       sf_debug_state_inconsistency_error 0000000180044da0 f   sfc_debug:sfcdebug.obj
 0001:00043ec0       sf_debug_check_for_state_inconsistency 0000000180044ec0 f   sfc_debug:sfcdebug.obj
 0001:00043ef0       sf_debug_cycle_detecton_error 0000000180044ef0 f   sfc_debug:sfcdebug.obj
 0001:000446e0       sf_debug_size_eq_check_1d  00000001800456e0 f   sfc_debug:sfcdebug.obj
 0001:00044700       sf_debug_size_eq_check_nd  0000000180045700 f   sfc_debug:sfcdebug.obj
 0001:000448e0       sf_debug_dim_size_eq_check 00000001800458e0 f   sfc_debug:sfcdebug.obj
 0001:00044910       sf_debug_dim_size_geq_check 0000000180045910 f   sfc_debug:sfcdebug.obj
 0001:00044940       sf_debug_sub_assign_size_check_nd 0000000180045940 f   sfc_debug:sfcdebug.obj
 0001:00044b80       sf_debug_matrix_matrix_index_check 0000000180045b80 f   sfc_debug:sfcdebug.obj
 0001:00044bb0       sf_debug_vector_vector_index_check 0000000180045bb0 f   sfc_debug:sfcdebug.obj
 0001:00044be0       sf_debug_for_loop_vector_check 0000000180045be0 f   sfc_debug:sfcdebug.obj
 0001:00044c60       sf_debug_runtime_error_msgid 0000000180045c60 f   sfc_debug:sfcdebug.obj
 0001:00044cf0       sf_debug_data_array_bounds_error_check 0000000180045cf0 f   sfc_debug:sfcdebug.obj
 0001:00044e00       sf_debug_eml_data_array_bounds_error_check 0000000180045e00 f   sfc_debug:sfcdebug.obj
 0001:000452e0       sf_debug_integer_check     00000001800462e0 f   sfc_debug:sfcdebug.obj
 0001:000453c0       sf_debug_not_nan_check     00000001800463c0 f   sfc_debug:sfcdebug.obj
 0001:00045480       sf_debug_non_negative_check 0000000180046480 f   sfc_debug:sfcdebug.obj
 0001:00045540       sf_debug_overflow_detection 0000000180046540 f   sfc_debug:sfcdebug.obj
 0001:00045c30       sf_debug_cast_to_real32_T  0000000180046c30 f   sfc_debug:sfcdebug.obj
 0001:00045cf0       sf_debug_cast_to_int8_T    0000000180046cf0 f   sfc_debug:sfcdebug.obj
 0001:00045db0       sf_debug_cast_to_uint8_T   0000000180046db0 f   sfc_debug:sfcdebug.obj
 0001:00045e70       sf_debug_cast_to_int16_T   0000000180046e70 f   sfc_debug:sfcdebug.obj
 0001:00045f30       sf_debug_cast_to_uint16_T  0000000180046f30 f   sfc_debug:sfcdebug.obj
 0001:00045ff0       sf_debug_cast_to_int32_T   0000000180046ff0 f   sfc_debug:sfcdebug.obj
 0001:000460b0       sf_debug_cast_to_uint32_T  00000001800470b0 f   sfc_debug:sfcdebug.obj
 0001:00046170       sf_debug_data_range_error  0000000180047170 f   sfc_debug:sfcdebug.obj
 0001:000464c0       sf_debug_read_before_write_check 00000001800474c0 f   sfc_debug:sfcdebug.obj
 0001:000468b0       sf_debug_data_range_error_wrapper_min_max 00000001800478b0 f   sfc_debug:sfcdebug.obj
 0001:000469a0       sf_debug_data_range_error_wrapper_min 00000001800479a0 f   sfc_debug:sfcdebug.obj
 0001:00046a80       sf_debug_data_range_error_wrapper_max 0000000180047a80 f   sfc_debug:sfcdebug.obj
 0001:00046b60       sf_debug_data_range_wrapper 0000000180047b60 f   sfc_debug:sfcdebug.obj
 0001:00046c10       sf_debug_set_current_status_info 0000000180047c10 f   sfc_debug:sfcdebug.obj
 0001:00046fc0       sf_debug_register_message_post_receive_info 0000000180047fc0 f   sfc_debug:sfcdebug.obj
 0001:00047230       sf_debug_call              0000000180048230 f   sfc_debug:sfcdebug.obj
 0001:000480f0       sf_debug_initialize_machine 00000001800490f0 f   sfc_debug:sfcdebug.obj
 0001:00048400       sf_debug_initialize_chart  0000000180049400 f   sfc_debug:sfcdebug.obj
 0001:000488e0       sf_debug_ensure_script     00000001800498e0 f   sfc_debug:sfcdebug.obj
 0001:000489a0       cv_script_init_script      00000001800499a0 f   sfc_debug:sfcdebug.obj
 0001:00048a80       cv_script_init_fcn         0000000180049a80 f   sfc_debug:sfcdebug.obj
 0001:00048b30       cv_script_init_testobjective 0000000180049b30 f   sfc_debug:sfcdebug.obj
 0001:00048be0       cv_script_init_if          0000000180049be0 f   sfc_debug:sfcdebug.obj
 0001:00048c90       cv_script_init_for         0000000180049c90 f   sfc_debug:sfcdebug.obj
 0001:00048d40       cv_script_init_while       0000000180049d40 f   sfc_debug:sfcdebug.obj
 0001:00048df0       cv_script_init_mcdc        0000000180049df0 f   sfc_debug:sfcdebug.obj
 0001:00048ef0       cv_script_init_switch      0000000180049ef0 f   sfc_debug:sfcdebug.obj
 0001:00048fd0       cv_script_eval             0000000180049fd0 f   sfc_debug:sfcdebug.obj
 0001:000490b0       eml_debug_line_call        000000018004a0b0 f   sfc_debug:sfcdebug.obj
 0001:00049260       sf_debug_terminate         000000018004a260 f   sfc_debug:sfcdebug.obj
 0001:000493d0       sf_debug_set_script_cv_ids 000000018004a3d0 f   sfc_debug:sfcdebug.obj
 0001:00049500       sf_debug_api               000000018004a500 f   sfc_debug:sfc_api.obj
 0001:0004ace0       sf_debug_sm_terminate      000000018004bce0 f   sfc_debug:sfdb_animation.obj
 0001:0004aea0       sf_debug_reset_path_objects 000000018004bea0 f   sfc_debug:sfdb_animation.obj
 0001:0004af20       sf_debug_sm_reset_object_selection_status 000000018004bf20 f   sfc_debug:sfdb_animation.obj
 0001:0004afc0       sf_debug_sm_reset_state_buffer 000000018004bfc0 f   sfc_debug:sfdb_animation.obj
 0001:0004b090       sf_debug_sm_store_state_buffer 000000018004c090 f   sfc_debug:sfdb_animation.obj
 0001:0004b110       sf_debug_sm_restore_state_buffer1 000000018004c110 f   sfc_debug:sfdb_animation.obj
 0001:0004b180       sf_debug_sm_restore_state_buffer2 000000018004c180 f   sfc_debug:sfdb_animation.obj
 0001:0004b1f0       sf_debug_sm_chart_active   000000018004c1f0 f   sfc_debug:sfdb_animation.obj
 0001:0004b240       sf_debug_sm_select_active_objects 000000018004c240 f   sfc_debug:sfdb_animation.obj
 0001:0004b6f0       sf_debug_sm_is_chart_active 000000018004c6f0 f   sfc_debug:sfdb_animation.obj
 0001:0004b730       sf_debug_sm_is_state_active 000000018004c730 f   sfc_debug:sfdb_animation.obj
 0001:0004b970       sf_debug_sm_get_active_states 000000018004c970 f   sfc_debug:sfdb_animation.obj
 0001:0004bf30       sf_debug_sm_initialize_instance 000000018004cf30 f   sfc_debug:sfdb_animation.obj
 0001:0004c180       sf_debug_sm_change_object_selection_status 000000018004d180 f   sfc_debug:sfdb_animation.obj
 0001:0004c470       cv_create_interface        000000018004d470 f   sfc_debug:cv_sfinterface.obj
 0001:0004c7d0       cv_init_trans              000000018004d7d0 f   sfc_debug:cv_sfinterface.obj
 0001:0004c820       cv_init_testobjective      000000018004d820 f   sfc_debug:cv_sfinterface.obj
 0001:0004c860       cv_init_state              000000018004d860 f   sfc_debug:cv_sfinterface.obj
 0001:0004c8d0       cv_init_chart              000000018004d8d0 f   sfc_debug:cv_sfinterface.obj
 0001:0004c920       cv_dec_update_call         000000018004d920 f   sfc_debug:cv_sfinterface.obj
 0001:0004c960       cv_cond_update_call        000000018004d960 f   sfc_debug:cv_sfinterface.obj
 0001:0004c9a0       cv_testobjective_update_call 000000018004d9a0 f   sfc_debug:cv_sfinterface.obj
 0001:0004c9e0       cv_sigrange_update         000000018004d9e0 f   sfc_debug:cv_sfinterface.obj
 0001:0004ca20       cvsf_eml_eval              000000018004da20 f   sfc_debug:cv_sfinterface.obj
 0001:0004cb00       cvsf_eml_init_script       000000018004db00 f   sfc_debug:cv_sfinterface.obj
 0001:0004cb80       cvsf_eml_init_fcn          000000018004db80 f   sfc_debug:cv_sfinterface.obj
 0001:0004cbe0       cvsf_eml_init_testobjective 000000018004dbe0 f   sfc_debug:cv_sfinterface.obj
 0001:0004cc40       cvsf_eml_init_if           000000018004dc40 f   sfc_debug:cv_sfinterface.obj
 0001:0004cca0       cvsf_eml_init_for          000000018004dca0 f   sfc_debug:cv_sfinterface.obj
 0001:0004ccf0       cvsf_eml_init_while        000000018004dcf0 f   sfc_debug:cv_sfinterface.obj
 0001:0004cd40       cvsf_eml_init_mcdc         000000018004dd40 f   sfc_debug:cv_sfinterface.obj
 0001:0004cdd0       cvsf_eml_init_switch       000000018004ddd0 f   sfc_debug:cv_sfinterface.obj
 0001:0004ce40       cvsf_script_eval           000000018004de40 f   sfc_debug:cv_sfinterface.obj
 0001:0004cf20       cvsf_script_init_script    000000018004df20 f   sfc_debug:cv_sfinterface.obj
 0001:0004cfa0       cvsf_script_init_fcn       000000018004dfa0 f   sfc_debug:cv_sfinterface.obj
 0001:0004d000       cvsf_script_init_testobjective 000000018004e000 f   sfc_debug:cv_sfinterface.obj
 0001:0004d060       cvsf_script_init_if        000000018004e060 f   sfc_debug:cv_sfinterface.obj
 0001:0004d0c0       cvsf_script_init_for       000000018004e0c0 f   sfc_debug:cv_sfinterface.obj
 0001:0004d110       cvsf_script_init_while     000000018004e110 f   sfc_debug:cv_sfinterface.obj
 0001:0004d160       cvsf_script_init_mcdc      000000018004e160 f   sfc_debug:cv_sfinterface.obj
 0001:0004d1f0       cvsf_script_init_switch    000000018004e1f0 f   sfc_debug:cv_sfinterface.obj
 0001:0004d260       cv_destroy_interface       000000018004e260 f   sfc_debug:cv_sfinterface.obj
 0001:0004d280       cv_create_instance_objects 000000018004e280 f   sfc_debug:cv_sfinterface.obj
 0001:0004d730       cv_is_enabled              000000018004e730 f   sfc_debug:cv_sfinterface.obj
 0001:0004d740       sf_debug_cv_initialize_script 000000018004e740 f   sfc_debug:cv_sfinterface.obj
 0001:0004d8f0       sf_debug_cv_initialize_instance 000000018004e8f0 f   sfc_debug:cv_sfinterface.obj
 0001:0004dc90       sf_debug_cv_terminate_chart 000000018004ec90 f   sfc_debug:cv_sfinterface.obj
 0001:0004ddd0       cv_call_trans_test         000000018004edd0 f   sfc_debug:cv_sfinterface.obj
 0001:0004dde0       cv_call_sub_cond_test      000000018004ede0 f   sfc_debug:cv_sfinterface.obj
 0001:0004de20       sf_debug_st_initialize_machine 000000018004ee20 f   sfc_debug:sfdb_data_browse.obj
 0001:0004dee0       sf_debug_st_initialize_instance 000000018004eee0 f   sfc_debug:sfdb_data_browse.obj
 0001:0004e110       sf_debug_st_terminate      000000018004f110 f   sfc_debug:sfdb_data_browse.obj
 0001:0004e4b0       sf_debug_st_set_data_value_ptr_in_machine 000000018004f4b0 f   sfc_debug:sfdb_data_browse.obj
 0001:0004e540       sf_debug_st_set_data_value_ptr_in_instance 000000018004f540 f   sfc_debug:sfdb_data_browse.obj
 0001:0004e620       sf_debug_st_unset_data_value_ptr_in_machine 000000018004f620 f   sfc_debug:sfdb_data_browse.obj
 0001:0004e690       sf_debug_st_unset_data_value_ptr_in_instance 000000018004f690 f   sfc_debug:sfdb_data_browse.obj
 0001:0004e9a0       sf_debug_mx_value          000000018004f9a0 f   sfc_debug:sfdb_data_browse.obj
 0001:0004ea00       sf_debug_mx_packed_vector  000000018004fa00 f   sfc_debug:sfdb_data_browse.obj
 0001:0004eae0       sf_debug_mx_uint_vector    000000018004fae0 f   sfc_debug:sfdb_data_browse.obj
 0001:0004eba0       sf_debug_st_get_double_value_from_void_ptr_vector 000000018004fba0 f   sfc_debug:sfdb_data_browse.obj
 0001:0004f690       sf_debug_st_browse_data    0000000180050690 f   sfc_debug:sfdb_data_browse.obj
 0001:0004ff20       sf_debug_hm_initialize_instance 0000000180050f20 f   sfc_debug:sfdb_handle_management.obj
 0001:000504a0       sf_debug_hm_get_object_id  00000001800514a0 f   sfc_debug:sfdb_handle_management.obj
 0001:00052410       sf_debug_object_is_eml_function 0000000180053410 f   sfc_debug:sfdb_handle_management.obj
 0001:00052480       sf_debug_hm_initialize_ids_in_machine 0000000180053480 f   sfc_debug:sfdb_handle_management.obj
 0001:000525f0       sf_debug_hm_initialize_ids_in_chart 00000001800535f0 f   sfc_debug:sfdb_handle_management.obj
 0001:00052730       sf_debug_hm_initialize_chart 0000000180053730 f   sfc_debug:sfdb_handle_management.obj
 0001:00052ee0       sf_debug_hm_terminate      0000000180053ee0 f   sfc_debug:sfdb_handle_management.obj
 0001:00052f40       sf_debug_hm_initialize_machine 0000000180053f40 f   sfc_debug:sfdb_handle_management.obj
 0001:000536f0       sf_debug_ss_initialize     00000001800546f0 f   sfc_debug:sfdb_symbol_scope.obj
 0001:00053710       sf_debug_ss_terminate      0000000180054710 f   sfc_debug:sfdb_symbol_scope.obj
 0001:000537a0       sf_debug_ss_push_symbol_scope 00000001800547a0 f   sfc_debug:sfdb_symbol_scope.obj
 0001:000538a0       sf_debug_ss_push_symbol_scope_eml 00000001800548a0 f   sfc_debug:sfdb_symbol_scope.obj
 0001:00053900       sf_debug_ss_pop_symbol_scope 0000000180054900 f   sfc_debug:sfdb_symbol_scope.obj
 0001:000539b0       sf_debug_ss_add_symbol     00000001800549b0 f   sfc_debug:sfdb_symbol_scope.obj
 0001:00053b10       sf_debug_ss_add_symbol_eml 0000000180054b10 f   sfc_debug:sfdb_symbol_scope.obj
 0001:000547f0       sf_debug_ss_set_data_value 00000001800557f0 f   sfc_debug:sfdb_symbol_scope.obj
 0001:00054c90       sf_debug_ss_watch_data     0000000180055c90 f   sfc_debug:sfdb_symbol_scope.obj
 0001:00054d30       sf_debug_ss_assign_data    0000000180055d30 f   sfc_debug:sfdb_symbol_scope.obj
 0001:00055730       get_data_entry_name        0000000180056730 f   sfc_debug:sfdb_symbol_scope.obj
 0001:00055780       sf_debug_ss_whos           0000000180056780 f   sfc_debug:sfdb_symbol_scope.obj
 0001:00055e90       sf_debug_cc_initialize_chart 0000000180056e90 f   sfc_debug:sfdb_coverage.obj
 0001:00056880       sf_debug_cc_initialize_instance 0000000180057880 f   sfc_debug:sfdb_coverage.obj
 0001:00057680       sf_debug_cc_terminate      0000000180058680 f   sfc_debug:sfdb_coverage.obj
 0001:00057770       sf_debug_cc_set_transition_maps 0000000180058770 f   sfc_debug:sfdb_coverage.obj
 0001:000578a0       sf_debug_cc_set_state_maps 00000001800588a0 f   sfc_debug:sfdb_coverage.obj
 0001:00057980       sf_debug_cc_set_transition_weights 0000000180058980 f   sfc_debug:sfdb_coverage.obj
 0001:00057c50       sf_debug_cc_set_state_weights 0000000180058c50 f   sfc_debug:sfdb_coverage.obj
 0001:00057f20       sf_debug_cc_mark_transition_guard 0000000180058f20 f   sfc_debug:sfdb_coverage.obj
 0001:00057fb0       sf_debug_cc_mark_transition_trigger 0000000180058fb0 f   sfc_debug:sfdb_coverage.obj
 0001:00058040       sf_debug_cc_mark_transition_decision 0000000180059040 f   sfc_debug:sfdb_coverage.obj
 0001:000580b0       sf_debug_cc_mark_transition_condition_action 00000001800590b0 f   sfc_debug:sfdb_coverage.obj
 0001:00058100       sf_debug_cc_mark_transition_transition_action 0000000180059100 f   sfc_debug:sfdb_coverage.obj
 0001:00058150       sf_debug_cc_mark_state_entry 0000000180059150 f   sfc_debug:sfdb_coverage.obj
 0001:000581a0       sf_debug_cc_mark_state_during 00000001800591a0 f   sfc_debug:sfdb_coverage.obj
 0001:000581f0       sf_debug_cc_mark_state_exit 00000001800591f0 f   sfc_debug:sfdb_coverage.obj
 0001:00058240       sf_debug_bm_clear_script_breakpoints 0000000180059240 f   sfc_debug:sfdb_breakpoints.obj
 0001:00058270       sf_debug_bm_set_script_breakpoint 0000000180059270 f   sfc_debug:sfdb_breakpoints.obj
 0001:000582f0       sf_debug_bm_clear_single_script_breakpoint 00000001800592f0 f   sfc_debug:sfdb_breakpoints.obj
 0001:00058370       sf_debug_bm_query_script_breakpoint 0000000180059370 f   sfc_debug:sfdb_breakpoints.obj
 0001:000583c0       sf_debug_bm_initialize_scripts 00000001800593c0 f   sfc_debug:sfdb_breakpoints.obj
 0001:00058ae0       sf_debug_bm_terminate      0000000180059ae0 f   sfc_debug:sfdb_breakpoints.obj
 0001:00058dd0       sf_debug_bm_remove_all_breakpoints_in_machine 0000000180059dd0 f   sfc_debug:sfdb_breakpoints.obj
 0001:00058e40       sf_debug_bm_remove_all_breakpoints_in_chart 0000000180059e40 f   sfc_debug:sfdb_breakpoints.obj
 0001:00058f90       sf_debug_bm_initialize_global_breakpoints 0000000180059f90 f   sfc_debug:sfdb_breakpoints.obj
 0001:00059110       sf_debug_bm_set_breakpoint 000000018005a110 f   sfc_debug:sfdb_breakpoints.obj
 0001:00059740       sf_debug_bm_set_eml_breakpoint 000000018005a740 f   sfc_debug:sfdb_breakpoints.obj
 0001:000597e0       sf_debug_bm_initialize_machine_breakpoint_map 000000018005a7e0 f   sfc_debug:sfdb_breakpoints.obj
 0001:00059c00       sf_debug_bm_is_a_breakpoint 000000018005ac00 f   sfc_debug:sfdb_breakpoints.obj
 0001:0005a120       sf_debug_bm_get_all_breakpoints_in_machine 000000018005b120 f   sfc_debug:sfdb_breakpoints.obj
 0001:0005a420       sf_debug_bm_get_all_breakpoints_in_chart 000000018005b420 f   sfc_debug:sfdb_breakpoints.obj
 0001:0005b0e0       sf_debug_bm_initialize_machine 000000018005c0e0 f   sfc_debug:sfdb_breakpoints.obj
 0001:0005b1b0       sf_debug_bm_initialize_chart 000000018005c1b0 f   sfc_debug:sfdb_breakpoints.obj
 0001:0005b5d0       sf_debug_sc_terminate      000000018005c5d0 f   sfc_debug:sfdb_state_consistency.obj
 0001:0005b900       sf_debug_sc_is_chart_consistent 000000018005c900 f   sfc_debug:sfdb_state_consistency.obj
 0001:0005bbb0       sf_debug_sc_get_consistency_error_info 000000018005cbb0 f   sfc_debug:sfdb_state_consistency.obj
 0001:0005c000       sf_debug_tm_terminate      000000018005d000 f   sfc_debug:sfdb_call_stack.obj
 0001:0005c0c0       sf_debug_tm_push_chart_instance 000000018005d0c0 f   sfc_debug:sfdb_call_stack.obj
 0001:0005c210       sf_debug_tm_pop_chart_instance 000000018005d210 f   sfc_debug:sfdb_call_stack.obj
 0001:0005c270       sf_debug_tm_push_trace_node 000000018005d270 f   sfc_debug:sfdb_call_stack.obj
 0001:0005c400       sf_debug_tm_pop_trace_node 000000018005d400 f   sfc_debug:sfdb_call_stack.obj
 0001:0005c480       sf_debug_tm_get_current_global_trace_index 000000018005d480 f   sfc_debug:sfdb_call_stack.obj
 0001:0005c490       sf_debug_tm_get_current_local_trace_index 000000018005d490 f   sfc_debug:sfdb_call_stack.obj
 0001:0005c4c0       sf_debug_tm_set_cycle_detected_flag 000000018005d4c0 f   sfc_debug:sfdb_call_stack.obj
 0001:0005c500       sf_debug_tm_set_cycle_started_flag 000000018005d500 f   sfc_debug:sfdb_call_stack.obj
 0001:0005c540       sf_debug_tm_get_chart_number_from_stack 000000018005d540 f   sfc_debug:sfdb_call_stack.obj
 0001:0005c740       sf_debug_tm_browse_trace   000000018005d740 f   sfc_debug:sfdb_call_stack.obj
 0001:0005ca80       sf_debug_cd_initialize_instance 000000018005da80 f   sfc_debug:sfdb_cycle_detection.obj
 0001:0005cd30       sf_debug_cd_mark_processed_transition_in_instance 000000018005dd30 f   sfc_debug:sfdb_cycle_detection.obj
 0001:0005cdd0       sf_debug_cd_checksum_push  000000018005ddd0 f   sfc_debug:sfdb_cycle_detection.obj
 0001:0005d090       sf_debug_cd_checksum_pop   000000018005e090 f   sfc_debug:sfdb_cycle_detection.obj
 0001:0005d100       sf_debug_cd_turn_off_cycle_detection 000000018005e100 f   sfc_debug:sfdb_cycle_detection.obj
 0001:0005d150       sf_debug_cd_terminate      000000018005e150 f   sfc_debug:sfdb_cycle_detection.obj
 0001:0005d390       md5_initialize_state       000000018005e390 f   sfc_debug:ckmd5.obj
 0001:0005de00       md5_update_state           000000018005ee00 f   sfc_debug:ckmd5.obj
 0001:0005de20       md5_get_hash               000000018005ee20 f   sfc_debug:ckmd5.obj
 0001:0005de50       md5_get_hash_for_a_single_string 000000018005ee50 f   sfc_debug:ckmd5.obj
 0001:0005deb4       mxGetPr                    000000018005eeb4 f   libmx:libmx.dll
 0001:0005deba       mxCreateDoubleScalar       000000018005eeba f   libmx:libmx.dll
 0001:0005dec0       mxCreateDoubleMatrix_730   000000018005eec0 f   libmx:libmx.dll
 0001:0005dec6       mxSetField_730             000000018005eec6 f   libmx:libmx.dll
 0001:0005decc       mxCreateString             000000018005eecc f   libmx:libmx.dll
 0001:0005ded2       mxCreateStructMatrix_730   000000018005eed2 f   libmx:libmx.dll
 0001:0005ded8       mxDestroyArray             000000018005eed8 f   libmx:libmx.dll
 0001:0005dede       mxDuplicateArray           000000018005eede f   libmx:libmx.dll
 0001:0005dee4       mxGetString_730            000000018005eee4 f   libmx:libmx.dll
 0001:0005deea       mxIsChar                   000000018005eeea f   libmx:libmx.dll
 0001:0005def0       mxGetClassID               000000018005eef0 f   libmx:libmx.dll
 0001:0005def6       mxIsNumeric                000000018005eef6 f   libmx:libmx.dll
 0001:0005defc       mxIsComplex                000000018005eefc f   libmx:libmx.dll
 0001:0005df02       mxGetN                     000000018005ef02 f   libmx:libmx.dll
 0001:0005df08       mxGetM                     000000018005ef08 f   libmx:libmx.dll
 0001:0005df0e       mxCalloc                   000000018005ef0e f   libmx:libmx.dll
 0001:0005df14       mxGetScalar                000000018005ef14 f   libmx:libmx.dll
 0001:0005df1a       mxIsLogical                000000018005ef1a f   libmx:libmx.dll
 0001:0005df20       mxCreateDoubleMatrix_700   000000018005ef20 f   libmx:libmx.dll
 0001:0005df26       mxFree                     000000018005ef26 f   libmx:libmx.dll
 0001:0005df2c       mxArrayToString            000000018005ef2c f   libmx:libmx.dll
 0001:0005df32       mxCreateCellMatrix_700     000000018005ef32 f   libmx:libmx.dll
 0001:0005df38       mxSetCell_700              000000018005ef38 f   libmx:libmx.dll
 0001:0005df3e       mxGetCell_700              000000018005ef3e f   libmx:libmx.dll
 0001:0005df44       mxGetClassName             000000018005ef44 f   libmx:libmx.dll
 0001:0005df4a       mxSetField_700             000000018005ef4a f   libmx:libmx.dll
 0001:0005df50       mxAddField                 000000018005ef50 f   libmx:libmx.dll
 0001:0005df56       mxGetField_700             000000018005ef56 f   libmx:libmx.dll
 0001:0005df5c       mxGetNumberOfElements      000000018005ef5c f   libmx:libmx.dll
 0001:0005df62       mxIsStruct                 000000018005ef62 f   libmx:libmx.dll
 0001:0005df68       mxIsA                      000000018005ef68 f   libmx:libmx.dll
 0001:0005df6e       mxIsClass                  000000018005ef6e f   libmx:libmx.dll
 0001:0005df74       mxGetLogicals              000000018005ef74 f   libmx:libmx.dll
 0001:0005df7a       mxIsSparse                 000000018005ef7a f   libmx:libmx.dll
 0001:0005df80       mxSetFieldByNumber_700     000000018005ef80 f   libmx:libmx.dll
 0001:0005df86       mxGetFieldByNumber_700     000000018005ef86 f   libmx:libmx.dll
 0001:0005df8c       mxGetFieldNameByNumber     000000018005ef8c f   libmx:libmx.dll
 0001:0005df92       mxGetNumberOfFields        000000018005ef92 f   libmx:libmx.dll
 0001:0005df98       mxCreateStructMatrix_700   000000018005ef98 f   libmx:libmx.dll
 0001:0005df9e       mxGetFieldNumber           000000018005ef9e f   libmx:libmx.dll
 0001:0005dfa4       mxIsNaN                    000000018005efa4 f   libmx:libmx.dll
 0001:0005dfaa       mxIsEmpty                  000000018005efaa f   libmx:libmx.dll
 0001:0005dfb0       mxGetData                  000000018005efb0 f   libmx:libmx.dll
 0001:0005dfb6       mxGetImagData              000000018005efb6 f   libmx:libmx.dll
 0001:0005dfbc       mxArrayClassIDName         000000018005efbc f   libmx:libmx.dll
 0001:0005dfc2       mxCreateNumericMatrix_700  000000018005efc2 f   libmx:libmx.dll
 0001:0005dfc8       mxCreateStructArray_700    000000018005efc8 f   libmx:libmx.dll
 0001:0005dfce       mxCalcSingleSubscript_700  000000018005efce f   libmx:libmx.dll
 0001:0005dfd4       mxGetDimensions_700        000000018005efd4 f   libmx:libmx.dll
 0001:0005dfda       mxGetNumberOfDimensions_700 000000018005efda f   libmx:libmx.dll
 0001:0005dfe0       mxCreateNumericArray_700   000000018005efe0 f   libmx:libmx.dll
 0001:0005dfe6       mxGetElementSize           000000018005efe6 f   libmx:libmx.dll
 0001:0005dfec       mxCreateStringFromNChars_700 000000018005efec f   libmx:libmx.dll
 0001:0005dff2       mxGetString_700            000000018005eff2 f   libmx:libmx.dll
 0001:0005dff8       mxIsLogicalScalarTrue      000000018005eff8 f   libmx:libmx.dll
 0001:0005dffe       mxCreateLogicalScalar      000000018005effe f   libmx:libmx.dll
 0001:0005e004       mexUnlock                  000000018005f004 f   libmex:libmex.dll
 0001:0005e00a       mexIsLocked                000000018005f00a f   libmex:libmex.dll
 0001:0005e010       mexWarnMsgTxt              000000018005f010 f   libmex:libmex.dll
 0001:0005e016       mexCallMATLAB              000000018005f016 f   libmex:libmex.dll
 0001:0005e01c       mexErrMsgTxt               000000018005f01c f   libmex:libmex.dll
 0001:0005e022       mexMakeArrayPersistent     000000018005f022 f   libmex:libmex.dll
 0001:0005e028       mexSetTrapFlag             000000018005f028 f   libmex:libmex.dll
 0001:0005e02e       mexPutVariable             000000018005f02e f   libmex:libmex.dll
 0001:0005e034       mexGetVariable             000000018005f034 f   libmex:libmex.dll
 0001:0005e03a       mexLock                    000000018005f03a f   libmex:libmex.dll
 0001:0005e040       mexMakeMemoryPersistent    000000018005f040 f   libmex:libmex.dll
 0001:0005e046       mexFunctionName            000000018005f046 f   libmex:libmex.dll
 0001:0005e04c       ssRegisterDataTypeFxpFSlopeFixExpBias 000000018005f04c f   libfixedpoint:libfixedpoint.dll
 0001:0005e052       utVSNprintf                000000018005f052 f   libut:libut.dll
 0001:0005e058       utCPUtime                  000000018005f058 f   libut:libut.dll
 0001:0005e05e       utFree                     000000018005f05e f   libut:libut.dll
 0001:0005e064       utMalloc                   000000018005f064 f   libut:libut.dll
 0001:0005e06a       muDoubleScalarSign         000000018005f06a f   libmwmathutil:libmwmathutil.dll
 0001:0005e070       muDoubleScalarAbs          000000018005f070 f   libmwmathutil:libmwmathutil.dll
 0001:0005e076       emlrtCheckBuiltInCtxR2011a 000000018005f076 f   libemlrt:libemlrt.dll
 0001:0005e07c       emlrtCheckVsBuiltInCtxR2011a 000000018005f07c f   libemlrt:libemlrt.dll
 0001:0005e082       emlrtCheckEnumR2009a       000000018005f082 f   libemlrt:libemlrt.dll
 0001:0005e088       emlrtCreateEnumR2010a      000000018005f088 f   libemlrt:libemlrt.dll
 0001:0005e08e       emlrtGetEnumElementR2009a  000000018005f08e f   libemlrt:libemlrt.dll
 0001:0005e094       emlrtCreateReference       000000018005f094 f   libemlrt:libemlrt.dll
 0001:0005e09a       emlrtImportVsFiArrayR2009b 000000018005f09a f   libemlrt:libemlrt.dll
 0001:0005e0a0       emlrtNameCapturePostProcessR2012a 000000018005f0a0 f   libemlrt:libemlrt.dll
 0001:0005e0a6       emlrtExtractMessageId      000000018005f0a6 f   libemlrt:libemlrt.dll
 0001:0005e0ac       emlrtTranslateMessageIDtoLCPstring 000000018005f0ac f   libemlrt:libemlrt.dll
 0001:0005e0b2       emlrtForLoopVectorIsValidR2011b 000000018005f0b2 f   libemlrt:libemlrt.dll
 0001:0005e0b8       emlrtTranslateUTF16MessagetoLCPstring 000000018005f0b8 f   libemlrt:libemlrt.dll
 0001:0005e0be       emlrtGetEnumUnderlyingArrayR2009a 000000018005f0be f   libemlrt:libemlrt.dll
 0001:0005e0c4       emlrtIsEnumR2009a          000000018005f0c4 f   libemlrt:libemlrt.dll
 0001:0005e0cc       __GSHandlerCheckCommon     000000018005f0cc f   MSVCRT:gshandler.obj
 0001:0005e130       __GSHandlerCheck           000000018005f130 f   MSVCRT:gshandler.obj
 0001:0005e14e       strlen                     000000018005f14e f   MSVCRT:MSVCR100.dll
 0001:0005e170       __security_check_cookie    000000018005f170 f   MSVCRT:amdsecgs.obj
 0001:0005e190       memset                     000000018005f190 f   MSVCRT:MSVCR100.dll
 0001:0005e196       malloc                     000000018005f196 f   MSVCRT:MSVCR100.dll
 0001:0005e19c       free                       000000018005f19c f   MSVCRT:MSVCR100.dll
 0001:0005e1a2       strcmp                     000000018005f1a2 f   MSVCRT:MSVCR100.dll
 0001:0005e1a8       sprintf                    000000018005f1a8 f   MSVCRT:MSVCR100.dll
 0001:0005e1ae       strcat                     000000018005f1ae f   MSVCRT:MSVCR100.dll
 0001:0005e1b4       memcpy                     000000018005f1b4 f   MSVCRT:MSVCR100.dll
 0001:0005e1bc       NtCurrentTeb               000000018005f1bc f i MSVCRT:crtdll.obj
 0001:0005e228       _CRT_INIT                  000000018005f228 f   MSVCRT:crtdll.obj
 0001:0005e5c0       _DllMainCRTStartup         000000018005f5c0 f   MSVCRT:crtdll.obj
 0001:0005e5fe       strncpy                    000000018005f5fe f   MSVCRT:MSVCR100.dll
 0001:0005e620       __chkstk                   000000018005f620 f   MSVCRT:chkstk.obj
 0001:0005e620       _alloca_probe              000000018005f620     MSVCRT:chkstk.obj
 0001:0005e66e       longjmp                    000000018005f66e f   MSVCRT:MSVCR100.dll
 0001:0005e674       strncmp                    000000018005f674 f   MSVCRT:MSVCR100.dll
 0001:0005e67a       ceil                       000000018005f67a f   MSVCRT:MSVCR100.dll
 0001:0005e680       strrchr                    000000018005f680 f   MSVCRT:MSVCR100.dll
 0001:0005e686       _setjmp                    000000018005f686 f   MSVCRT:MSVCR100.dll
 0001:0005e68c       calloc                     000000018005f68c f   MSVCRT:MSVCR100.dll
 0001:0005e692       realloc                    000000018005f692 f   MSVCRT:MSVCR100.dll
 0001:0005e698       ldexp                      000000018005f698 f   MSVCRT:MSVCR100.dll
 0001:0005e6a0       __report_gsfailure         000000018005f6a0 f   MSVCRT:gs_report.obj
 0001:0005e7ec       __clean_type_info_names    000000018005f7ec f   MSVCRT:tncleanup.obj
 0001:0005e7f8       _onexit                    000000018005f7f8 f   MSVCRT:atonexit.obj
 0001:0005e8a8       atexit                     000000018005f8a8 f   MSVCRT:atonexit.obj
 0001:0005e8c0       _RTC_Initialize            000000018005f8c0 f   MSVCRT:_initsect_.obj
 0001:0005e8f8       _RTC_Terminate             000000018005f8f8 f   MSVCRT:_initsect_.obj
 0001:0005e930       _malloc_crt                000000018005f930 f   MSVCRT:MSVCR100.dll
 0001:0005e940       _ValidateImageBase         000000018005f940 f   MSVCRT:pesect.obj
 0001:0005e970       _FindPESection             000000018005f970 f   MSVCRT:pesect.obj
 0001:0005e9c0       _IsNonwritableInCurrentImage 000000018005f9c0 f   MSVCRT:pesect.obj
 0001:0005ea02       _initterm                  000000018005fa02 f   MSVCRT:MSVCR100.dll
 0001:0005ea08       _initterm_e                000000018005fa08 f   MSVCRT:MSVCR100.dll
 0001:0005ea0e       _encoded_null              000000018005fa0e f   MSVCRT:MSVCR100.dll
 0001:0005ea14       _amsg_exit                 000000018005fa14 f   MSVCRT:MSVCR100.dll
 0001:0005ea1a       __C_specific_handler       000000018005fa1a f   MSVCRT:MSVCR100.dll
 0001:0005ea20       __CppXcptFilter            000000018005fa20 f   MSVCRT:MSVCR100.dll
 0001:0005ea28       DllMain                    000000018005fa28 f   MSVCRT:dllmain.obj
 0001:0005ea4c       __security_init_cookie     000000018005fa4c f   MSVCRT:gs_support.obj
 0001:0005eb00       __crt_debugger_hook        000000018005fb00 f   MSVCRT:MSVCR100.dll
 0001:0005eb06       __clean_type_info_names_internal 000000018005fb06 f   MSVCRT:MSVCR100.dll
 0001:0005eb0c       _unlock                    000000018005fb0c f   MSVCRT:MSVCR100.dll
 0001:0005eb12       __dllonexit                000000018005fb12 f   MSVCRT:MSVCR100.dll
 0001:0005eb18       _lock                      000000018005fb18 f   MSVCRT:MSVCR100.dll
 0001:0005eb1e       EncodePointer              000000018005fb1e f   kernel32:KERNEL32.dll
 0001:0005eb24       DecodePointer              000000018005fb24 f   kernel32:KERNEL32.dll
 0001:0005eb2a       Sleep                      000000018005fb2a f   kernel32:KERNEL32.dll
 0001:0005eb30       TerminateProcess           000000018005fb30 f   kernel32:KERNEL32.dll
 0001:0005eb36       GetCurrentProcess          000000018005fb36 f   kernel32:KERNEL32.dll
 0001:0005eb3c       UnhandledExceptionFilter   000000018005fb3c f   kernel32:KERNEL32.dll
 0001:0005eb42       SetUnhandledExceptionFilter 000000018005fb42 f   kernel32:KERNEL32.dll
 0001:0005eb48       IsDebuggerPresent          000000018005fb48 f   kernel32:KERNEL32.dll
 0001:0005eb4e       RtlVirtualUnwind           000000018005fb4e f   kernel32:KERNEL32.dll
 0001:0005eb54       RtlLookupFunctionEntry     000000018005fb54 f   kernel32:KERNEL32.dll
 0001:0005eb5a       RtlCaptureContext          000000018005fb5a f   kernel32:KERNEL32.dll
 0001:0005eb60       DisableThreadLibraryCalls  000000018005fb60 f   kernel32:KERNEL32.dll
 0001:0005eb66       QueryPerformanceCounter    000000018005fb66 f   kernel32:KERNEL32.dll
 0001:0005eb6c       GetTickCount               000000018005fb6c f   kernel32:KERNEL32.dll
 0001:0005eb72       GetCurrentThreadId         000000018005fb72 f   kernel32:KERNEL32.dll
 0001:0005eb78       GetCurrentProcessId        000000018005fb78 f   kernel32:KERNEL32.dll
 0001:0005eb7e       GetSystemTimeAsFileTime    000000018005fb7e f   kernel32:KERNEL32.dll
 0002:00000000       __imp_DisableThreadLibraryCalls 0000000180060000     kernel32:KERNEL32.dll
 0002:00000008       __imp_RtlCaptureContext    0000000180060008     kernel32:KERNEL32.dll
 0002:00000010       __imp_RtlLookupFunctionEntry 0000000180060010     kernel32:KERNEL32.dll
 0002:00000018       __imp_RtlVirtualUnwind     0000000180060018     kernel32:KERNEL32.dll
 0002:00000020       __imp_IsDebuggerPresent    0000000180060020     kernel32:KERNEL32.dll
 0002:00000028       __imp_SetUnhandledExceptionFilter 0000000180060028     kernel32:KERNEL32.dll
 0002:00000030       __imp_UnhandledExceptionFilter 0000000180060030     kernel32:KERNEL32.dll
 0002:00000038       __imp_GetCurrentProcess    0000000180060038     kernel32:KERNEL32.dll
 0002:00000040       __imp_TerminateProcess     0000000180060040     kernel32:KERNEL32.dll
 0002:00000048       __imp_Sleep                0000000180060048     kernel32:KERNEL32.dll
 0002:00000050       __imp_DecodePointer        0000000180060050     kernel32:KERNEL32.dll
 0002:00000058       __imp_EncodePointer        0000000180060058     kernel32:KERNEL32.dll
 0002:00000060       __imp_GetTickCount         0000000180060060     kernel32:KERNEL32.dll
 0002:00000068       __imp_GetCurrentThreadId   0000000180060068     kernel32:KERNEL32.dll
 0002:00000070       __imp_GetCurrentProcessId  0000000180060070     kernel32:KERNEL32.dll
 0002:00000078       __imp_GetSystemTimeAsFileTime 0000000180060078     kernel32:KERNEL32.dll
 0002:00000080       __imp_QueryPerformanceCounter 0000000180060080     kernel32:KERNEL32.dll
 0002:00000088       \177KERNEL32_NULL_THUNK_DATA 0000000180060088     kernel32:KERNEL32.dll
 0002:00000090       __imp_realloc              0000000180060090     MSVCRT:MSVCR100.dll
 0002:00000098       __imp__onexit              0000000180060098     MSVCRT:MSVCR100.dll
 0002:000000a0       __imp__lock                00000001800600a0     MSVCRT:MSVCR100.dll
 0002:000000a8       __imp___dllonexit          00000001800600a8     MSVCRT:MSVCR100.dll
 0002:000000b0       __imp__unlock              00000001800600b0     MSVCRT:MSVCR100.dll
 0002:000000b8       __imp___clean_type_info_names_internal 00000001800600b8     MSVCRT:MSVCR100.dll
 0002:000000c0       __imp___crt_debugger_hook  00000001800600c0     MSVCRT:MSVCR100.dll
 0002:000000c8       __imp___CppXcptFilter      00000001800600c8     MSVCRT:MSVCR100.dll
 0002:000000d0       __imp___C_specific_handler 00000001800600d0     MSVCRT:MSVCR100.dll
 0002:000000d8       __imp__amsg_exit           00000001800600d8     MSVCRT:MSVCR100.dll
 0002:000000e0       __imp__encoded_null        00000001800600e0     MSVCRT:MSVCR100.dll
 0002:000000e8       __imp__initterm_e          00000001800600e8     MSVCRT:MSVCR100.dll
 0002:000000f0       __imp__initterm            00000001800600f0     MSVCRT:MSVCR100.dll
 0002:000000f8       __imp__malloc_crt          00000001800600f8     MSVCRT:MSVCR100.dll
 0002:00000100       __imp_ldexp                0000000180060100     MSVCRT:MSVCR100.dll
 0002:00000108       __imp_strlen               0000000180060108     MSVCRT:MSVCR100.dll
 0002:00000110       __imp_calloc               0000000180060110     MSVCRT:MSVCR100.dll
 0002:00000118       __imp__setjmp              0000000180060118     MSVCRT:MSVCR100.dll
 0002:00000120       __imp_strrchr              0000000180060120     MSVCRT:MSVCR100.dll
 0002:00000128       __imp_ceil                 0000000180060128     MSVCRT:MSVCR100.dll
 0002:00000130       __imp_strncmp              0000000180060130     MSVCRT:MSVCR100.dll
 0002:00000138       __imp_longjmp              0000000180060138     MSVCRT:MSVCR100.dll
 0002:00000140       __imp_strncpy              0000000180060140     MSVCRT:MSVCR100.dll
 0002:00000148       __imp_memcpy               0000000180060148     MSVCRT:MSVCR100.dll
 0002:00000150       __imp_strcat               0000000180060150     MSVCRT:MSVCR100.dll
 0002:00000158       __imp_sprintf              0000000180060158     MSVCRT:MSVCR100.dll
 0002:00000160       __imp_strcmp               0000000180060160     MSVCRT:MSVCR100.dll
 0002:00000168       __imp_free                 0000000180060168     MSVCRT:MSVCR100.dll
 0002:00000170       __imp_malloc               0000000180060170     MSVCRT:MSVCR100.dll
 0002:00000178       __imp_memset               0000000180060178     MSVCRT:MSVCR100.dll
[...]
 0001:00036230       sf_numeric_value_to_double 0000000180037230 f   sfc_mex:sfc_mex.obj
 0001:00036280       ml_generic_out_of_bounds_check 0000000180037280 f   sfc_mex:sfc_mex.obj
 0001:00036450       ml_get_element_value_from_array 0000000180037450 f   sfc_mex:sfc_mex.obj
 0001:000367f0       _ml_generic_castability_check 00000001800377f0 f   sfc_mex:sfc_mex.obj
 0001:00037550       ml_generic_castability_check 0000000180038550 f   sfc_mex:sfc_mex.obj
 0001:000375f0       ml_check_mx_array_for_single_castability 00000001800385f0 f   sfc_mex:sfc_mex.obj
 0001:00037690       ml_check_mx_array_for_logical_castability 0000000180038690 f   sfc_mex:sfc_mex.obj
 0001:00037730       ml_check_mx_array_for_int8_castability 0000000180038730 f   sfc_mex:sfc_mex.obj
 0001:000377e0       ml_check_mx_array_for_uint8_castability 00000001800387e0 f   sfc_mex:sfc_mex.obj
 0001:00037840       ml_check_mx_array_for_int16_castability 0000000180038840 f   sfc_mex:sfc_mex.obj
 0001:000378a0       ml_check_mx_array_for_uint16_castability 00000001800388a0 f   sfc_mex:sfc_mex.obj
 0001:00037900       ml_check_mx_array_for_int32_castability 0000000180038900 f   sfc_mex:sfc_mex.obj
 0001:00037960       ml_check_mx_array_for_uint32_castability 0000000180038960 f   sfc_mex:sfc_mex.obj
 0001:000379c0       ml_check_mx_array_for_castability 00000001800389c0 f   sfc_mex:sfc_mex.obj
 0001:000382f0       set_data_value             00000001800392f0 f   sfc_mex:sfc_mex.obj
 0001:00038660       get_data_value             0000000180039660 f   sfc_mex:sfc_mex.obj
 0001:00038770       get_next_element_address   0000000180039770 f   sfc_mex:sfc_mex.obj
 0001:00038840       sf_normalize_index         0000000180039840 f   sfc_mex:sfc_mex.obj
 0001:00038bd0       ml_array_index_bound_check 0000000180039bd0 f   sfc_mex:sfc_mex.obj
 0001:000396f0       mx_value                   000000018003a6f0 f   sfc_mex:sfc_mex.obj
 0001:00039740       sf_create_numeric_array    000000018003a740 f   sfc_mex:sfc_mex.obj
 0001:000397e0       sf_mex_assign_to_mx_array  000000018003a7e0 f   sfc_mex:sfc_mex.obj
 0001:00039b30       assign_from_mx_array       000000018003ab30 f   sfc_mex:sfc_mex.obj
 0001:0003a360       sf_mex_import_v            000000018003b360 f   sfc_mex:sfc_mex.obj
 0001:0003aa60       get_machine_and_chart_file_number 000000018003ba60 f   sfc_mex:sfc_sf.obj
 0001:0003ab50       get_sfun_block_specialization 000000018003bb50 f   sfc_mex:sfc_sf.obj
 0001:0003ac00       call_sf_machine_global_method_dispatcher 000000018003bc00 f   sfc_mex:sfc_sf.obj
 0001:0003ae50       mdl_zeroCrossings_processing 000000018003be50 f   sfc_mex:sfc_sf.obj
 0001:0003af20       mdl_derivatives_processing 000000018003bf20 f   sfc_mex:sfc_sf.obj
 0001:0003b1e0       mdl_outputs_continuous_legacy 000000018003c1e0 f   sfc_mex:sfc_sf.obj
 0001:0003b260       mdl_outputs_processing     000000018003c260 f   sfc_mex:sfc_sf.obj
 0001:0003b490       mdl_enable_processing      000000018003c490 f   sfc_mex:sfc_sf.obj
 0001:0003b560       mdl_disable_processing     000000018003c560 f   sfc_mex:sfc_sf.obj
 0001:0003c2d0       sf_call_output_fcn_enable_disable 000000018003d2d0 f   sfc_mex:sfc_sf.obj
 0001:0003c550       set_dwork_information_from_mx_array 000000018003d550 f   sfc_mex:sfc_sf.obj
 0001:0003ce10       ptr2mxStruct               000000018003de10 f   sfc_mex:sfc_sf.obj
 0001:0003d120       SNPRINTF_WRAPPER           000000018003e120 f   sfc_debug:sfcdebug.obj
 0001:0003d140       sf_debug_chart_instance_initialized_quick 000000018003e140 f   sfc_debug:sfcdebug.obj
 0001:0003d150       sf_debug_chart_instance_initialized 000000018003e150 f   sfc_debug:sfcdebug.obj
 0001:0003d2f0       sfrtAddSize                000000018003e2f0 f   sfc_debug:sfcdebug.obj
 0001:0003d3b0       sfrtGenSizeString          000000018003e3b0 f   sfc_debug:sfcdebug.obj
 0001:0003dac0       fill_single_message_info   000000018003eac0 f   sfc_debug:sfcdebug.obj
 0001:0003dc80       sf_debug_sim_status_listener 000000018003ec80 f   sfc_debug:sfcdebug.obj
 0001:0003e1f0       sf_debug_form_mask_bits    000000018003f1f0 f   sfc_debug:sfcdebug.obj
 0001:0003e230       sf_debug_form_sf_data_type_offsets 000000018003f230 f   sfc_debug:sfcdebug.obj
 0001:0003e2f0       sf_debug_free_all          000000018003f2f0 f   sfc_debug:sfcdebug.obj
 0001:0003e4a0       sf_debug_append_debugger_context 000000018003f4a0 f   sfc_debug:sfcdebug.obj
 0001:0003e760       local_strdup               000000018003f760 f   sfc_debug:sfcdebug.obj
 0001:0003f640       sf_debug_em_terminate      0000000180040640 f   sfc_debug:sfcdebug.obj
 0001:0003f680       sf_debug_push_eml_function 0000000180040680 f   sfc_debug:sfcdebug.obj
 0001:0003f720       sf_debug_pop_eml_function  0000000180040720 f   sfc_debug:sfcdebug.obj
 0001:00040420       sf_debug_get_machine_number_from_id_or_name 0000000180041420 f   sfc_debug:sfcdebug.obj
 0001:00040570       sf_debug_get_chart_number_from_id 0000000180041570 f   sfc_debug:sfcdebug.obj
 0001:000411e0       sf_debug_transfer_control_to_debugger_GUI 00000001800421e0 f   sfc_debug:sfcdebug.obj
 0001:00042170       sf_debug_scripts_rehash    0000000180043170 f   sfc_debug:sfcdebug.obj
 0001:000423b0       sf_debug_get_script_line_count 00000001800433b0 f   sfc_debug:sfcdebug.obj
 0001:00042ce0       cv_eml_state_cvId          0000000180043ce0 f   sfc_debug:sfcdebug.obj
 0001:00042d50       cv_eml_trans_cvId          0000000180043d50 f   sfc_debug:sfcdebug.obj
 0001:00044010       sf_debug_data_array_bounds_error 0000000180045010 f   sfc_debug:sfcdebug.obj
 0001:00044440       eml_debug_runtime_error_doclink 0000000180045440 f   sfc_debug:sfcdebug.obj
 0001:000445c0       sf_debug_runtime_error     00000001800455c0 f   sfc_debug:sfcdebug.obj
 0001:00044630       sf_debug_matlab_error      0000000180045630 f   sfc_debug:sfcdebug.obj
 0001:00044f60       sf_debug_data_value_error  0000000180045f60 f   sfc_debug:sfcdebug.obj
 0001:00045860       sf_debug_data_loss_error   0000000180046860 f   sfc_debug:sfcdebug.obj
 0001:00046780       call_cv_range_check        0000000180047780 f   sfc_debug:sfcdebug.obj
 0001:00046f50       sf_debug_invoke_cycle_detection_code 0000000180047f50 f   sfc_debug:sfcdebug.obj
 0001:00048030       sf_reset_debug_info_struct 0000000180049030 f   sfc_debug:sfcdebug.obj
 0001:00048920       cv_script_cvId             0000000180049920 f   sfc_debug:sfcdebug.obj
 0001:00049670       sfc_api_chart_visible      000000018004a670 f   sfc_debug:sfc_api.obj
 0001:000496f0       sfc_api_active_instance    000000018004a6f0 f   sfc_debug:sfc_api.obj
 0001:00049770       sfc_api_machine_load       000000018004a770 f   sfc_debug:sfc_api.obj
 0001:00049840       sfc_api_debugger_alive     000000018004a840 f   sfc_debug:sfc_api.obj
 0001:00049850       sfc_api_go                 000000018004a850 f   sfc_debug:sfc_api.obj
 0001:00049860       sfc_api_step_over          000000018004a860 f   sfc_debug:sfc_api.obj
 0001:00049870       sfc_api_step_out           000000018004a870 f   sfc_debug:sfc_api.obj
 0001:00049880       sfc_api_resume             000000018004a880 f   sfc_debug:sfc_api.obj
 0001:00049890       sfc_api_break              000000018004a890 f   sfc_debug:sfc_api.obj
 0001:000498a0       sfc_api_stop_debugging     000000018004a8a0 f   sfc_debug:sfc_api.obj
 0001:000498f0       sfc_api_is_cycle_detected  000000018004a8f0 f   sfc_debug:sfc_api.obj
 0001:00049940       sfc_api_is_array_bounds_detected 000000018004a940 f   sfc_debug:sfc_api.obj
 0001:00049990       sfc_api_set_disable_all_breakpoints 000000018004a990 f   sfc_debug:sfc_api.obj
 0001:00049a00       sfc_api_disable_all_breakpoints_and_go 000000018004aa00 f   sfc_debug:sfc_api.obj
 0001:00049a10       sfc_api_close              000000018004aa10 f   sfc_debug:sfc_api.obj
 0001:00049a20       sfc_api_browse_data        000000018004aa20 f   sfc_debug:sfc_api.obj
 0001:00049a90       sfc_api_watch_data         000000018004aa90 f   sfc_debug:sfc_api.obj
 0001:00049b30       sfc_api_extract_message_post_receive_info 000000018004ab30 f   sfc_debug:sfc_api.obj
 0001:00049b50       sfc_api_assign_data        000000018004ab50 f   sfc_debug:sfc_api.obj
 0001:00049bf0       sfc_api_whos               000000018004abf0 f   sfc_debug:sfc_api.obj
 0001:00049c80       sfc_api_get_consistency_info 000000018004ac80 f   sfc_debug:sfc_api.obj
 0001:00049c90       sfc_api_browse_trace       000000018004ac90 f   sfc_debug:sfc_api.obj
 0001:00049ca0       sfc_api_break_on_chart_entry 000000018004aca0 f   sfc_debug:sfc_api.obj
 0001:00049cc0       sfc_api_break_on_event_broadcast 000000018004acc0 f   sfc_debug:sfc_api.obj
 0001:00049ce0       sfc_api_break_on_state_entry 000000018004ace0 f   sfc_debug:sfc_api.obj
 0001:00049d00       sfc_api_set_watch          000000018004ad00 f   sfc_debug:sfc_api.obj
 0001:00049da0       sfc_api_set_breakpoints    000000018004ada0 f   sfc_debug:sfc_api.obj
 0001:00049e40       sfc_api_set_eml_breakpoints 000000018004ae40 f   sfc_debug:sfc_api.obj
 0001:00049ec0       sfc_api_set_script_breakpoints 000000018004aec0 f   sfc_debug:sfc_api.obj
 0001:00049f10       sfc_api_add_script_breakpoints 000000018004af10 f   sfc_debug:sfc_api.obj
 0001:00049f60       sfc_api_clear_script_breakpoints 000000018004af60 f   sfc_debug:sfc_api.obj
 0001:00049fb0       sfc_api_query_script_breakpoints 000000018004afb0 f   sfc_debug:sfc_api.obj
 0001:0004a010       sfc_api_get_script_id      000000018004b010 f   sfc_debug:sfc_api.obj
 0001:0004a0d0       sfc_api_get_active_states  000000018004b0d0 f   sfc_debug:sfc_api.obj
 0001:0004a150       sfc_api_break_between_times 000000018004b150 f   sfc_debug:sfc_api.obj
 0001:0004a1b0       sfc_api_get_instance_handle 000000018004b1b0 f   sfc_debug:sfc_api.obj
 0001:0004a260       sfc_api_set_animation      000000018004b260 f   sfc_debug:sfc_api.obj
 0001:0004a2b0       sfc_api_select_chart       000000018004b2b0 f   sfc_debug:sfc_api.obj
 0001:0004a310       sfc_api_select_charts      000000018004b310 f   sfc_debug:sfc_api.obj
 0001:0004a340       sfc_api_cycle_detection_check 000000018004b340 f   sfc_debug:sfc_api.obj
 0001:0004a390       sfc_api_data_range_check   000000018004b390 f   sfc_debug:sfc_api.obj
 0001:0004a3e0       sfc_api_transition_conflict_check 000000018004b3e0 f   sfc_debug:sfc_api.obj
 0001:0004a430       sfc_api_state_consistency_check 000000018004b430 f   sfc_debug:sfc_api.obj
 0001:0004a480       sfc_api_set_instance_cv_ids 000000018004b480 f   sfc_debug:sfc_api.obj
 0001:0004a590       sfc_api_set_script_cv_ids  000000018004b590 f   sfc_debug:sfc_api.obj
 0001:0004a640       sfc_api_get_current_machine_id 000000018004b640 f   sfc_debug:sfc_api.obj
 0001:0004a670       sfc_api_get_current_machine_number 000000018004b670 f   sfc_debug:sfc_api.obj
 0001:0004a6a0       sfc_api_get_current_chart_number 000000018004b6a0 f   sfc_debug:sfc_api.obj
 0001:0004a6d0       sfc_api_get_current_instance_number 000000018004b6d0 f   sfc_debug:sfc_api.obj
 0001:0004a700       sfc_api_get_current_instance_handle 000000018004b700 f   sfc_debug:sfc_api.obj
 0001:0004a720       sfc_api_get_current_is_minor_time_step 000000018004b720 f   sfc_debug:sfc_api.obj
 0001:0004a750       sfc_api_get_current_machine_name 000000018004b750 f   sfc_debug:sfc_api.obj
 0001:0004a770       sfc_api_get_current_chart_id 000000018004b770 f   sfc_debug:sfc_api.obj
 0001:0004a7a0       sfc_api_get_current_object_type 000000018004b7a0 f   sfc_debug:sfc_api.obj
 0001:0004a7d0       sfc_api_get_current_event_type 000000018004b7d0 f   sfc_debug:sfc_api.obj
 0001:0004a800       sfc_api_get_current_object_id 000000018004b800 f   sfc_debug:sfc_api.obj
 0001:0004a830       sfc_get_current_active_event_type 000000018004b830 f   sfc_debug:sfc_api.obj
 0001:0004a860       sfc_api_get_current_active_event_id 000000018004b860 f   sfc_debug:sfc_api.obj
 0001:0004a890       sfc_api_get_current_simulation_time 000000018004b890 f   sfc_debug:sfc_api.obj
 0001:0004a8b0       sfc_get_current_tag_type   000000018004b8b0 f   sfc_debug:sfc_api.obj
 0001:0004a8e0       sfc_get_current_coverage_percentage 000000018004b8e0 f   sfc_debug:sfc_api.obj
 0001:0004a900       sfc_get_current_statement_context 000000018004b900 f   sfc_debug:sfc_api.obj
 0001:0004a920       sfc_get_current_optional_integer 000000018004b920 f   sfc_debug:sfc_api.obj
 0001:0004a950       sfc_get_current_statement_info 000000018004b950 f   sfc_debug:sfc_api.obj
 0001:0004a9f0       sfc_api_get                000000018004b9f0 f   sfc_debug:sfc_api.obj
 0001:0004ab50       sf_debug_sm_is_using_unified_editors 000000018004bb50 f   sfc_debug:sfdb_animation.obj
 0001:0004abf0       sf_debug_sm_is_chart_visible_in_unified_editors 000000018004bbf0 f   sfc_debug:sfdb_animation.obj
 0001:0004acb0       sf_debug_sm_check_if_chart_is_visible 000000018004bcb0 f   sfc_debug:sfdb_animation.obj
 0001:0004b7b0       sf_debug_sm_fill_state_activity_data 000000018004c7b0 f   sfc_debug:sfdb_animation.obj
 0001:0004dfe0       void_ptr_stack_vector_free_total 000000018004efe0 f   sfc_debug:sfdb_data_browse.obj
 0001:0004e070       sf_debug_st_terminate_machine 000000018004f070 f   sfc_debug:sfdb_data_browse.obj
 0001:0004e0b0       sf_debug_st_terminate_instance 000000018004f0b0 f   sfc_debug:sfdb_data_browse.obj
 0001:0004e460       push_on_to_void_ptr_stack  000000018004f460 f   sfc_debug:sfdb_data_browse.obj
 0001:0004e5f0       pop_from_void_ptr_stack    000000018004f5f0 f   sfc_debug:sfdb_data_browse.obj
 0001:0004e720       sf_debug_st_get_data_value 000000018004f720 f   sfc_debug:sfdb_data_browse.obj
 0001:0004ecb0       mx_value                   000000018004fcb0 f   sfc_debug:sfdb_data_browse.obj
 0001:0004ecf0       sf_debug_st_fill_data_struct 000000018004fcf0 f   sfc_debug:sfdb_data_browse.obj
 0001:0004f030       data_type_format_strings   0000000180050030 f   sfc_debug:sfdb_data_browse.obj
 0001:0004f0e0       sf_debug_st_fill_data      00000001800500e0 f   sfc_debug:sfdb_data_browse.obj
 0001:0004fe30       sf_debug_hm_get_simulink_handle 0000000180050e30 f   sfc_debug:sfdb_handle_management.obj
 0001:00050980       sf_debug_hm_initialize_globals 0000000180051980 f   sfc_debug:sfdb_handle_management.obj
 0001:00050a80       sf_debug_hm_get_machine_debug_flag 0000000180051a80 f   sfc_debug:sfdb_handle_management.obj
 0001:00050bf0       sf_debug_hm_get_machine_id 0000000180051bf0 f   sfc_debug:sfdb_handle_management.obj
 0001:00050d10       sf_debug_hm_get_chart_id   0000000180051d10 f   sfc_debug:sfdb_handle_management.obj
 0001:00050eb0       sf_debug_hm_register_executing_SFunction 0000000180051eb0 f   sfc_debug:sfdb_handle_management.obj
 0001:00051050       sf_debug_hm_get_chart_active_instance 0000000180052050 f   sfc_debug:sfdb_handle_management.obj
 0001:000511c0       sf_debug_hm_get_chart_visibility 00000001800521c0 f   sfc_debug:sfdb_handle_management.obj
 0001:00051310       sf_debug_hm_form_object_boolean_properties 0000000180052310 f   sfc_debug:sfdb_handle_management.obj
 0001:000515e0       sf_debug_hm_form_object_properties 00000001800525e0 f   sfc_debug:sfdb_handle_management.obj
 0001:00051820       sf_debug_hm_terminate_charts 0000000180052820 f   sfc_debug:sfdb_handle_management.obj
 0001:00051f90       sf_debug_hm_terminate_machines 0000000180052f90 f   sfc_debug:sfdb_handle_management.obj
 0001:00053be0       sf_debug_ss_copy_dimension 0000000180054be0 f   sfc_debug:sfdb_symbol_scope.obj
 0001:00053ca0       sf_debug_ss_get_number_elements 0000000180054ca0 f   sfc_debug:sfdb_symbol_scope.obj
 0001:00053cc0       sf_debug_ss_fill_data_struct 0000000180054cc0 f   sfc_debug:sfdb_symbol_scope.obj
 0001:00054010       sf_debug_ss_reset_data_info 0000000180055010 f   sfc_debug:sfdb_symbol_scope.obj
 0001:00054070       sf_debug_fill_data_info_by_symbol_scope_entry 0000000180055070 f   sfc_debug:sfdb_symbol_scope.obj
 0001:00054130       sf_debug_fill_data_info_by_data_vector 0000000180055130 f   sfc_debug:sfdb_symbol_scope.obj
 0001:00054380       sf_debug_ss_get_data_info  0000000180055380 f   sfc_debug:sfdb_symbol_scope.obj
 0001:00054670       sf_debug_select_mex_function 0000000180055670 f   sfc_debug:sfdb_symbol_scope.obj
 0001:000546a0       sf_debug_is_dyn_matrix_initialized 00000001800556a0 f   sfc_debug:sfdb_symbol_scope.obj
 0001:000546c0       sf_debug_ss_set_data_value_try 00000001800556c0 f   sfc_debug:sfdb_symbol_scope.obj
 0001:00054890       sf_debug_ss_get_data_value 0000000180055890 f   sfc_debug:sfdb_symbol_scope.obj
 0001:00054de0       sf_debug_ss_data_bytes_string 0000000180055de0 f   sfc_debug:sfdb_symbol_scope.obj
 0001:00054e90       sf_debug_ss_data_class_string 0000000180055e90 f   sfc_debug:sfdb_symbol_scope.obj
 0001:00055220       sf_debug_ss_data_size_string 0000000180056220 f   sfc_debug:sfdb_symbol_scope.obj
 0001:00055300       sf_debug_ss_data_create_data_info_struct 0000000180056300 f   sfc_debug:sfdb_symbol_scope.obj
 0001:000555d0       sf_debug_ss_data_create_name_value_pair 00000001800565d0 f   sfc_debug:sfdb_symbol_scope.obj
 0001:00055670       sf_debug_ss_data_get_whos_info 0000000180056670 f   sfc_debug:sfdb_symbol_scope.obj
 0001:00055680       same_named_data_in_data_array 0000000180056680 f   sfc_debug:sfdb_symbol_scope.obj
 0001:00056ef0       sf_debug_cc_terminate_chart 0000000180057ef0 f   sfc_debug:sfdb_coverage.obj
 0001:00057290       sf_debug_cc_terminate_instance 0000000180058290 f   sfc_debug:sfdb_coverage.obj
 0001:00057e80       sf_debug_cc_mark_object_if_needed 0000000180058e80 f   sfc_debug:sfdb_coverage.obj
 0001:00058780       sf_debug_bm_initialize_eml 0000000180059780 f   sfc_debug:sfdb_breakpoints.obj
 0001:000598f0       sf_debug_bm_map_debug_tag_to_breakpoint_tag 000000018005a8f0 f   sfc_debug:sfdb_breakpoints.obj
 0001:000599d0       sf_debug_bm_is_a_eml_breakpoint_impl 000000018005a9d0 f   sfc_debug:sfdb_breakpoints.obj
 0001:0005b450       sf_debug_sc_push_on_error_stack 000000018005c450 f   sfc_debug:sfdb_state_consistency.obj
 0001:0005b580       sf_debug_sc_reset_error_stack 000000018005c580 f   sfc_debug:sfdb_state_consistency.obj
 0001:0005b710       sf_debug_sc_is_state_inconsistent 000000018005c710 f   sfc_debug:sfdb_state_consistency.obj
 0001:0005ba10       sf_debug_sc_fill_consistency_info 000000018005ca10 f   sfc_debug:sfdb_state_consistency.obj
 0001:0005bff0       void_assertion_fcn         000000018005cff0 f   sfc_debug:sfdb_call_stack.obj
 0001:0005c570       sf_debug_tm_fill_local_trace 000000018005d570 f   sfc_debug:sfdb_call_stack.obj
 0001:0005cb40       sf_debug_cd_terminate_instance 000000018005db40 f   sfc_debug:sfdb_cycle_detection.obj
 0001:0005cba0       sf_debug_cd_free_checksum_stack 000000018005dba0 f   sfc_debug:sfdb_cycle_detection.obj
 0001:0005cbf0       sf_debug_cd_reset_pack_strings 000000018005dbf0 f   sfc_debug:sfdb_cycle_detection.obj
 0001:0005d2b0       md5file_clear              000000018005e2b0 f   sfc_debug:ckmd5.obj
 0001:0005d2e0       Encode                     000000018005e2e0 f   sfc_debug:ckmd5.obj
 0001:0005d330       Decode                     000000018005e330 f   sfc_debug:ckmd5.obj
 0001:0005d3d0       MD5Transform               000000018005e3d0 f   sfc_debug:ckmd5.obj
 0001:0005dc20       md5file_addn               000000018005ec20 f   sfc_debug:ckmd5.obj
 0001:0005dcf0       md5file_hash               000000018005ecf0 f   sfc_debug:ckmd5.obj
 0001:0005e1c8       pre_c_init                 000000018005f1c8 f   MSVCRT:crtdll.obj
 0001:0005e484       __DllMainCRTStartup        000000018005f484 f   MSVCRT:crtdll.obj
 0001:0005eb90       __DllMainCRTStartup$filt$0 000000018005fb90 f   MSVCRT:crtdll.obj
 0001:0005ebc0       __DllMainCRTStartup$fin$1  000000018005fbc0 f   MSVCRT:crtdll.obj
 0001:0005ebda       _onexit$fin$0              000000018005fbda f   MSVCRT:atonexit.obj
 0001:0005ec00       _IsNonwritableInCurrentImage$filt$0 000000018005fc00 f   MSVCRT:pesect.obj
