 campus_windows_sfun

 Timestamp is 530458f6 (Wed Feb 19 02:10:46 2014)

 Preferred load address is 0000000180000000

 Start         Length     Name                   Class
 0001:00000000 0005dd84H .text                   CODE
 0001:0005dd90 00000092H .text$x                 CODE
 0002:00000000 00000468H .idata$5                DATA
 0002:00000468 00000008H .CRT$XCA                DATA
 0002:00000470 00000008H .CRT$XCZ                DATA
 0002:00000478 00000008H .CRT$XIA                DATA
 0002:00000480 00000008H .CRT$XIAA               DATA
 0002:00000488 00000008H .CRT$XIZ                DATA
 0002:00000490 00004cbcH .rdata                  DATA
 0002:00005150 00000008H .rtc$IAA                DATA
 0002:00005158 00000008H .rtc$IZZ                DATA
 0002:00005160 00000008H .rtc$TAA                DATA
 0002:00005168 00000008H .rtc$TZZ                DATA
 0002:00005170 00004654H .xdata                  DATA
 0002:000097c4 0000008cH .idata$2                DATA
 0002:00009850 00000014H .idata$3                DATA
 0002:00009868 00000468H .idata$4                DATA
 0002:00009cd0 00000a38H .idata$6                DATA
 0002:0000a710 00000059H .edata                  DATA
 0003:00000000 00008148H .data                   DATA
 0003:00008160 000026b8H .bss                    DATA
 0004:00000000 00003a2cH .pdata                  DATA

  Address         Publics by Value              Rva+Base               Lib:Object

 0000:00000000       ___safe_se_handler_table   0000000000000000     <absolute>
 0000:00000000       ___safe_se_handler_count   0000000000000000     <absolute>
 0000:00000000       __ImageBase                0000000180000000     <linker-defined>
 0001:00000000       sf_c1_campus_windows_get_eml_resolved_functions_info 0000000180001000 f   c1_campus_windows.obj
 0001:00000730       sf_c1_campus_windows_get_check_sum 0000000180001730 f   c1_campus_windows.obj
 0001:000007b0       sf_c1_campus_windows_get_autoinheritance_info 00000001800017b0 f   c1_campus_windows.obj
 0001:00001230       sf_internal_get_sim_state_c1_campus_windows 0000000180002230 f   c1_campus_windows.obj
 0001:000015f0       sf_internal_set_sim_state_c1_campus_windows 00000001800025f0 f   c1_campus_windows.obj
 0001:00001af0       c1_campus_windows_method_dispatcher 0000000180002af0 f   c1_campus_windows.obj
 0001:00007290       sf_c2_campus_windows_get_eml_resolved_functions_info 0000000180008290 f   c2_campus_windows.obj
 0001:00007ba0       sf_c2_campus_windows_get_check_sum 0000000180008ba0 f   c2_campus_windows.obj
 0001:00007c20       sf_c2_campus_windows_get_autoinheritance_info 0000000180008c20 f   c2_campus_windows.obj
 0001:00008040       sf_internal_get_sim_state_c2_campus_windows 0000000180009040 f   c2_campus_windows.obj
 0001:00008390       sf_internal_set_sim_state_c2_campus_windows 0000000180009390 f   c2_campus_windows.obj
 0001:00008780       c2_campus_windows_method_dispatcher 0000000180009780 f   c2_campus_windows.obj
 0001:0000a400       sf_c3_campus_windows_get_eml_resolved_functions_info 000000018000b400 f   c3_campus_windows.obj
 0001:0000a480       sf_c3_campus_windows_get_check_sum 000000018000b480 f   c3_campus_windows.obj
 0001:0000a500       sf_c3_campus_windows_get_autoinheritance_info 000000018000b500 f   c3_campus_windows.obj
 0001:0000c1e0       sf_internal_get_sim_state_c3_campus_windows 000000018000d1e0 f   c3_campus_windows.obj
 0001:0000d3d0       sf_internal_set_sim_state_c3_campus_windows 000000018000e3d0 f   c3_campus_windows.obj
 0001:0000de80       c3_campus_windows_method_dispatcher 000000018000ee80 f   c3_campus_windows.obj
 0001:00012260       sf_c4_campus_windows_get_eml_resolved_functions_info 0000000180013260 f   c4_campus_windows.obj
 0001:000122e0       sf_c4_campus_windows_get_check_sum 00000001800132e0 f   c4_campus_windows.obj
 0001:00012360       sf_c4_campus_windows_get_autoinheritance_info 0000000180013360 f   c4_campus_windows.obj
 0001:00013720       sf_internal_get_sim_state_c4_campus_windows 0000000180014720 f   c4_campus_windows.obj
 0001:000143c0       sf_internal_set_sim_state_c4_campus_windows 00000001800153c0 f   c4_campus_windows.obj
 0001:00014be0       c4_campus_windows_method_dispatcher 0000000180015be0 f   c4_campus_windows.obj
 0001:00017ff0       sf_c5_campus_windows_get_eml_resolved_functions_info 0000000180018ff0 f   c5_campus_windows.obj
 0001:00018070       sf_c5_campus_windows_get_check_sum 0000000180019070 f   c5_campus_windows.obj
 0001:000180f0       sf_c5_campus_windows_get_autoinheritance_info 00000001800190f0 f   c5_campus_windows.obj
 0001:000194b0       sf_internal_get_sim_state_c5_campus_windows 000000018001a4b0 f   c5_campus_windows.obj
 0001:0001a140       sf_internal_set_sim_state_c5_campus_windows 000000018001b140 f   c5_campus_windows.obj
 0001:0001a960       c5_campus_windows_method_dispatcher 000000018001b960 f   c5_campus_windows.obj
 0001:0001dd60       sf_c6_campus_windows_get_eml_resolved_functions_info 000000018001ed60 f   c6_campus_windows.obj
 0001:0001e380       sf_c6_campus_windows_get_check_sum 000000018001f380 f   c6_campus_windows.obj
 0001:0001e400       sf_c6_campus_windows_get_autoinheritance_info 000000018001f400 f   c6_campus_windows.obj
 0001:0001eab0       sf_internal_get_sim_state_c6_campus_windows 000000018001fab0 f   c6_campus_windows.obj
 0001:0001ee70       sf_internal_set_sim_state_c6_campus_windows 000000018001fe70 f   c6_campus_windows.obj
 0001:0001f350       c6_campus_windows_method_dispatcher 0000000180020350 f   c6_campus_windows.obj
 0001:00022320       sf_c7_campus_windows_get_eml_resolved_functions_info 0000000180023320 f   c7_campus_windows.obj
 0001:000223a0       sf_c7_campus_windows_get_check_sum 00000001800233a0 f   c7_campus_windows.obj
 0001:00022420       sf_c7_campus_windows_get_autoinheritance_info 0000000180023420 f   c7_campus_windows.obj
 0001:00023550       sf_internal_get_sim_state_c7_campus_windows 0000000180024550 f   c7_campus_windows.obj
 0001:00024060       sf_internal_set_sim_state_c7_campus_windows 0000000180025060 f   c7_campus_windows.obj
 0001:000247d0       c7_campus_windows_method_dispatcher 00000001800257d0 f   c7_campus_windows.obj
 0001:00027740       sf_c8_campus_windows_get_eml_resolved_functions_info 0000000180028740 f   c8_campus_windows.obj
 0001:00027e10       sf_c8_campus_windows_get_check_sum 0000000180028e10 f   c8_campus_windows.obj
 0001:00027e90       sf_c8_campus_windows_get_autoinheritance_info 0000000180028e90 f   c8_campus_windows.obj
 0001:000282b0       sf_internal_get_sim_state_c8_campus_windows 00000001800292b0 f   c8_campus_windows.obj
 0001:00028680       sf_internal_set_sim_state_c8_campus_windows 0000000180029680 f   c8_campus_windows.obj
 0001:00028b30       c8_campus_windows_method_dispatcher 0000000180029b30 f   c8_campus_windows.obj
 0001:0002b6d0       sf_process_check_sum_call  000000018002c6d0 f   campus_windows_sfun_registry.obj
 0001:0002b720       sf_process_autoinheritance_call 000000018002c720 f   campus_windows_sfun_registry.obj
 0001:0002b8c0       sf_process_get_eml_resolved_functions_info_call 000000018002c8c0 f   campus_windows_sfun_registry.obj
 0001:0002ba40       sf_mex_unlock_call         000000018002ca40 f   campus_windows_sfun_registry.obj
 0001:0002baf0       sf_machine_global_initializer_called 000000018002caf0 f   campus_windows_sfun_registry.obj
 0001:0002bb20       sf_machine_global_method_dispatcher 000000018002cb20 f   campus_windows_sfun_registry.obj
 0001:0002bb80       sf_machine_global_terminator 000000018002cb80 f   campus_windows_sfun_registry.obj
 0001:0002bbc0       sf_register_machine_exported_symbols 000000018002cbc0 f   campus_windows_sfun_registry.obj
 0001:0002bbe0       callCustomFcn              000000018002cbe0 f   campus_windows_sfun_registry.obj
 0001:0002bbf0       sf_machine_global_initializer 000000018002cbf0 f   campus_windows_sfun_registry.obj
 0001:0002bc60       _ssSetStateAbsTol          000000018002cc60 f   campus_windows_sfun_registry.obj
 0001:0002bd40       _ssGetAbsTol               000000018002cd40 f   campus_windows_sfun_registry.obj
 0001:0002bdb0       _ssSetInputPortMatrixDimensions 000000018002cdb0 f   campus_windows_sfun_registry.obj
 0001:0002bec0       _ssSetOutputPortMatrixDimensions 000000018002cec0 f   campus_windows_sfun_registry.obj
 0001:0002bfd0       _ssSetInputPortVectorDimension 000000018002cfd0 f   campus_windows_sfun_registry.obj
 0001:0002c0a0       _ssSetOutputPortVectorDimension 000000018002d0a0 f   campus_windows_sfun_registry.obj
 0001:0002c170       ssIsRunTimeParamTunable    000000018002d170 f   campus_windows_sfun_registry.obj
 0001:0002c1e0       ssGetSFuncBlockHandle      000000018002d1e0 f   campus_windows_sfun_registry.obj
 0001:0002c250       _ssGetCurrentInputPortWidth 000000018002d250 f   campus_windows_sfun_registry.obj
 0001:0002c370       _ssGetCurrentOutputPortWidth 000000018002d370 f   campus_windows_sfun_registry.obj
 0001:0002c490       _ssGetCallSystemNumFcnCallDestinations 000000018002d490 f   campus_windows_sfun_registry.obj
 0001:0002c500       ssWarning                  000000018002d500 f   campus_windows_sfun_registry.obj
 0001:0002c610       ssGetIsZeroCrossControlDisabled 000000018002d610 f   campus_windows_sfun_registry.obj
 0001:0002c680       ssSetIsInputPortUsedForContZcSignal 000000018002d680 f   campus_windows_sfun_registry.obj
 0001:0002c6f0       ssSetZcSignalIsZcElementDisc 000000018002d6f0 f   campus_windows_sfun_registry.obj
 0001:0002c7a0       ssSetZcSignalName          000000018002d7a0 f   campus_windows_sfun_registry.obj
 0001:0002c810       ssSetZcSignalWidth         000000018002d810 f   campus_windows_sfun_registry.obj
 0001:0002c880       ssSetZcSignalZcEventType   000000018002d880 f   campus_windows_sfun_registry.obj
 0001:0002c8f0       ssSetZcSignalType          000000018002d8f0 f   campus_windows_sfun_registry.obj
 0001:0002c960       ssSetZcSignalZcTol         000000018002d960 f   campus_windows_sfun_registry.obj
 0001:0002c9d0       ssSetZcSignalNeedsEventNotification 000000018002d9d0 f   campus_windows_sfun_registry.obj
 0001:0002ca40       ssCreateAndAddZcSignalInfo 000000018002da40 f   campus_windows_sfun_registry.obj
 0001:0002cab0       ssCloneAndAddZcSignalInfo  000000018002dab0 f   campus_windows_sfun_registry.obj
 0001:0002cb20       ssGetNumZcSignals          000000018002db20 f   campus_windows_sfun_registry.obj
 0001:0002cb90       ssGetZcSignalVector        000000018002db90 f   campus_windows_sfun_registry.obj
 0001:0002cc00       ssGetZcSignalZcEvents      000000018002dc00 f   campus_windows_sfun_registry.obj
 0001:0002cc70       ssGetZcSignalName          000000018002dc70 f   campus_windows_sfun_registry.obj
 0001:0002cce0       ssGetZcSignalWidth         000000018002dce0 f   campus_windows_sfun_registry.obj
 0001:0002cd50       ssGetZcSignalZcEventType   000000018002dd50 f   campus_windows_sfun_registry.obj
 0001:0002cdc0       ssGetZcSignalType          000000018002ddc0 f   campus_windows_sfun_registry.obj
 0001:0002ce30       ssGetZcSignalZcTol         000000018002de30 f   campus_windows_sfun_registry.obj
 0001:0002ceb0       ssGetZcSignalNeedsEventNotification 000000018002deb0 f   campus_windows_sfun_registry.obj
 0001:0002cf20       ssGetZcSignalIsZcElementDisc 000000018002df20 f   campus_windows_sfun_registry.obj
 0001:0002cfc0       ssGetIsInputPortElementContinuous 000000018002dfc0 f   campus_windows_sfun_registry.obj
 0001:0002d060       _ssGetInputPortSignalPtrsFcn 000000018002e060 f   campus_windows_sfun_registry.obj
 0001:0002d320       _ssGetInputPortSignalFcn   000000018002e320 f   campus_windows_sfun_registry.obj
 0001:0002d540       _ssSetInputPortDirectFeedThroughFcn 000000018002e540 f   campus_windows_sfun_registry.obj
 0001:0002d6a0       _ssSetInputPortReusableFcn 000000018002e6a0 f   campus_windows_sfun_registry.obj
 0001:0002d790       _ssSetOutputPortReusableFcn 000000018002e790 f   campus_windows_sfun_registry.obj
 0001:0002d870       ssGetDTypeIdFromMxArray    000000018002e870 f   campus_windows_sfun_registry.obj
 0001:0002d990       ssWriteRTWStr              000000018002e990 f   campus_windows_sfun_registry.obj
 0001:0002d9f0       ssWriteRTWMxVectParam      000000018002e9f0 f   campus_windows_sfun_registry.obj
 0001:0002da50       ssWriteRTWMx2dMatParam     000000018002ea50 f   campus_windows_sfun_registry.obj
 0001:0002dad0       ssWriteRTWNameValuePair    000000018002ead0 f   campus_windows_sfun_registry.obj
 0001:0002dfc0       ssWriteRTWParameters       000000018002efc0 f   campus_windows_sfun_registry.obj
 0001:0002e5c0       ssWriteRTWParamSettings    000000018002f5c0 f   campus_windows_sfun_registry.obj
 0001:0002ec90       ssWriteRTWWorkVect         000000018002fc90 f   campus_windows_sfun_registry.obj
 0001:0002f190       mexFunction                0000000180030190 f   campus_windows_sfun_registry.obj
 0001:00030dd0       ProcessMexSfunctionEveryCall 0000000180031dd0 f   campus_windows_sfun_registry.obj
 0001:00030f40       campus_windows_initializer 0000000180031f40 f   campus_windows_sfun.obj
 0001:00030f50       campus_windows_terminator  0000000180031f50 f   campus_windows_sfun.obj
 0001:00030f60       sf_campus_windows_method_dispatcher 0000000180031f60 f   campus_windows_sfun.obj
 0001:000310a0       sf_campus_windows_process_check_sum_call 00000001800320a0 f   campus_windows_sfun.obj
 0001:00031560       sf_campus_windows_autoinheritance_info 0000000180032560 f   campus_windows_sfun.obj
 0001:00031900       sf_campus_windows_get_eml_resolved_functions_info 0000000180032900 f   campus_windows_sfun.obj
 0001:00031bf0       campus_windows_debug_initialize 0000000180032bf0 f   campus_windows_sfun.obj
 0001:00031c60       campus_windows_register_exported_symbols 0000000180032c60 f   campus_windows_sfun.obj
 0001:00031c70       load_campus_windows_optimization_info 0000000180032c70 f   campus_windows_sfun.obj
 0001:00031cc0       unload_campus_windows_optimization_info 0000000180032cc0 f   campus_windows_sfun.obj
 0001:00031d90       sf_mex_mx_is_numeric       0000000180032d90 f   sfc_mex:sfc_mex.obj
 0001:00031dd0       strcmp_ignore_ws           0000000180032dd0 f   sfc_mex:sfc_mex.obj
 0001:00031f10       sf_mex_duplicatearraysafe  0000000180032f10 f   sfc_mex:sfc_mex.obj
 0001:00032070       sf_set_error_debugger_context_message_fcn 0000000180033070 f   sfc_mex:sfc_mex.obj
 0001:00032080       sf_set_debugger_matlab_error_fcn 0000000180033080 f   sfc_mex:sfc_mex.obj
 0001:000320b0       sf_set_error_prefix_string 00000001800330b0 f   sfc_mex:sfc_mex.obj
 0001:000320e0       sf_get_error_prefix_string 00000001800330e0 f   sfc_mex:sfc_mex.obj
 0001:000320f0       sf_mex_enter_parallel_region 00000001800330f0 f   sfc_mex:sfc_mex.obj
 0001:00032100       sf_mex_exit_parallel_region 0000000180033100 f   sfc_mex:sfc_mex.obj
 0001:00032110       sf_get_current_jmp_buf_ptr 0000000180033110 f   sfc_mex:sfc_mex.obj
 0001:00032120       sf_set_current_jmp_buf_ptr 0000000180033120 f   sfc_mex:sfc_mex.obj
 0001:00032130       sf_mex_set_halt_simulation 0000000180033130 f   sfc_mex:sfc_mex.obj
 0001:00032140       sf_mex_get_halt_simulation 0000000180033140 f   sfc_mex:sfc_mex.obj
 0001:00032150       sf_mex_clear_error_message 0000000180033150 f   sfc_mex:sfc_mex.obj
 0001:00032170       sf_mex_get_error_message_for_read 0000000180033170 f   sfc_mex:sfc_mex.obj
 0001:00032180       sf_mex_get_error_message_buffer_length 0000000180033180 f   sfc_mex:sfc_mex.obj
 0001:00032260       sf_mex_warning_message     0000000180033260 f   sfc_mex:sfc_mex.obj
 0001:000322d0       sf_mex_v_errbuf_createf    00000001800332d0 f   sfc_mex:sfc_mex.obj
 0001:000322e0       sf_mex_errbuf_createf      00000001800332e0 f   sfc_mex:sfc_mex.obj
 0001:00032310       sf_mex_v_errbuf_catf       0000000180033310 f   sfc_mex:sfc_mex.obj
 0001:00032350       sf_mex_errbuf_catf         0000000180033350 f   sfc_mex:sfc_mex.obj
 0001:000323a0       sf_mex_errbuf_copy         00000001800333a0 f   sfc_mex:sfc_mex.obj
 0001:000323b0       sf_mex_errbuf_clear        00000001800333b0 f   sfc_mex:sfc_mex.obj
 0001:000323c0       sf_mex_errbuf_isempty      00000001800333c0 f   sfc_mex:sfc_mex.obj
 0001:000324d0       sf_mex_set_error_status    00000001800334d0 f   sfc_mex:sfc_mex.obj
 0001:00032520       sf_mex_error_direct_call   0000000180033520 f   sfc_mex:sfc_mex.obj
 0001:00032540       sf_mex_error_message_no_long_jump 0000000180033540 f   sfc_mex:sfc_mex.obj
 0001:00032560       sf_mex_long_jump_on_error  0000000180033560 f   sfc_mex:sfc_mex.obj
 0001:00032590       sf_mex_call_matlab         0000000180033590 f   sfc_mex:sfc_mex.obj
 0001:000326b0       sf_mex_check_builtin       00000001800336b0 f   sfc_mex:sfc_mex.obj
 0001:000326f0       sf_mex_check_builtin_vs    00000001800336f0 f   sfc_mex:sfc_mex.obj
 0001:00032750       sf_mex_check_enum          0000000180033750 f   sfc_mex:sfc_mex.obj
 0001:00032780       sf_mex_create_enum         0000000180033780 f   sfc_mex:sfc_mex.obj
 0001:000327a0       sf_mex_get_enum_element    00000001800337a0 f   sfc_mex:sfc_mex.obj
 0001:000327b0       sf_mex_createcellarray     00000001800337b0 f   sfc_mex:sfc_mex.obj
 0001:000327c0       sf_mex_setcell             00000001800337c0 f   sfc_mex:sfc_mex.obj
 0001:000327d0       sf_mex_getcell             00000001800337d0 f   sfc_mex:sfc_mex.obj
 0001:000327e0       sf_mex_dup                 00000001800337e0 f   sfc_mex:sfc_mex.obj
 0001:00032800       sf_mex_assign              0000000180033800 f   sfc_mex:sfc_mex.obj
 0001:00032880       sf_mex_destroy             0000000180033880 f   sfc_mex:sfc_mex.obj
 0001:000328b0       mx_array_has_fi_type       00000001800338b0 f   sfc_mex:sfc_mex.obj
 0001:000328e0       sf_mex_convert_from_fi     00000001800338e0 f   sfc_mex:sfc_mex.obj
 0001:00032990       sf_mex_convert_to_double   0000000180033990 f   sfc_mex:sfc_mex.obj
 0001:00032ab0       sf_mex_import_fi_vs        0000000180033ab0 f   sfc_mex:sfc_mex.obj
 0001:00032c70       sf_matrix_matrix_index_ok  0000000180033c70 f   sfc_mex:sfc_mex.obj
 0001:00032d00       sf_vector_vector_index_ok  0000000180033d00 f   sfc_mex:sfc_mex.obj
 0001:00032d30       ssGetCurrentInputPortDimensions_wrapper 0000000180033d30 f   sfc_mex:sfc_mex.obj
 0001:00032d50       ssGetCurrentOutputPortDimensions_wrapper 0000000180033d50 f   sfc_mex:sfc_mex.obj
 0001:00032d70       sf_mex_emlrt_context_is_debug_mode 0000000180033d70 f   sfc_mex:sfc_mex.obj
 0001:00032d80       sf_mex_emlrt_context_set_debug_mode 0000000180033d80 f   sfc_mex:sfc_mex.obj
 0001:00032d90       sf_mex_emlrtNameCapturePostProcessR2012a 0000000180033d90 f   sfc_mex:sfc_mex.obj
 0001:00032e00       sf_clear_error_manager_info 0000000180033e00 f   sfc_mex:sfc_mex.obj
 0001:00032e60       sf_mex_stop_simulation_abruptly_wo_error 0000000180033e60 f   sfc_mex:sfc_mex.obj
 0001:00032ea0       sf_mex_error_message       0000000180033ea0 f   sfc_mex:sfc_mex.obj
 0001:00032f00       sf_react_to_error_in_matlab_call 0000000180033f00 f   sfc_mex:sfc_mex.obj
 0001:00032f30       sf_mex_addfield            0000000180033f30 f   sfc_mex:sfc_mex.obj
 0001:00032fd0       sf_mex_getfield            0000000180033fd0 f   sfc_mex:sfc_mex.obj
 0001:000332d0       sf_mex_check_class         00000001800342d0 f   sfc_mex:sfc_mex.obj
 0001:00033370       sf_mex_is_real             0000000180034370 f   sfc_mex:sfc_mex.obj
 0001:000337e0       sf_mex_decode_encoded_mx_struct_array 00000001800347e0 f   sfc_mex:sfc_mex.obj
 0001:00033ac0       sf_mex_lw_bounds_check     0000000180034ac0 f   sfc_mex:sfc_mex.obj
 0001:00033af0       sf_mex_lw_size_eq_check_1d 0000000180034af0 f   sfc_mex:sfc_mex.obj
 0001:00033b10       sf_mex_lw_size_eq_check_nd 0000000180034b10 f   sfc_mex:sfc_mex.obj
 0001:00033cf0       sf_mex_lw_dim_size_eq_check 0000000180034cf0 f   sfc_mex:sfc_mex.obj
 0001:00033d20       sf_mex_lw_dim_size_geq_check 0000000180034d20 f   sfc_mex:sfc_mex.obj
 0001:00033d50       sf_mex_lw_sub_assign_size_check_nd 0000000180034d50 f   sfc_mex:sfc_mex.obj
 0001:00033f80       sf_mex_lw_runtime_error_msgid 0000000180034f80 f   sfc_mex:sfc_mex.obj
 0001:00034070       sf_mex_lw_matrix_matrix_index_check 0000000180035070 f   sfc_mex:sfc_mex.obj
 0001:00034090       sf_mex_lw_vector_vector_index_check 0000000180035090 f   sfc_mex:sfc_mex.obj
 0001:000340d0       sf_mex_lw_for_loop_vector_check 00000001800350d0 f   sfc_mex:sfc_mex.obj
 0001:00034150       sf_mex_lw_non_negative_check 0000000180035150 f   sfc_mex:sfc_mex.obj
 0001:00034190       sf_mex_overflow_error      0000000180035190 f   sfc_mex:sfc_mex.obj
 0001:000341a0       sf_mex_dividebyzero_error  00000001800351a0 f   sfc_mex:sfc_mex.obj
 0001:000341b0       sf_mex_unsafe_enum_error   00000001800351b0 f   sfc_mex:sfc_mex.obj
 0001:000341c0       sf_emlrtErrHandler         00000001800351c0 f   sfc_mex:sfc_mex.obj
 0001:000342a0       sf_mex_size_one_check      00000001800352a0 f   sfc_mex:sfc_mex.obj
 0001:000342c0       sf_mex_printf              00000001800352c0 f   sfc_mex:sfc_mex.obj
 0001:00034490       sf_mex_check_size          0000000180035490 f   sfc_mex:sfc_mex.obj
 0001:00034760       sf_mex_check_struct        0000000180035760 f   sfc_mex:sfc_mex.obj
 0001:000349c0       sf_mex_check_struct_vs     00000001800359c0 f   sfc_mex:sfc_mex.obj
 0001:00034a50       sf_mex_check_fi            0000000180035a50 f   sfc_mex:sfc_mex.obj
 0001:00034b50       sf_mex_check_fi_vs         0000000180035b50 f   sfc_mex:sfc_mex.obj
 0001:00034bf0       sf_echo_expression         0000000180035bf0 f   sfc_mex:sfc_mex.obj
 0001:00034c50       sf_assertion_failed        0000000180035c50 f   sfc_mex:sfc_mex.obj
 0001:00034f30       sf_mex_evalin              0000000180035f30 f   sfc_mex:sfc_mex.obj
 0001:000351a0       sf_mex_export              00000001800361a0 f   sfc_mex:sfc_mex.obj
 0001:00035260       sf_mex_get_ml_var_no_error 0000000180036260 f   sfc_mex:sfc_mex.obj
 0001:00035400       sf_mex_get_ml_var          0000000180036400 f   sfc_mex:sfc_mex.obj
 0001:000358a0       ml_set_element_value_in_array 00000001800368a0 f   sfc_mex:sfc_mex.obj
 0001:00036f70       sf_mex_call_impl           0000000180037f70 f   sfc_mex:sfc_mex.obj
 0001:000374a0       sf_mex_call_debug          00000001800384a0 f   sfc_mex:sfc_mex.obj
 0001:000374d0       sf_mex_call                00000001800384d0 f   sfc_mex:sfc_mex.obj
 0001:00037b20       sf_mex_createstruct        0000000180038b20 f   sfc_mex:sfc_mex.obj
 0001:00037c10       sf_mex_createstructarray   0000000180038c10 f   sfc_mex:sfc_mex.obj
 0001:00037c90       sf_mex_get_mx_datatype_from_sf_datatype 0000000180038c90 f   sfc_mex:sfc_mex.obj
 0001:00037fa0       sf_mex_ml_var_sub          0000000180038fa0 f   sfc_mex:sfc_mex.obj
 0001:00038170       sf_mex_ml_var_subsasgn     0000000180039170 f   sfc_mex:sfc_mex.obj
 0001:00038560       sf_mex_sub                 0000000180039560 f   sfc_mex:sfc_mex.obj
 0001:00038760       sf_mex_subsasgn            0000000180039760 f   sfc_mex:sfc_mex.obj
 0001:00038c40       sf_mex_create              0000000180039c40 f   sfc_mex:sfc_mex.obj
 0001:00039690       sf_mex_import_named        000000018003a690 f   sfc_mex:sfc_mex.obj
 0001:000396f0       sf_mex_import              000000018003a6f0 f   sfc_mex:sfc_mex.obj
 0001:00039740       sf_mex_import_vs           000000018003a740 f   sfc_mex:sfc_mex.obj
 0001:00039850       sf_mex_lower_fixpt_mx_array 000000018003a850 f   sfc_mex:sfc_mex.obj
 0001:00039b40       sf_send_message_wrapper    000000018003ab40 f   sfc_mex:sfc_sf.obj
 0001:00039b70       sf_receive_message_wrapper 000000018003ab70 f   sfc_mex:sfc_sf.obj
 0001:00039bb0       sf_check_out_message_wrapper 000000018003abb0 f   sfc_mex:sfc_sf.obj
 0001:00039bf0       sf_check_in_message_wrapper 000000018003abf0 f   sfc_mex:sfc_sf.obj
 0001:00039c30       sf_no_message_wrapper      000000018003ac30 f   sfc_mex:sfc_sf.obj
 0001:00039fc0       sim_mode_is_rtw_gen        000000018003afc0 f   sfc_mex:sfc_sf.obj
 0001:00039ff0       sim_mode_is_external       000000018003aff0 f   sfc_mex:sfc_sf.obj
 0001:0003a000       sim_mode_is_modelref_sim   000000018003b000 f   sfc_mex:sfc_sf.obj
 0001:0003a020       mdlInitializeSizes         000000018003b020 f   sfc_mex:sfc_sf.obj
 0001:0003a040       mdlInitializeSampleTimes   000000018003b040 f   sfc_mex:sfc_sf.obj
 0001:0003a080       mdlZeroCrossings           000000018003b080 f   sfc_mex:sfc_sf.obj
 0001:0003a160       mdlDerivatives             000000018003b160 f   sfc_mex:sfc_sf.obj
 0001:0003a210       mdl_initialize_conditions_processing 000000018003b210 f   sfc_mex:sfc_sf.obj
 0001:0003a240       mdlInitializeConditions    000000018003b240 f   sfc_mex:sfc_sf.obj
 0001:0003a300       mdlGetSimState             000000018003b300 f   sfc_mex:sfc_sf.obj
 0001:0003a310       mdlSetSimState             000000018003b310 f   sfc_mex:sfc_sf.obj
 0001:0003a320       mdl_ext_mode_exec_processing 000000018003b320 f   sfc_mex:sfc_sf.obj
 0001:0003a340       mdlExtModeExec             000000018003b340 f   sfc_mex:sfc_sf.obj
 0001:0003a4d0       mdlTerminate               000000018003b4d0 f   sfc_mex:sfc_sf.obj
 0001:0003a540       mdlRTW                     000000018003b540 f   sfc_mex:sfc_sf.obj
 0001:0003a570       mdlSetWorkWidths           000000018003b570 f   sfc_mex:sfc_sf.obj
 0001:0003a580       mdlProcessParameters       000000018003b580 f   sfc_mex:sfc_sf.obj
 0001:0003a590       mdl_start_processing       000000018003b590 f   sfc_mex:sfc_sf.obj
 0001:0003a5d0       mdlStart                   000000018003b5d0 f   sfc_mex:sfc_sf.obj
 0001:0003a6c0       mdlEnable                  000000018003b6c0 f   sfc_mex:sfc_sf.obj
 0001:0003a790       mdlDisable                 000000018003b790 f   sfc_mex:sfc_sf.obj
 0001:0003a840       sf_get_chart_instance_ptr  000000018003b840 f   sfc_mex:sfc_sf.obj
 0001:0003a860       sf_load_rtw_optimization_info 000000018003b860 f   sfc_mex:sfc_sf.obj
 0001:0003a930       sf_rtw_info_uint_prop      000000018003b930 f   sfc_mex:sfc_sf.obj
 0001:0003aa70       sf_is_chart_inlinable      000000018003ba70 f   sfc_mex:sfc_sf.obj
 0001:0003aa90       sf_mark_output_events_with_multiple_callers 000000018003ba90 f   sfc_mex:sfc_sf.obj
 0001:0003ac20       sf_mark_chart_reusable_outputs 000000018003bc20 f   sfc_mex:sfc_sf.obj
 0001:0003ae80       sf_mark_chart_expressionable_inputs 000000018003be80 f   sfc_mex:sfc_sf.obj
 0001:0003b0e0       sf_get_subchart_simstruct  000000018003c0e0 f   sfc_mex:sfc_sf.obj
 0001:0003b130       sf_get_fixpt_data_type_id  000000018003c130 f   sfc_mex:sfc_sf.obj
 0001:0003b170       sf_get_enum_data_type_id   000000018003c170 f   sfc_mex:sfc_sf.obj
 0001:0003b1b0       sf_get_param_data_type_id  000000018003c1b0 f   sfc_mex:sfc_sf.obj
 0001:0003b1e0       sf_mex_listen_for_ctrl_c_force 000000018003c1e0 f   sfc_mex:sfc_sf.obj
 0001:0003b2f0       sf_mex_draw_now            000000018003c2f0 f   sfc_mex:sfc_sf.obj
 0001:0003b330       sf_mex_set_debugger_sim_status_listener_fcn 000000018003c330 f   sfc_mex:sfc_sf.obj
 0001:0003b340       sf_mex_listen_for_ctrl_c   000000018003c340 f   sfc_mex:sfc_sf.obj
 0001:0003b3d0       sf_mex_get_sfun_param      000000018003c3d0 f   sfc_mex:sfc_sf.obj
 0001:0003b420       sf_get_runtime_param_data  000000018003c420 f   sfc_mex:sfc_sf.obj
 0001:0003b460       sf_call_output_fcn_call    000000018003c460 f   sfc_mex:sfc_sf.obj
 0001:0003b5a0       sf_call_output_fcn_enable  000000018003c5a0 f   sfc_mex:sfc_sf.obj
 0001:0003b630       sf_call_output_fcn_disable 000000018003c630 f   sfc_mex:sfc_sf.obj
 0001:0003b6c0       sf_clear_rtw_identifier    000000018003c6c0 f   sfc_mex:sfc_sf.obj
 0001:0003beb0       sf_set_encoded_dwork_info  000000018003ceb0 f   sfc_mex:sfc_sf.obj
 0001:0003bf00       sf_get_dwork_info_from_mat_file 000000018003cf00 f   sfc_mex:sfc_sf.obj
 0001:0003c0c0       sf_set_rtw_dwork_info      000000018003d0c0 f   sfc_mex:sfc_sf.obj
 0001:0003c230       mdlOutputs                 000000018003d230 f   sfc_mex:sfc_sf.obj
 0001:0003c3d0       sf_debug_disp              000000018003d3d0 f   sfc_debug:sfcdebug.obj
 0001:0003c630       sf_debug_data_runtime_size_mismatch_error_check 000000018003d630 f   sfc_debug:sfcdebug.obj
 0001:0003c6d0       sf_debug_try_loading_machine 000000018003d6d0 f   sfc_debug:sfcdebug.obj
 0001:0003c7d0       sf_debug_reset_current_state_configuration 000000018003d7d0 f   sfc_debug:sfcdebug.obj
 0001:0003c860       sf_debug_store_current_state_configuration 000000018003d860 f   sfc_debug:sfcdebug.obj
 0001:0003c8f0       sf_debug_restore_previous_state_configuration 000000018003d8f0 f   sfc_debug:sfcdebug.obj
 0001:0003c980       sf_debug_restore_previous_state_configuration2 000000018003d980 f   sfc_debug:sfcdebug.obj
 0001:0003ca10       sf_debug_get_event_scope   000000018003da10 f   sfc_debug:sfcdebug.obj
 0001:0003cb80       use_debugger_step_animation 000000018003db80 f   sfc_debug:sfcdebug.obj
 0001:0003cba0       sf_debug_get_script_id     000000018003dba0 f   sfc_debug:sfcdebug.obj
 0001:0003cc30       sf_debug_set_script_translation 000000018003dc30 f   sfc_debug:sfcdebug.obj
 0001:0003cdb0       sf_debug_extract_message_post_receive_info 000000018003ddb0 f   sfc_debug:sfcdebug.obj
 0001:0003ceb0       sf_debug_get_current_machine_id 000000018003deb0 f   sfc_debug:sfcdebug.obj
 0001:0003ced0       sf_debug_get_current_optional_integer 000000018003ded0 f   sfc_debug:sfcdebug.obj
 0001:0003cee0       sf_debug_get_current_machine_number 000000018003dee0 f   sfc_debug:sfcdebug.obj
 0001:0003cf00       sf_debug_get_current_machine_name 000000018003df00 f   sfc_debug:sfcdebug.obj
 0001:0003cf20       sf_debug_get_current_chart_id 000000018003df20 f   sfc_debug:sfcdebug.obj
 0001:0003cf70       sf_debug_get_current_chart_number 000000018003df70 f   sfc_debug:sfcdebug.obj
 0001:0003cf80       sf_debug_get_current_instance_number 000000018003df80 f   sfc_debug:sfcdebug.obj
 0001:0003cf90       sf_debug_get_current_is_minor_time_step 000000018003df90 f   sfc_debug:sfcdebug.obj
 0001:0003d010       sf_debug_get_current_object_type 000000018003e010 f   sfc_debug:sfcdebug.obj
 0001:0003d020       sf_debug_get_current_instance_handle 000000018003e020 f   sfc_debug:sfcdebug.obj
 0001:0003d080       sf_debug_get_current_event_type 000000018003e080 f   sfc_debug:sfcdebug.obj
 0001:0003d090       sf_debug_get_current_object_id 000000018003e090 f   sfc_debug:sfcdebug.obj
 0001:0003d0d0       sf_debug_get_current_active_event_type 000000018003e0d0 f   sfc_debug:sfcdebug.obj
 0001:0003d0e0       sf_debug_get_current_active_event_id 000000018003e0e0 f   sfc_debug:sfcdebug.obj
 0001:0003d120       sf_debug_get_current_tag_type 000000018003e120 f   sfc_debug:sfcdebug.obj
 0001:0003d130       sf_debug_get_current_simulation_time 000000018003e130 f   sfc_debug:sfcdebug.obj
 0001:0003d140       sf_debug_get_current_coverage_percentage 000000018003e140 f   sfc_debug:sfcdebug.obj
 0001:0003d150       sf_debug_current_statement_context 000000018003e150 f   sfc_debug:sfcdebug.obj
 0001:0003d1e0       sf_debug_get_current_statement_info 000000018003e1e0 f   sfc_debug:sfcdebug.obj
 0001:0003d360       sf_debug_terminate_instance 000000018003e360 f   sfc_debug:sfcdebug.obj
 0001:0003d6a0       sf_debug_assertion_failed  000000018003e6a0 f   sfc_debug:sfcdebug.obj
 0001:0003d850       sf_debug_set_number_of_data_with_change_event_for_machine 000000018003e850 f   sfc_debug:sfcdebug.obj
 0001:0003d890       sf_debug_set_machine_event_thresholds 000000018003e890 f   sfc_debug:sfcdebug.obj
 0001:0003d8b0       sf_debug_set_machine_event_scope 000000018003e8b0 f   sfc_debug:sfcdebug.obj
 0001:0003d8f0       sf_debug_set_machine_data_thresholds 000000018003e8f0 f   sfc_debug:sfcdebug.obj
 0001:0003d930       sf_debug_set_machine_data_scope 000000018003e930 f   sfc_debug:sfcdebug.obj
 0001:0003d9c0       sf_debug_set_machine_data_name 000000018003e9c0 f   sfc_debug:sfcdebug.obj
 0001:0003da60       sf_debug_set_machine_data_size 000000018003ea60 f   sfc_debug:sfcdebug.obj
 0001:0003dba0       sf_debug_set_machine_data_type 000000018003eba0 f   sfc_debug:sfcdebug.obj
 0001:0003dd10       sf_debug_get_chart_data_number 000000018003ed10 f   sfc_debug:sfcdebug.obj
 0001:0003dd30       sf_debug_get_chart_event_number 000000018003ed30 f   sfc_debug:sfcdebug.obj
 0001:0003dd50       sf_debug_set_chart_state_info 000000018003ed50 f   sfc_debug:sfcdebug.obj
 0001:0003ddd0       sf_debug_set_chart_decomposition 000000018003edd0 f   sfc_debug:sfcdebug.obj
 0001:0003de40       sf_debug_set_chart_substate_count 000000018003ee40 f   sfc_debug:sfcdebug.obj
 0001:0003df20       sf_debug_set_chart_substate_index 000000018003ef20 f   sfc_debug:sfcdebug.obj
 0001:0003df90       sf_debug_set_chart_state_substate_count 000000018003ef90 f   sfc_debug:sfcdebug.obj
 0001:0003e0a0       sf_debug_set_chart_state_substate_index 000000018003f0a0 f   sfc_debug:sfcdebug.obj
 0001:0003e120       sf_debug_set_number_of_data_with_change_event_for_chart 000000018003f120 f   sfc_debug:sfcdebug.obj
 0001:0003e1a0       sf_debug_set_number_of_states_with_entry_event_for_chart 000000018003f1a0 f   sfc_debug:sfcdebug.obj
 0001:0003e210       sf_debug_set_number_of_states_with_exit_event_for_chart 000000018003f210 f   sfc_debug:sfcdebug.obj
 0001:0003e280       sf_debug_set_chart_disable_implicit_casting 000000018003f280 f   sfc_debug:sfcdebug.obj
 0001:0003e2f0       sf_debug_set_chart_event_thresholds 000000018003f2f0 f   sfc_debug:sfcdebug.obj
 0001:0003e360       sf_debug_set_chart_data_compiled_props 000000018003f360 f   sfc_debug:sfcdebug.obj
 0001:0003e6b0       sf_debug_set_chart_data_props 000000018003f6b0 f   sfc_debug:sfcdebug.obj
 0001:0003e9d0       sf_debug_check_fi_license  000000018003f9d0 f   sfc_debug:sfcdebug.obj
 0001:0003ebc0       sf_debug_symbol_scope_push 000000018003fbc0 f   sfc_debug:sfcdebug.obj
 0001:0003ec00       sf_debug_symbol_scope_push_eml 000000018003fc00 f   sfc_debug:sfcdebug.obj
 0001:0003ec50       sf_debug_symbol_scope_pop  000000018003fc50 f   sfc_debug:sfcdebug.obj
 0001:0003ec90       sf_debug_symbol_scope_add_importable 000000018003fc90 f   sfc_debug:sfcdebug.obj
 0001:0003ed10       sf_debug_symbol_scope_add  000000018003fd10 f   sfc_debug:sfcdebug.obj
 0001:0003ed90       sf_debug_symbol_scope_add_dyn_importable 000000018003fd90 f   sfc_debug:sfcdebug.obj
 0001:0003ee50       sf_debug_symbol_scope_add_dyn 000000018003fe50 f   sfc_debug:sfcdebug.obj
 0001:0003ee80       sf_debug_symbol_scope_add_eml_importable 000000018003fe80 f   sfc_debug:sfcdebug.obj
 0001:0003eec0       sf_debug_symbol_scope_add_eml 000000018003fec0 f   sfc_debug:sfcdebug.obj
 0001:0003ef00       sf_debug_symbol_scope_add_eml_dyn_importable 000000018003ff00 f   sfc_debug:sfcdebug.obj
 0001:0003ef70       sf_debug_symbol_scope_add_eml_dyn 000000018003ff70 f   sfc_debug:sfcdebug.obj
 0001:0003efd0       sf_debug_symbol_switch     000000018003ffd0 f   sfc_debug:sfcdebug.obj
 0001:0003eff0       sf_debug_symbol_scope_add_verbose 000000018003fff0 f   sfc_debug:sfcdebug.obj
 0001:0003f0c0       sf_debug_set_machine_data_value_ptr 00000001800400c0 f   sfc_debug:sfcdebug.obj
 0001:0003f100       sf_debug_set_instance_data_value_ptr 0000000180040100 f   sfc_debug:sfcdebug.obj
 0001:0003f1c0       sf_debug_unset_instance_data_value_ptr 00000001800401c0 f   sfc_debug:sfcdebug.obj
 0001:0003f270       sf_debug_set_chart_event_scope 0000000180040270 f   sfc_debug:sfcdebug.obj
 0001:0003f2f0       sf_debug_set_chart_transition_coverage_maps 00000001800402f0 f   sfc_debug:sfcdebug.obj
 0001:0003f400       sf_debug_set_chart_state_coverage_maps 0000000180040400 f   sfc_debug:sfcdebug.obj
 0001:0003f4e0       sf_debug_set_instance_transition_coverage_weights 00000001800404e0 f   sfc_debug:sfcdebug.obj
 0001:0003f580       sf_debug_set_instance_state_coverage_weights 0000000180040580 f   sfc_debug:sfcdebug.obj
 0001:0003f7d0       sf_debug_unload_machine    00000001800407d0 f   sfc_debug:sfcdebug.obj
 0001:0003f820       sf_debug_load_machine      0000000180040820 f   sfc_debug:sfcdebug.obj
 0001:0003f920       sf_debug_set_active_instance_in_data_dictionary 0000000180040920 f   sfc_debug:sfcdebug.obj
 0001:0003fb00       sf_debug_set_active_instance 0000000180040b00 f   sfc_debug:sfcdebug.obj
 0001:0003fc40       sf_debug_chart_visiblity_change 0000000180040c40 f   sfc_debug:sfcdebug.obj
 0001:0003fd20       sf_debug_select_chart      0000000180040d20 f   sfc_debug:sfcdebug.obj
 0001:0003fdf0       sf_debug_set_instance_cv_ids 0000000180040df0 f   sfc_debug:sfcdebug.obj
 0001:00040100       sf_debug_select_charts     0000000180041100 f   sfc_debug:sfcdebug.obj
 0001:00040240       sf_debug_initialized       0000000180041240 f   sfc_debug:sfcdebug.obj
 0001:00040250       sf_debug_is_uninterruptible 0000000180041250 f   sfc_debug:sfcdebug.obj
 0001:00040280       sf_debug_initialize_debugger_gui 0000000180041280 f   sfc_debug:sfcdebug.obj
 0001:00040670       sf_debug_resume            0000000180041670 f   sfc_debug:sfcdebug.obj
 0001:00040690       sf_debug_go                0000000180041690 f   sfc_debug:sfcdebug.obj
 0001:000406a0       sf_debug_break             00000001800416a0 f   sfc_debug:sfcdebug.obj
 0001:000406b0       sf_debug_step_over         00000001800416b0 f   sfc_debug:sfcdebug.obj
 0001:000406c0       sf_debug_step_out          00000001800416c0 f   sfc_debug:sfcdebug.obj
 0001:000406d0       sf_debug_set_disable_all_breakpoints 00000001800416d0 f   sfc_debug:sfcdebug.obj
 0001:000406e0       sf_debug_disable_all_breakpoints_and_go 00000001800416e0 f   sfc_debug:sfcdebug.obj
 0001:000406f0       sf_debug_break_on_chart_entry 00000001800416f0 f   sfc_debug:sfcdebug.obj
 0001:00040700       sf_debug_break_on_event_broadcast 0000000180041700 f   sfc_debug:sfcdebug.obj
 0001:00040710       sf_debug_break_on_state_entry 0000000180041710 f   sfc_debug:sfcdebug.obj
 0001:00040720       sf_debug_break_between_times 0000000180041720 f   sfc_debug:sfcdebug.obj
 0001:00040740       sf_debug_browse_data       0000000180041740 f   sfc_debug:sfcdebug.obj
 0001:00040760       sf_debug_watch_data        0000000180041760 f   sfc_debug:sfcdebug.obj
 0001:00040780       sf_debug_assign_data       0000000180041780 f   sfc_debug:sfcdebug.obj
 0001:000407a0       sf_debug_whos              00000001800417a0 f   sfc_debug:sfcdebug.obj
 0001:000407c0       sf_debug_get_consistency_info 00000001800417c0 f   sfc_debug:sfcdebug.obj
 0001:000407d0       sf_debug_browse_trace      00000001800417d0 f   sfc_debug:sfcdebug.obj
 0001:000407e0       sf_debug_set_breakpoints   00000001800417e0 f   sfc_debug:sfcdebug.obj
 0001:00040940       sf_debug_set_eml_breakpoints 0000000180041940 f   sfc_debug:sfcdebug.obj
 0001:00040aa0       sf_debug_set_script_breakpoints 0000000180041aa0 f   sfc_debug:sfcdebug.obj
 0001:00040b20       sf_debug_add_script_breakpoints 0000000180041b20 f   sfc_debug:sfcdebug.obj
 0001:00040b90       sf_debug_clear_script_breakpoints 0000000180041b90 f   sfc_debug:sfcdebug.obj
 0001:00040c00       sf_debug_query_script_breakpoints 0000000180041c00 f   sfc_debug:sfcdebug.obj
 0001:00040cc0       sf_debug_get_eml_script_id 0000000180041cc0 f   sfc_debug:sfcdebug.obj
 0001:00040d10       sf_debug_set_watch         0000000180041d10 f   sfc_debug:sfcdebug.obj
 0001:00040f40       sf_debug_get_instance_handle 0000000180041f40 f   sfc_debug:sfcdebug.obj
 0001:00040fd0       sf_debug_get_active_states 0000000180041fd0 f   sfc_debug:sfcdebug.obj
 0001:00040fe0       sf_debug_get_animation     0000000180041fe0 f   sfc_debug:sfcdebug.obj
 0001:00040ff0       sf_debug_set_animation     0000000180041ff0 f   sfc_debug:sfcdebug.obj
 0001:00041000       sf_debug_animate           0000000180042000 f   sfc_debug:sfcdebug.obj
 0001:00041030       sf_debug_cycle_detection_check 0000000180042030 f   sfc_debug:sfcdebug.obj
 0001:00041040       sf_debug_data_range_check  0000000180042040 f   sfc_debug:sfcdebug.obj
 0001:00041050       sf_debug_transition_conflict_check 0000000180042050 f   sfc_debug:sfcdebug.obj
 0001:00041060       sf_debug_state_consistency_check 0000000180042060 f   sfc_debug:sfcdebug.obj
 0001:00041070       sf_debug_data_range_check_enabled 0000000180042070 f   sfc_debug:sfcdebug.obj
 0001:00041090       sf_debug_transition_conflict_check_enabled 0000000180042090 f   sfc_debug:sfcdebug.obj
 0001:000410b0       sf_debug_transition_conflict_check_begin 00000001800420b0 f   sfc_debug:sfcdebug.obj
 0001:000410d0       sf_debug_transition_conflict_check_end 00000001800420d0 f   sfc_debug:sfcdebug.obj
 0001:000410f0       sf_debug_stop_debugging    00000001800420f0 f   sfc_debug:sfcdebug.obj
 0001:00041120       sf_debug_is_cycle_detected 0000000180042120 f   sfc_debug:sfcdebug.obj
 0001:00041130       sf_debug_is_array_bounds_detected 0000000180042130 f   sfc_debug:sfcdebug.obj
 0001:00041140       sf_debug_get_state_vectors_data_size 0000000180042140 f   sfc_debug:sfcdebug.obj
 0001:00041180       sf_debug_get_state_vectors_data 0000000180042180 f   sfc_debug:sfcdebug.obj
 0001:00041280       sf_debug_set_state_vectors_data 0000000180042280 f   sfc_debug:sfcdebug.obj
 0001:00041540       sf_debug_get_script_index  0000000180042540 f   sfc_debug:sfcdebug.obj
 0001:000416d0       sf_debug_add_script        00000001800426d0 f   sfc_debug:sfcdebug.obj
 0001:00041860       cv_eval_point              0000000180042860 f   sfc_debug:sfcdebug.obj
 0001:000419d0       cv_eval_testobjective      00000001800429d0 f   sfc_debug:sfcdebug.obj
 0001:00041af0       sf_debug_cv_init_state     0000000180042af0 f   sfc_debug:sfcdebug.obj
 0001:00041c10       sf_debug_cv_init_chart     0000000180042c10 f   sfc_debug:sfcdebug.obj
 0001:00041cf0       sf_debug_cv_init_trans     0000000180042cf0 f   sfc_debug:sfcdebug.obj
 0001:00041df0       sf_debug_cv_init_testobjectives 0000000180042df0 f   sfc_debug:sfcdebug.obj
 0001:00041fd0       cv_eml_init_script         0000000180042fd0 f   sfc_debug:sfcdebug.obj
 0001:000420d0       cv_eml_init_fcn            00000001800430d0 f   sfc_debug:sfcdebug.obj
 0001:00042180       cv_eml_init_testobjective  0000000180043180 f   sfc_debug:sfcdebug.obj
 0001:00042250       cv_eml_init_if             0000000180043250 f   sfc_debug:sfcdebug.obj
 0001:00042320       cv_eml_init_for            0000000180043320 f   sfc_debug:sfcdebug.obj
 0001:000423e0       cv_eml_init_while          00000001800433e0 f   sfc_debug:sfcdebug.obj
 0001:000424a0       cv_eml_init_mcdc           00000001800434a0 f   sfc_debug:sfcdebug.obj
 0001:000425b0       cv_eml_init_switch         00000001800435b0 f   sfc_debug:sfcdebug.obj
 0001:000426a0       cv_eml_eval                00000001800436a0 f   sfc_debug:sfcdebug.obj
 0001:00042780       sf_debug_bm_is_a_eml_breakpoint 0000000180043780 f   sfc_debug:sfcdebug.obj
 0001:000428d0       sf_debug_temporal_threshold 00000001800438d0 f   sfc_debug:sfcdebug.obj
 0001:00042c30       sf_debug_transition_conflict_error 0000000180043c30 f   sfc_debug:sfcdebug.obj
 0001:00042fb0       sf_debug_state_inconsistency_error 0000000180043fb0 f   sfc_debug:sfcdebug.obj
 0001:000430d0       sf_debug_check_for_state_inconsistency 00000001800440d0 f   sfc_debug:sfcdebug.obj
 0001:00043100       sf_debug_cycle_detecton_error 0000000180044100 f   sfc_debug:sfcdebug.obj
 0001:000438f0       sf_debug_size_eq_check_1d  00000001800448f0 f   sfc_debug:sfcdebug.obj
 0001:00043910       sf_debug_size_eq_check_nd  0000000180044910 f   sfc_debug:sfcdebug.obj
 0001:00043af0       sf_debug_dim_size_eq_check 0000000180044af0 f   sfc_debug:sfcdebug.obj
 0001:00043b20       sf_debug_dim_size_geq_check 0000000180044b20 f   sfc_debug:sfcdebug.obj
 0001:00043b50       sf_debug_sub_assign_size_check_nd 0000000180044b50 f   sfc_debug:sfcdebug.obj
 0001:00043d90       sf_debug_matrix_matrix_index_check 0000000180044d90 f   sfc_debug:sfcdebug.obj
 0001:00043dc0       sf_debug_vector_vector_index_check 0000000180044dc0 f   sfc_debug:sfcdebug.obj
 0001:00043df0       sf_debug_for_loop_vector_check 0000000180044df0 f   sfc_debug:sfcdebug.obj
 0001:00043e70       sf_debug_runtime_error_msgid 0000000180044e70 f   sfc_debug:sfcdebug.obj
 0001:00043f00       sf_debug_data_array_bounds_error_check 0000000180044f00 f   sfc_debug:sfcdebug.obj
 0001:00044010       sf_debug_eml_data_array_bounds_error_check 0000000180045010 f   sfc_debug:sfcdebug.obj
 0001:000444f0       sf_debug_integer_check     00000001800454f0 f   sfc_debug:sfcdebug.obj
 0001:000445d0       sf_debug_not_nan_check     00000001800455d0 f   sfc_debug:sfcdebug.obj
 0001:00044690       sf_debug_non_negative_check 0000000180045690 f   sfc_debug:sfcdebug.obj
 0001:00044750       sf_debug_overflow_detection 0000000180045750 f   sfc_debug:sfcdebug.obj
 0001:00044e40       sf_debug_cast_to_real32_T  0000000180045e40 f   sfc_debug:sfcdebug.obj
 0001:00044f00       sf_debug_cast_to_int8_T    0000000180045f00 f   sfc_debug:sfcdebug.obj
 0001:00044fc0       sf_debug_cast_to_uint8_T   0000000180045fc0 f   sfc_debug:sfcdebug.obj
 0001:00045080       sf_debug_cast_to_int16_T   0000000180046080 f   sfc_debug:sfcdebug.obj
 0001:00045140       sf_debug_cast_to_uint16_T  0000000180046140 f   sfc_debug:sfcdebug.obj
 0001:00045200       sf_debug_cast_to_int32_T   0000000180046200 f   sfc_debug:sfcdebug.obj
 0001:000452c0       sf_debug_cast_to_uint32_T  00000001800462c0 f   sfc_debug:sfcdebug.obj
 0001:00045380       sf_debug_data_range_error  0000000180046380 f   sfc_debug:sfcdebug.obj
 0001:000456d0       sf_debug_read_before_write_check 00000001800466d0 f   sfc_debug:sfcdebug.obj
 0001:00045ac0       sf_debug_data_range_error_wrapper_min_max 0000000180046ac0 f   sfc_debug:sfcdebug.obj
 0001:00045bb0       sf_debug_data_range_error_wrapper_min 0000000180046bb0 f   sfc_debug:sfcdebug.obj
 0001:00045c90       sf_debug_data_range_error_wrapper_max 0000000180046c90 f   sfc_debug:sfcdebug.obj
 0001:00045d70       sf_debug_data_range_wrapper 0000000180046d70 f   sfc_debug:sfcdebug.obj
 0001:00045e20       sf_debug_set_current_status_info 0000000180046e20 f   sfc_debug:sfcdebug.obj
 0001:000461d0       sf_debug_register_message_post_receive_info 00000001800471d0 f   sfc_debug:sfcdebug.obj
 0001:00046440       sf_debug_call              0000000180047440 f   sfc_debug:sfcdebug.obj
 0001:00047300       sf_debug_initialize_machine 0000000180048300 f   sfc_debug:sfcdebug.obj
 0001:00047610       sf_debug_initialize_chart  0000000180048610 f   sfc_debug:sfcdebug.obj
 0001:00047af0       sf_debug_ensure_script     0000000180048af0 f   sfc_debug:sfcdebug.obj
 0001:00047bb0       cv_script_init_script      0000000180048bb0 f   sfc_debug:sfcdebug.obj
 0001:00047c90       cv_script_init_fcn         0000000180048c90 f   sfc_debug:sfcdebug.obj
 0001:00047d40       cv_script_init_testobjective 0000000180048d40 f   sfc_debug:sfcdebug.obj
 0001:00047df0       cv_script_init_if          0000000180048df0 f   sfc_debug:sfcdebug.obj
 0001:00047ea0       cv_script_init_for         0000000180048ea0 f   sfc_debug:sfcdebug.obj
 0001:00047f50       cv_script_init_while       0000000180048f50 f   sfc_debug:sfcdebug.obj
 0001:00048000       cv_script_init_mcdc        0000000180049000 f   sfc_debug:sfcdebug.obj
 0001:00048100       cv_script_init_switch      0000000180049100 f   sfc_debug:sfcdebug.obj
 0001:000481e0       cv_script_eval             00000001800491e0 f   sfc_debug:sfcdebug.obj
 0001:000482c0       eml_debug_line_call        00000001800492c0 f   sfc_debug:sfcdebug.obj
 0001:00048470       sf_debug_terminate         0000000180049470 f   sfc_debug:sfcdebug.obj
 0001:000485e0       sf_debug_set_script_cv_ids 00000001800495e0 f   sfc_debug:sfcdebug.obj
 0001:00048710       sf_debug_api               0000000180049710 f   sfc_debug:sfc_api.obj
 0001:00049ef0       sf_debug_sm_terminate      000000018004aef0 f   sfc_debug:sfdb_animation.obj
 0001:0004a0b0       sf_debug_reset_path_objects 000000018004b0b0 f   sfc_debug:sfdb_animation.obj
 0001:0004a130       sf_debug_sm_reset_object_selection_status 000000018004b130 f   sfc_debug:sfdb_animation.obj
 0001:0004a1d0       sf_debug_sm_reset_state_buffer 000000018004b1d0 f   sfc_debug:sfdb_animation.obj
 0001:0004a2a0       sf_debug_sm_store_state_buffer 000000018004b2a0 f   sfc_debug:sfdb_animation.obj
 0001:0004a320       sf_debug_sm_restore_state_buffer1 000000018004b320 f   sfc_debug:sfdb_animation.obj
 0001:0004a390       sf_debug_sm_restore_state_buffer2 000000018004b390 f   sfc_debug:sfdb_animation.obj
 0001:0004a400       sf_debug_sm_chart_active   000000018004b400 f   sfc_debug:sfdb_animation.obj
 0001:0004a450       sf_debug_sm_select_active_objects 000000018004b450 f   sfc_debug:sfdb_animation.obj
 0001:0004a900       sf_debug_sm_is_chart_active 000000018004b900 f   sfc_debug:sfdb_animation.obj
 0001:0004a940       sf_debug_sm_is_state_active 000000018004b940 f   sfc_debug:sfdb_animation.obj
 0001:0004ab80       sf_debug_sm_get_active_states 000000018004bb80 f   sfc_debug:sfdb_animation.obj
 0001:0004b140       sf_debug_sm_initialize_instance 000000018004c140 f   sfc_debug:sfdb_animation.obj
 0001:0004b390       sf_debug_sm_change_object_selection_status 000000018004c390 f   sfc_debug:sfdb_animation.obj
 0001:0004b680       cv_create_interface        000000018004c680 f   sfc_debug:cv_sfinterface.obj
 0001:0004b9e0       cv_init_trans              000000018004c9e0 f   sfc_debug:cv_sfinterface.obj
 0001:0004ba30       cv_init_testobjective      000000018004ca30 f   sfc_debug:cv_sfinterface.obj
 0001:0004ba70       cv_init_state              000000018004ca70 f   sfc_debug:cv_sfinterface.obj
 0001:0004bae0       cv_init_chart              000000018004cae0 f   sfc_debug:cv_sfinterface.obj
 0001:0004bb30       cv_dec_update_call         000000018004cb30 f   sfc_debug:cv_sfinterface.obj
 0001:0004bb70       cv_cond_update_call        000000018004cb70 f   sfc_debug:cv_sfinterface.obj
 0001:0004bbb0       cv_testobjective_update_call 000000018004cbb0 f   sfc_debug:cv_sfinterface.obj
 0001:0004bbf0       cv_sigrange_update         000000018004cbf0 f   sfc_debug:cv_sfinterface.obj
 0001:0004bc30       cvsf_eml_eval              000000018004cc30 f   sfc_debug:cv_sfinterface.obj
 0001:0004bd10       cvsf_eml_init_script       000000018004cd10 f   sfc_debug:cv_sfinterface.obj
 0001:0004bd90       cvsf_eml_init_fcn          000000018004cd90 f   sfc_debug:cv_sfinterface.obj
 0001:0004bdf0       cvsf_eml_init_testobjective 000000018004cdf0 f   sfc_debug:cv_sfinterface.obj
 0001:0004be50       cvsf_eml_init_if           000000018004ce50 f   sfc_debug:cv_sfinterface.obj
 0001:0004beb0       cvsf_eml_init_for          000000018004ceb0 f   sfc_debug:cv_sfinterface.obj
 0001:0004bf00       cvsf_eml_init_while        000000018004cf00 f   sfc_debug:cv_sfinterface.obj
 0001:0004bf50       cvsf_eml_init_mcdc         000000018004cf50 f   sfc_debug:cv_sfinterface.obj
 0001:0004bfe0       cvsf_eml_init_switch       000000018004cfe0 f   sfc_debug:cv_sfinterface.obj
 0001:0004c050       cvsf_script_eval           000000018004d050 f   sfc_debug:cv_sfinterface.obj
 0001:0004c130       cvsf_script_init_script    000000018004d130 f   sfc_debug:cv_sfinterface.obj
 0001:0004c1b0       cvsf_script_init_fcn       000000018004d1b0 f   sfc_debug:cv_sfinterface.obj
 0001:0004c210       cvsf_script_init_testobjective 000000018004d210 f   sfc_debug:cv_sfinterface.obj
 0001:0004c270       cvsf_script_init_if        000000018004d270 f   sfc_debug:cv_sfinterface.obj
 0001:0004c2d0       cvsf_script_init_for       000000018004d2d0 f   sfc_debug:cv_sfinterface.obj
 0001:0004c320       cvsf_script_init_while     000000018004d320 f   sfc_debug:cv_sfinterface.obj
 0001:0004c370       cvsf_script_init_mcdc      000000018004d370 f   sfc_debug:cv_sfinterface.obj
 0001:0004c400       cvsf_script_init_switch    000000018004d400 f   sfc_debug:cv_sfinterface.obj
 0001:0004c470       cv_destroy_interface       000000018004d470 f   sfc_debug:cv_sfinterface.obj
 0001:0004c490       cv_create_instance_objects 000000018004d490 f   sfc_debug:cv_sfinterface.obj
 0001:0004c940       cv_is_enabled              000000018004d940 f   sfc_debug:cv_sfinterface.obj
 0001:0004c950       sf_debug_cv_initialize_script 000000018004d950 f   sfc_debug:cv_sfinterface.obj
 0001:0004cb00       sf_debug_cv_initialize_instance 000000018004db00 f   sfc_debug:cv_sfinterface.obj
 0001:0004cea0       sf_debug_cv_terminate_chart 000000018004dea0 f   sfc_debug:cv_sfinterface.obj
 0001:0004cfe0       cv_call_trans_test         000000018004dfe0 f   sfc_debug:cv_sfinterface.obj
 0001:0004cff0       cv_call_sub_cond_test      000000018004dff0 f   sfc_debug:cv_sfinterface.obj
 0001:0004d030       sf_debug_st_initialize_machine 000000018004e030 f   sfc_debug:sfdb_data_browse.obj
 0001:0004d0f0       sf_debug_st_initialize_instance 000000018004e0f0 f   sfc_debug:sfdb_data_browse.obj
 0001:0004d320       sf_debug_st_terminate      000000018004e320 f   sfc_debug:sfdb_data_browse.obj
 0001:0004d6c0       sf_debug_st_set_data_value_ptr_in_machine 000000018004e6c0 f   sfc_debug:sfdb_data_browse.obj
 0001:0004d750       sf_debug_st_set_data_value_ptr_in_instance 000000018004e750 f   sfc_debug:sfdb_data_browse.obj
 0001:0004d830       sf_debug_st_unset_data_value_ptr_in_machine 000000018004e830 f   sfc_debug:sfdb_data_browse.obj
 0001:0004d8a0       sf_debug_st_unset_data_value_ptr_in_instance 000000018004e8a0 f   sfc_debug:sfdb_data_browse.obj
 0001:0004dbb0       sf_debug_mx_value          000000018004ebb0 f   sfc_debug:sfdb_data_browse.obj
 0001:0004dc10       sf_debug_mx_packed_vector  000000018004ec10 f   sfc_debug:sfdb_data_browse.obj
 0001:0004dcf0       sf_debug_mx_uint_vector    000000018004ecf0 f   sfc_debug:sfdb_data_browse.obj
 0001:0004ddb0       sf_debug_st_get_double_value_from_void_ptr_vector 000000018004edb0 f   sfc_debug:sfdb_data_browse.obj
 0001:0004e8a0       sf_debug_st_browse_data    000000018004f8a0 f   sfc_debug:sfdb_data_browse.obj
 0001:0004f130       sf_debug_hm_initialize_instance 0000000180050130 f   sfc_debug:sfdb_handle_management.obj
 0001:0004f6b0       sf_debug_hm_get_object_id  00000001800506b0 f   sfc_debug:sfdb_handle_management.obj
 0001:00051620       sf_debug_object_is_eml_function 0000000180052620 f   sfc_debug:sfdb_handle_management.obj
 0001:00051690       sf_debug_hm_initialize_ids_in_machine 0000000180052690 f   sfc_debug:sfdb_handle_management.obj
 0001:00051800       sf_debug_hm_initialize_ids_in_chart 0000000180052800 f   sfc_debug:sfdb_handle_management.obj
 0001:00051940       sf_debug_hm_initialize_chart 0000000180052940 f   sfc_debug:sfdb_handle_management.obj
 0001:000520f0       sf_debug_hm_terminate      00000001800530f0 f   sfc_debug:sfdb_handle_management.obj
 0001:00052150       sf_debug_hm_initialize_machine 0000000180053150 f   sfc_debug:sfdb_handle_management.obj
 0001:00052900       sf_debug_ss_initialize     0000000180053900 f   sfc_debug:sfdb_symbol_scope.obj
 0001:00052920       sf_debug_ss_terminate      0000000180053920 f   sfc_debug:sfdb_symbol_scope.obj
 0001:000529b0       sf_debug_ss_push_symbol_scope 00000001800539b0 f   sfc_debug:sfdb_symbol_scope.obj
 0001:00052ab0       sf_debug_ss_push_symbol_scope_eml 0000000180053ab0 f   sfc_debug:sfdb_symbol_scope.obj
 0001:00052b10       sf_debug_ss_pop_symbol_scope 0000000180053b10 f   sfc_debug:sfdb_symbol_scope.obj
 0001:00052bc0       sf_debug_ss_add_symbol     0000000180053bc0 f   sfc_debug:sfdb_symbol_scope.obj
 0001:00052d20       sf_debug_ss_add_symbol_eml 0000000180053d20 f   sfc_debug:sfdb_symbol_scope.obj
 0001:00053a00       sf_debug_ss_set_data_value 0000000180054a00 f   sfc_debug:sfdb_symbol_scope.obj
 0001:00053ea0       sf_debug_ss_watch_data     0000000180054ea0 f   sfc_debug:sfdb_symbol_scope.obj
 0001:00053f40       sf_debug_ss_assign_data    0000000180054f40 f   sfc_debug:sfdb_symbol_scope.obj
 0001:00054940       get_data_entry_name        0000000180055940 f   sfc_debug:sfdb_symbol_scope.obj
 0001:00054990       sf_debug_ss_whos           0000000180055990 f   sfc_debug:sfdb_symbol_scope.obj
 0001:000550a0       sf_debug_cc_initialize_chart 00000001800560a0 f   sfc_debug:sfdb_coverage.obj
 0001:00055a90       sf_debug_cc_initialize_instance 0000000180056a90 f   sfc_debug:sfdb_coverage.obj
 0001:00056890       sf_debug_cc_terminate      0000000180057890 f   sfc_debug:sfdb_coverage.obj
 0001:00056980       sf_debug_cc_set_transition_maps 0000000180057980 f   sfc_debug:sfdb_coverage.obj
 0001:00056ab0       sf_debug_cc_set_state_maps 0000000180057ab0 f   sfc_debug:sfdb_coverage.obj
 0001:00056b90       sf_debug_cc_set_transition_weights 0000000180057b90 f   sfc_debug:sfdb_coverage.obj
 0001:00056e60       sf_debug_cc_set_state_weights 0000000180057e60 f   sfc_debug:sfdb_coverage.obj
 0001:00057130       sf_debug_cc_mark_transition_guard 0000000180058130 f   sfc_debug:sfdb_coverage.obj
 0001:000571c0       sf_debug_cc_mark_transition_trigger 00000001800581c0 f   sfc_debug:sfdb_coverage.obj
 0001:00057250       sf_debug_cc_mark_transition_decision 0000000180058250 f   sfc_debug:sfdb_coverage.obj
 0001:000572c0       sf_debug_cc_mark_transition_condition_action 00000001800582c0 f   sfc_debug:sfdb_coverage.obj
 0001:00057310       sf_debug_cc_mark_transition_transition_action 0000000180058310 f   sfc_debug:sfdb_coverage.obj
 0001:00057360       sf_debug_cc_mark_state_entry 0000000180058360 f   sfc_debug:sfdb_coverage.obj
 0001:000573b0       sf_debug_cc_mark_state_during 00000001800583b0 f   sfc_debug:sfdb_coverage.obj
 0001:00057400       sf_debug_cc_mark_state_exit 0000000180058400 f   sfc_debug:sfdb_coverage.obj
 0001:00057450       sf_debug_bm_clear_script_breakpoints 0000000180058450 f   sfc_debug:sfdb_breakpoints.obj
 0001:00057480       sf_debug_bm_set_script_breakpoint 0000000180058480 f   sfc_debug:sfdb_breakpoints.obj
 0001:00057500       sf_debug_bm_clear_single_script_breakpoint 0000000180058500 f   sfc_debug:sfdb_breakpoints.obj
 0001:00057580       sf_debug_bm_query_script_breakpoint 0000000180058580 f   sfc_debug:sfdb_breakpoints.obj
 0001:000575d0       sf_debug_bm_initialize_scripts 00000001800585d0 f   sfc_debug:sfdb_breakpoints.obj
 0001:00057cf0       sf_debug_bm_terminate      0000000180058cf0 f   sfc_debug:sfdb_breakpoints.obj
 0001:00057fe0       sf_debug_bm_remove_all_breakpoints_in_machine 0000000180058fe0 f   sfc_debug:sfdb_breakpoints.obj
 0001:00058050       sf_debug_bm_remove_all_breakpoints_in_chart 0000000180059050 f   sfc_debug:sfdb_breakpoints.obj
 0001:000581a0       sf_debug_bm_initialize_global_breakpoints 00000001800591a0 f   sfc_debug:sfdb_breakpoints.obj
 0001:00058320       sf_debug_bm_set_breakpoint 0000000180059320 f   sfc_debug:sfdb_breakpoints.obj
 0001:00058950       sf_debug_bm_set_eml_breakpoint 0000000180059950 f   sfc_debug:sfdb_breakpoints.obj
 0001:000589f0       sf_debug_bm_initialize_machine_breakpoint_map 00000001800599f0 f   sfc_debug:sfdb_breakpoints.obj
 0001:00058e10       sf_debug_bm_is_a_breakpoint 0000000180059e10 f   sfc_debug:sfdb_breakpoints.obj
 0001:00059330       sf_debug_bm_get_all_breakpoints_in_machine 000000018005a330 f   sfc_debug:sfdb_breakpoints.obj
 0001:00059630       sf_debug_bm_get_all_breakpoints_in_chart 000000018005a630 f   sfc_debug:sfdb_breakpoints.obj
 0001:0005a2f0       sf_debug_bm_initialize_machine 000000018005b2f0 f   sfc_debug:sfdb_breakpoints.obj
 0001:0005a3c0       sf_debug_bm_initialize_chart 000000018005b3c0 f   sfc_debug:sfdb_breakpoints.obj
 0001:0005a7e0       sf_debug_sc_terminate      000000018005b7e0 f   sfc_debug:sfdb_state_consistency.obj
 0001:0005ab10       sf_debug_sc_is_chart_consistent 000000018005bb10 f   sfc_debug:sfdb_state_consistency.obj
 0001:0005adc0       sf_debug_sc_get_consistency_error_info 000000018005bdc0 f   sfc_debug:sfdb_state_consistency.obj
 0001:0005b210       sf_debug_tm_terminate      000000018005c210 f   sfc_debug:sfdb_call_stack.obj
 0001:0005b2d0       sf_debug_tm_push_chart_instance 000000018005c2d0 f   sfc_debug:sfdb_call_stack.obj
 0001:0005b420       sf_debug_tm_pop_chart_instance 000000018005c420 f   sfc_debug:sfdb_call_stack.obj
 0001:0005b480       sf_debug_tm_push_trace_node 000000018005c480 f   sfc_debug:sfdb_call_stack.obj
 0001:0005b610       sf_debug_tm_pop_trace_node 000000018005c610 f   sfc_debug:sfdb_call_stack.obj
 0001:0005b690       sf_debug_tm_get_current_global_trace_index 000000018005c690 f   sfc_debug:sfdb_call_stack.obj
 0001:0005b6a0       sf_debug_tm_get_current_local_trace_index 000000018005c6a0 f   sfc_debug:sfdb_call_stack.obj
 0001:0005b6d0       sf_debug_tm_set_cycle_detected_flag 000000018005c6d0 f   sfc_debug:sfdb_call_stack.obj
 0001:0005b710       sf_debug_tm_set_cycle_started_flag 000000018005c710 f   sfc_debug:sfdb_call_stack.obj
 0001:0005b750       sf_debug_tm_get_chart_number_from_stack 000000018005c750 f   sfc_debug:sfdb_call_stack.obj
 0001:0005b950       sf_debug_tm_browse_trace   000000018005c950 f   sfc_debug:sfdb_call_stack.obj
 0001:0005bc90       sf_debug_cd_initialize_instance 000000018005cc90 f   sfc_debug:sfdb_cycle_detection.obj
 0001:0005bf40       sf_debug_cd_mark_processed_transition_in_instance 000000018005cf40 f   sfc_debug:sfdb_cycle_detection.obj
 0001:0005bfe0       sf_debug_cd_checksum_push  000000018005cfe0 f   sfc_debug:sfdb_cycle_detection.obj
 0001:0005c2a0       sf_debug_cd_checksum_pop   000000018005d2a0 f   sfc_debug:sfdb_cycle_detection.obj
 0001:0005c310       sf_debug_cd_turn_off_cycle_detection 000000018005d310 f   sfc_debug:sfdb_cycle_detection.obj
 0001:0005c360       sf_debug_cd_terminate      000000018005d360 f   sfc_debug:sfdb_cycle_detection.obj
 0001:0005c5a0       md5_initialize_state       000000018005d5a0 f   sfc_debug:ckmd5.obj
 0001:0005d010       md5_update_state           000000018005e010 f   sfc_debug:ckmd5.obj
 0001:0005d030       md5_get_hash               000000018005e030 f   sfc_debug:ckmd5.obj
 0001:0005d060       md5_get_hash_for_a_single_string 000000018005e060 f   sfc_debug:ckmd5.obj
 0001:0005d0c4       mxGetPr                    000000018005e0c4 f   libmx:libmx.dll
 0001:0005d0ca       mxCreateDoubleScalar       000000018005e0ca f   libmx:libmx.dll
 0001:0005d0d0       mxCreateDoubleMatrix_730   000000018005e0d0 f   libmx:libmx.dll
 0001:0005d0d6       mxSetField_730             000000018005e0d6 f   libmx:libmx.dll
 0001:0005d0dc       mxCreateString             000000018005e0dc f   libmx:libmx.dll
 0001:0005d0e2       mxCreateStructMatrix_730   000000018005e0e2 f   libmx:libmx.dll
 0001:0005d0e8       mxDestroyArray             000000018005e0e8 f   libmx:libmx.dll
 0001:0005d0ee       mxDuplicateArray           000000018005e0ee f   libmx:libmx.dll
 0001:0005d0f4       mxGetString_730            000000018005e0f4 f   libmx:libmx.dll
 0001:0005d0fa       mxIsChar                   000000018005e0fa f   libmx:libmx.dll
 0001:0005d100       mxGetClassID               000000018005e100 f   libmx:libmx.dll
 0001:0005d106       mxIsNumeric                000000018005e106 f   libmx:libmx.dll
 0001:0005d10c       mxIsComplex                000000018005e10c f   libmx:libmx.dll
 0001:0005d112       mxGetN                     000000018005e112 f   libmx:libmx.dll
 0001:0005d118       mxGetM                     000000018005e118 f   libmx:libmx.dll
 0001:0005d11e       mxCalloc                   000000018005e11e f   libmx:libmx.dll
 0001:0005d124       mxGetScalar                000000018005e124 f   libmx:libmx.dll
 0001:0005d12a       mxIsLogical                000000018005e12a f   libmx:libmx.dll
 0001:0005d130       mxCreateDoubleMatrix_700   000000018005e130 f   libmx:libmx.dll
 0001:0005d136       mxFree                     000000018005e136 f   libmx:libmx.dll
 0001:0005d13c       mxArrayToString            000000018005e13c f   libmx:libmx.dll
 0001:0005d142       mxCreateCellMatrix_700     000000018005e142 f   libmx:libmx.dll
 0001:0005d148       mxSetCell_700              000000018005e148 f   libmx:libmx.dll
 0001:0005d14e       mxGetCell_700              000000018005e14e f   libmx:libmx.dll
 0001:0005d154       mxGetClassName             000000018005e154 f   libmx:libmx.dll
 0001:0005d15a       mxSetField_700             000000018005e15a f   libmx:libmx.dll
 0001:0005d160       mxAddField                 000000018005e160 f   libmx:libmx.dll
 0001:0005d166       mxGetField_700             000000018005e166 f   libmx:libmx.dll
 0001:0005d16c       mxGetNumberOfElements      000000018005e16c f   libmx:libmx.dll
 0001:0005d172       mxIsStruct                 000000018005e172 f   libmx:libmx.dll
 0001:0005d178       mxIsA                      000000018005e178 f   libmx:libmx.dll
 0001:0005d17e       mxIsClass                  000000018005e17e f   libmx:libmx.dll
 0001:0005d184       mxGetLogicals              000000018005e184 f   libmx:libmx.dll
 0001:0005d18a       mxIsSparse                 000000018005e18a f   libmx:libmx.dll
 0001:0005d190       mxSetFieldByNumber_700     000000018005e190 f   libmx:libmx.dll
 0001:0005d196       mxGetFieldByNumber_700     000000018005e196 f   libmx:libmx.dll
 0001:0005d19c       mxGetFieldNameByNumber     000000018005e19c f   libmx:libmx.dll
 0001:0005d1a2       mxGetNumberOfFields        000000018005e1a2 f   libmx:libmx.dll
 0001:0005d1a8       mxCreateStructMatrix_700   000000018005e1a8 f   libmx:libmx.dll
 0001:0005d1ae       mxGetFieldNumber           000000018005e1ae f   libmx:libmx.dll
 0001:0005d1b4       mxIsNaN                    000000018005e1b4 f   libmx:libmx.dll
 0001:0005d1ba       mxIsEmpty                  000000018005e1ba f   libmx:libmx.dll
 0001:0005d1c0       mxGetData                  000000018005e1c0 f   libmx:libmx.dll
 0001:0005d1c6       mxGetImagData              000000018005e1c6 f   libmx:libmx.dll
 0001:0005d1cc       mxArrayClassIDName         000000018005e1cc f   libmx:libmx.dll
 0001:0005d1d2       mxCreateNumericMatrix_700  000000018005e1d2 f   libmx:libmx.dll
 0001:0005d1d8       mxCreateStructArray_700    000000018005e1d8 f   libmx:libmx.dll
 0001:0005d1de       mxCalcSingleSubscript_700  000000018005e1de f   libmx:libmx.dll
 0001:0005d1e4       mxGetDimensions_700        000000018005e1e4 f   libmx:libmx.dll
 0001:0005d1ea       mxGetNumberOfDimensions_700 000000018005e1ea f   libmx:libmx.dll
 0001:0005d1f0       mxCreateNumericArray_700   000000018005e1f0 f   libmx:libmx.dll
 0001:0005d1f6       mxGetElementSize           000000018005e1f6 f   libmx:libmx.dll
 0001:0005d1fc       mxCreateStringFromNChars_700 000000018005e1fc f   libmx:libmx.dll
 0001:0005d202       mxGetString_700            000000018005e202 f   libmx:libmx.dll
 0001:0005d208       mxIsLogicalScalarTrue      000000018005e208 f   libmx:libmx.dll
 0001:0005d20e       mxCreateLogicalScalar      000000018005e20e f   libmx:libmx.dll
 0001:0005d214       mexUnlock                  000000018005e214 f   libmex:libmex.dll
 0001:0005d21a       mexIsLocked                000000018005e21a f   libmex:libmex.dll
 0001:0005d220       mexWarnMsgTxt              000000018005e220 f   libmex:libmex.dll
 0001:0005d226       mexCallMATLAB              000000018005e226 f   libmex:libmex.dll
 0001:0005d22c       mexErrMsgTxt               000000018005e22c f   libmex:libmex.dll
 0001:0005d232       mexMakeArrayPersistent     000000018005e232 f   libmex:libmex.dll
 0001:0005d238       mexSetTrapFlag             000000018005e238 f   libmex:libmex.dll
 0001:0005d23e       mexPutVariable             000000018005e23e f   libmex:libmex.dll
 0001:0005d244       mexGetVariable             000000018005e244 f   libmex:libmex.dll
 0001:0005d24a       mexLock                    000000018005e24a f   libmex:libmex.dll
 0001:0005d250       mexMakeMemoryPersistent    000000018005e250 f   libmex:libmex.dll
 0001:0005d256       mexFunctionName            000000018005e256 f   libmex:libmex.dll
 0001:0005d25c       ssRegisterDataTypeFxpFSlopeFixExpBias 000000018005e25c f   libfixedpoint:libfixedpoint.dll
 0001:0005d262       utVSNprintf                000000018005e262 f   libut:libut.dll
 0001:0005d268       utCPUtime                  000000018005e268 f   libut:libut.dll
 0001:0005d26e       utFree                     000000018005e26e f   libut:libut.dll
 0001:0005d274       utMalloc                   000000018005e274 f   libut:libut.dll
 0001:0005d27a       emlrtCheckBuiltInCtxR2011a 000000018005e27a f   libemlrt:libemlrt.dll
 0001:0005d280       emlrtCheckVsBuiltInCtxR2011a 000000018005e280 f   libemlrt:libemlrt.dll
 0001:0005d286       emlrtCheckEnumR2009a       000000018005e286 f   libemlrt:libemlrt.dll
 0001:0005d28c       emlrtCreateEnumR2010a      000000018005e28c f   libemlrt:libemlrt.dll
 0001:0005d292       emlrtGetEnumElementR2009a  000000018005e292 f   libemlrt:libemlrt.dll
 0001:0005d298       emlrtCreateReference       000000018005e298 f   libemlrt:libemlrt.dll
 0001:0005d29e       emlrtImportVsFiArrayR2009b 000000018005e29e f   libemlrt:libemlrt.dll
 0001:0005d2a4       emlrtNameCapturePostProcessR2012a 000000018005e2a4 f   libemlrt:libemlrt.dll
 0001:0005d2aa       emlrtExtractMessageId      000000018005e2aa f   libemlrt:libemlrt.dll
 0001:0005d2b0       emlrtTranslateMessageIDtoLCPstring 000000018005e2b0 f   libemlrt:libemlrt.dll
 0001:0005d2b6       emlrtForLoopVectorIsValidR2011b 000000018005e2b6 f   libemlrt:libemlrt.dll
 0001:0005d2bc       emlrtTranslateUTF16MessagetoLCPstring 000000018005e2bc f   libemlrt:libemlrt.dll
 0001:0005d2c2       emlrtGetEnumUnderlyingArrayR2009a 000000018005e2c2 f   libemlrt:libemlrt.dll
 0001:0005d2c8       emlrtIsEnumR2009a          000000018005e2c8 f   libemlrt:libemlrt.dll
 0001:0005d2d0       __GSHandlerCheckCommon     000000018005e2d0 f   MSVCRT:gshandler.obj
 0001:0005d334       __GSHandlerCheck           000000018005e334 f   MSVCRT:gshandler.obj
 0001:0005d352       strlen                     000000018005e352 f   MSVCRT:MSVCR100.dll
 0001:0005d370       __security_check_cookie    000000018005e370 f   MSVCRT:amdsecgs.obj
 0001:0005d390       memset                     000000018005e390 f   MSVCRT:MSVCR100.dll
 0001:0005d396       malloc                     000000018005e396 f   MSVCRT:MSVCR100.dll
 0001:0005d39c       free                       000000018005e39c f   MSVCRT:MSVCR100.dll
 0001:0005d3a2       strcmp                     000000018005e3a2 f   MSVCRT:MSVCR100.dll
 0001:0005d3a8       sprintf                    000000018005e3a8 f   MSVCRT:MSVCR100.dll
 0001:0005d3ae       strcat                     000000018005e3ae f   MSVCRT:MSVCR100.dll
 0001:0005d3b4       memcpy                     000000018005e3b4 f   MSVCRT:MSVCR100.dll
 0001:0005d3bc       NtCurrentTeb               000000018005e3bc f i MSVCRT:crtdll.obj
 0001:0005d428       _CRT_INIT                  000000018005e428 f   MSVCRT:crtdll.obj
 0001:0005d7c0       _DllMainCRTStartup         000000018005e7c0 f   MSVCRT:crtdll.obj
 0001:0005d7fe       strncpy                    000000018005e7fe f   MSVCRT:MSVCR100.dll
 0001:0005d820       _alloca_probe              000000018005e820     MSVCRT:chkstk.obj
 0001:0005d820       __chkstk                   000000018005e820 f   MSVCRT:chkstk.obj
 0001:0005d86e       longjmp                    000000018005e86e f   MSVCRT:MSVCR100.dll
 0001:0005d874       strncmp                    000000018005e874 f   MSVCRT:MSVCR100.dll
 0001:0005d87a       ceil                       000000018005e87a f   MSVCRT:MSVCR100.dll
 0001:0005d880       strrchr                    000000018005e880 f   MSVCRT:MSVCR100.dll
 0001:0005d886       _setjmp                    000000018005e886 f   MSVCRT:MSVCR100.dll
 0001:0005d88c       calloc                     000000018005e88c f   MSVCRT:MSVCR100.dll
 0001:0005d892       realloc                    000000018005e892 f   MSVCRT:MSVCR100.dll
 0001:0005d898       ldexp                      000000018005e898 f   MSVCRT:MSVCR100.dll
 0001:0005d8a0       __report_gsfailure         000000018005e8a0 f   MSVCRT:gs_report.obj
 0001:0005d9ec       __clean_type_info_names    000000018005e9ec f   MSVCRT:tncleanup.obj
 0001:0005d9f8       _onexit                    000000018005e9f8 f   MSVCRT:atonexit.obj
 0001:0005daa8       atexit                     000000018005eaa8 f   MSVCRT:atonexit.obj
 0001:0005dac0       _RTC_Initialize            000000018005eac0 f   MSVCRT:_initsect_.obj
 0001:0005daf8       _RTC_Terminate             000000018005eaf8 f   MSVCRT:_initsect_.obj
 0001:0005db30       _malloc_crt                000000018005eb30 f   MSVCRT:MSVCR100.dll
 0001:0005db40       _ValidateImageBase         000000018005eb40 f   MSVCRT:pesect.obj
 0001:0005db70       _FindPESection             000000018005eb70 f   MSVCRT:pesect.obj
 0001:0005dbc0       _IsNonwritableInCurrentImage 000000018005ebc0 f   MSVCRT:pesect.obj
 0001:0005dc02       _initterm                  000000018005ec02 f   MSVCRT:MSVCR100.dll
 0001:0005dc08       _initterm_e                000000018005ec08 f   MSVCRT:MSVCR100.dll
 0001:0005dc0e       _encoded_null              000000018005ec0e f   MSVCRT:MSVCR100.dll
 0001:0005dc14       _amsg_exit                 000000018005ec14 f   MSVCRT:MSVCR100.dll
 0001:0005dc1a       __C_specific_handler       000000018005ec1a f   MSVCRT:MSVCR100.dll
 0001:0005dc20       __CppXcptFilter            000000018005ec20 f   MSVCRT:MSVCR100.dll
 0001:0005dc28       DllMain                    000000018005ec28 f   MSVCRT:dllmain.obj
 0001:0005dc4c       __security_init_cookie     000000018005ec4c f   MSVCRT:gs_support.obj
 0001:0005dd00       __crt_debugger_hook        000000018005ed00 f   MSVCRT:MSVCR100.dll
 0001:0005dd06       __clean_type_info_names_internal 000000018005ed06 f   MSVCRT:MSVCR100.dll
 0001:0005dd0c       _unlock                    000000018005ed0c f   MSVCRT:MSVCR100.dll
 0001:0005dd12       __dllonexit                000000018005ed12 f   MSVCRT:MSVCR100.dll
 0001:0005dd18       _lock                      000000018005ed18 f   MSVCRT:MSVCR100.dll
 0001:0005dd1e       EncodePointer              000000018005ed1e f   kernel32:KERNEL32.dll
 0001:0005dd24       DecodePointer              000000018005ed24 f   kernel32:KERNEL32.dll
 0001:0005dd2a       Sleep                      000000018005ed2a f   kernel32:KERNEL32.dll
 0001:0005dd30       TerminateProcess           000000018005ed30 f   kernel32:KERNEL32.dll
 0001:0005dd36       GetCurrentProcess          000000018005ed36 f   kernel32:KERNEL32.dll
 0001:0005dd3c       UnhandledExceptionFilter   000000018005ed3c f   kernel32:KERNEL32.dll
 0001:0005dd42       SetUnhandledExceptionFilter 000000018005ed42 f   kernel32:KERNEL32.dll
 0001:0005dd48       IsDebuggerPresent          000000018005ed48 f   kernel32:KERNEL32.dll
 0001:0005dd4e       RtlVirtualUnwind           000000018005ed4e f   kernel32:KERNEL32.dll
 0001:0005dd54       RtlLookupFunctionEntry     000000018005ed54 f   kernel32:KERNEL32.dll
 0001:0005dd5a       RtlCaptureContext          000000018005ed5a f   kernel32:KERNEL32.dll
 0001:0005dd60       DisableThreadLibraryCalls  000000018005ed60 f   kernel32:KERNEL32.dll
 0001:0005dd66       QueryPerformanceCounter    000000018005ed66 f   kernel32:KERNEL32.dll
 0001:0005dd6c       GetTickCount               000000018005ed6c f   kernel32:KERNEL32.dll
 0001:0005dd72       GetCurrentThreadId         000000018005ed72 f   kernel32:KERNEL32.dll
 0001:0005dd78       GetCurrentProcessId        000000018005ed78 f   kernel32:KERNEL32.dll
 0001:0005dd7e       GetSystemTimeAsFileTime    000000018005ed7e f   kernel32:KERNEL32.dll
 0002:00000000       __imp_GetSystemTimeAsFileTime 000000018005f000     kernel32:KERNEL32.dll
 0002:00000008       __imp_GetCurrentProcessId  000000018005f008     kernel32:KERNEL32.dll
 0002:00000010       __imp_GetCurrentThreadId   000000018005f010     kernel32:KERNEL32.dll
 0002:00000018       __imp_GetTickCount         000000018005f018     kernel32:KERNEL32.dll
 0002:00000020       __imp_QueryPerformanceCounter 000000018005f020     kernel32:KERNEL32.dll
 0002:00000028       __imp_DisableThreadLibraryCalls 000000018005f028     kernel32:KERNEL32.dll
 0002:00000030       __imp_RtlCaptureContext    000000018005f030     kernel32:KERNEL32.dll
 0002:00000038       __imp_RtlLookupFunctionEntry 000000018005f038     kernel32:KERNEL32.dll
 0002:00000040       __imp_RtlVirtualUnwind     000000018005f040     kernel32:KERNEL32.dll
 0002:00000048       __imp_IsDebuggerPresent    000000018005f048     kernel32:KERNEL32.dll
 0002:00000050       __imp_SetUnhandledExceptionFilter 000000018005f050     kernel32:KERNEL32.dll
 0002:00000058       __imp_UnhandledExceptionFilter 000000018005f058     kernel32:KERNEL32.dll
 0002:00000060       __imp_GetCurrentProcess    000000018005f060     kernel32:KERNEL32.dll
 0002:00000068       __imp_TerminateProcess     000000018005f068     kernel32:KERNEL32.dll
 0002:00000070       __imp_Sleep                000000018005f070     kernel32:KERNEL32.dll
 0002:00000078       __imp_DecodePointer        000000018005f078     kernel32:KERNEL32.dll
 0002:00000080       __imp_EncodePointer        000000018005f080     kernel32:KERNEL32.dll
 0002:00000088       \177KERNEL32_NULL_THUNK_DATA 000000018005f088     kernel32:KERNEL32.dll
 0002:00000090       __imp__onexit              000000018005f090     MSVCRT:MSVCR100.dll
 0002:00000098       __imp__lock                000000018005f098     MSVCRT:MSVCR100.dll
 0002:000000a0       __imp___dllonexit          000000018005f0a0     MSVCRT:MSVCR100.dll
 0002:000000a8       __imp__unlock              000000018005f0a8     MSVCRT:MSVCR100.dll
 0002:000000b0       __imp___clean_type_info_names_internal 000000018005f0b0     MSVCRT:MSVCR100.dll
 0002:000000b8       __imp___crt_debugger_hook  000000018005f0b8     MSVCRT:MSVCR100.dll
 0002:000000c0       __imp___CppXcptFilter      000000018005f0c0     MSVCRT:MSVCR100.dll
 0002:000000c8       __imp___C_specific_handler 000000018005f0c8     MSVCRT:MSVCR100.dll
 0002:000000d0       __imp__amsg_exit           000000018005f0d0     MSVCRT:MSVCR100.dll
 0002:000000d8       __imp__encoded_null        000000018005f0d8     MSVCRT:MSVCR100.dll
 0002:000000e0       __imp__initterm_e          000000018005f0e0     MSVCRT:MSVCR100.dll
 0002:000000e8       __imp__initterm            000000018005f0e8     MSVCRT:MSVCR100.dll
 0002:000000f0       __imp__malloc_crt          000000018005f0f0     MSVCRT:MSVCR100.dll
 0002:000000f8       __imp_ldexp                000000018005f0f8     MSVCRT:MSVCR100.dll
 0002:00000100       __imp_realloc              000000018005f100     MSVCRT:MSVCR100.dll
 0002:00000108       __imp_calloc               000000018005f108     MSVCRT:MSVCR100.dll
 0002:00000110       __imp__setjmp              000000018005f110     MSVCRT:MSVCR100.dll
 0002:00000118       __imp_strrchr              000000018005f118     MSVCRT:MSVCR100.dll
 0002:00000120       __imp_ceil                 000000018005f120     MSVCRT:MSVCR100.dll
 0002:00000128       __imp_strncmp              000000018005f128     MSVCRT:MSVCR100.dll
 0002:00000130       __imp_longjmp              000000018005f130     MSVCRT:MSVCR100.dll
 0002:00000138       __imp_strncpy              000000018005f138     MSVCRT:MSVCR100.dll
 0002:00000140       __imp_memcpy               000000018005f140     MSVCRT:MSVCR100.dll
 0002:00000148       __imp_strcat               000000018005f148     MSVCRT:MSVCR100.dll
 0002:00000150       __imp_sprintf              000000018005f150     MSVCRT:MSVCR100.dll
 0002:00000158       __imp_strcmp               000000018005f158     MSVCRT:MSVCR100.dll
 0002:00000160       __imp_free                 000000018005f160     MSVCRT:MSVCR100.dll
 0002:00000168       __imp_malloc               000000018005f168     MSVCRT:MSVCR100.dll
 0002:00000170       __imp_memset               000000018005f170     MSVCRT:MSVCR100.dll
 0002:00000178       __imp_strlen               000000018005f178     MSVCRT:MSVCR100.dll
 0002:00000180       \177MSVCR100_NULL_THUNK_DATA 000000018005f180     MSVCRT:MSVCR100.dll
 0002:00000188       __imp_emlrtIsEnumR2009a    000000018005f188     libemlrt:libemlrt.dll
[...]
 0001:00035440       sf_numeric_value_to_double 0000000180036440 f   sfc_mex:sfc_mex.obj
 0001:00035490       ml_generic_out_of_bounds_check 0000000180036490 f   sfc_mex:sfc_mex.obj
 0001:00035660       ml_get_element_value_from_array 0000000180036660 f   sfc_mex:sfc_mex.obj
 0001:00035a00       _ml_generic_castability_check 0000000180036a00 f   sfc_mex:sfc_mex.obj
 0001:00036760       ml_generic_castability_check 0000000180037760 f   sfc_mex:sfc_mex.obj
 0001:00036800       ml_check_mx_array_for_single_castability 0000000180037800 f   sfc_mex:sfc_mex.obj
 0001:000368a0       ml_check_mx_array_for_logical_castability 00000001800378a0 f   sfc_mex:sfc_mex.obj
 0001:00036940       ml_check_mx_array_for_int8_castability 0000000180037940 f   sfc_mex:sfc_mex.obj
 0001:000369f0       ml_check_mx_array_for_uint8_castability 00000001800379f0 f   sfc_mex:sfc_mex.obj
 0001:00036a50       ml_check_mx_array_for_int16_castability 0000000180037a50 f   sfc_mex:sfc_mex.obj
 0001:00036ab0       ml_check_mx_array_for_uint16_castability 0000000180037ab0 f   sfc_mex:sfc_mex.obj
 0001:00036b10       ml_check_mx_array_for_int32_castability 0000000180037b10 f   sfc_mex:sfc_mex.obj
 0001:00036b70       ml_check_mx_array_for_uint32_castability 0000000180037b70 f   sfc_mex:sfc_mex.obj
 0001:00036bd0       ml_check_mx_array_for_castability 0000000180037bd0 f   sfc_mex:sfc_mex.obj
 0001:00037500       set_data_value             0000000180038500 f   sfc_mex:sfc_mex.obj
 0001:00037870       get_data_value             0000000180038870 f   sfc_mex:sfc_mex.obj
 0001:00037980       get_next_element_address   0000000180038980 f   sfc_mex:sfc_mex.obj
 0001:00037a50       sf_normalize_index         0000000180038a50 f   sfc_mex:sfc_mex.obj
 0001:00037de0       ml_array_index_bound_check 0000000180038de0 f   sfc_mex:sfc_mex.obj
 0001:00038900       mx_value                   0000000180039900 f   sfc_mex:sfc_mex.obj
 0001:00038950       sf_create_numeric_array    0000000180039950 f   sfc_mex:sfc_mex.obj
 0001:000389f0       sf_mex_assign_to_mx_array  00000001800399f0 f   sfc_mex:sfc_mex.obj
 0001:00038d40       assign_from_mx_array       0000000180039d40 f   sfc_mex:sfc_mex.obj
 0001:00039570       sf_mex_import_v            000000018003a570 f   sfc_mex:sfc_mex.obj
 0001:00039c70       get_machine_and_chart_file_number 000000018003ac70 f   sfc_mex:sfc_sf.obj
 0001:00039d60       get_sfun_block_specialization 000000018003ad60 f   sfc_mex:sfc_sf.obj
 0001:00039e10       call_sf_machine_global_method_dispatcher 000000018003ae10 f   sfc_mex:sfc_sf.obj
 0001:0003a060       mdl_zeroCrossings_processing 000000018003b060 f   sfc_mex:sfc_sf.obj
 0001:0003a130       mdl_derivatives_processing 000000018003b130 f   sfc_mex:sfc_sf.obj
 0001:0003a3f0       mdl_outputs_continuous_legacy 000000018003b3f0 f   sfc_mex:sfc_sf.obj
 0001:0003a470       mdl_outputs_processing     000000018003b470 f   sfc_mex:sfc_sf.obj
 0001:0003a6a0       mdl_enable_processing      000000018003b6a0 f   sfc_mex:sfc_sf.obj
 0001:0003a770       mdl_disable_processing     000000018003b770 f   sfc_mex:sfc_sf.obj
 0001:0003b4e0       sf_call_output_fcn_enable_disable 000000018003c4e0 f   sfc_mex:sfc_sf.obj
 0001:0003b760       set_dwork_information_from_mx_array 000000018003c760 f   sfc_mex:sfc_sf.obj
 0001:0003c020       ptr2mxStruct               000000018003d020 f   sfc_mex:sfc_sf.obj
 0001:0003c330       SNPRINTF_WRAPPER           000000018003d330 f   sfc_debug:sfcdebug.obj
 0001:0003c350       sf_debug_chart_instance_initialized_quick 000000018003d350 f   sfc_debug:sfcdebug.obj
 0001:0003c360       sf_debug_chart_instance_initialized 000000018003d360 f   sfc_debug:sfcdebug.obj
 0001:0003c500       sfrtAddSize                000000018003d500 f   sfc_debug:sfcdebug.obj
 0001:0003c5c0       sfrtGenSizeString          000000018003d5c0 f   sfc_debug:sfcdebug.obj
 0001:0003ccd0       fill_single_message_info   000000018003dcd0 f   sfc_debug:sfcdebug.obj
 0001:0003ce90       sf_debug_sim_status_listener 000000018003de90 f   sfc_debug:sfcdebug.obj
 0001:0003d400       sf_debug_form_mask_bits    000000018003e400 f   sfc_debug:sfcdebug.obj
 0001:0003d440       sf_debug_form_sf_data_type_offsets 000000018003e440 f   sfc_debug:sfcdebug.obj
 0001:0003d500       sf_debug_free_all          000000018003e500 f   sfc_debug:sfcdebug.obj
 0001:0003d6b0       sf_debug_append_debugger_context 000000018003e6b0 f   sfc_debug:sfcdebug.obj
 0001:0003d970       local_strdup               000000018003e970 f   sfc_debug:sfcdebug.obj
 0001:0003e850       sf_debug_em_terminate      000000018003f850 f   sfc_debug:sfcdebug.obj
 0001:0003e890       sf_debug_push_eml_function 000000018003f890 f   sfc_debug:sfcdebug.obj
 0001:0003e930       sf_debug_pop_eml_function  000000018003f930 f   sfc_debug:sfcdebug.obj
 0001:0003f630       sf_debug_get_machine_number_from_id_or_name 0000000180040630 f   sfc_debug:sfcdebug.obj
 0001:0003f780       sf_debug_get_chart_number_from_id 0000000180040780 f   sfc_debug:sfcdebug.obj
 0001:000403f0       sf_debug_transfer_control_to_debugger_GUI 00000001800413f0 f   sfc_debug:sfcdebug.obj
 0001:00041380       sf_debug_scripts_rehash    0000000180042380 f   sfc_debug:sfcdebug.obj
 0001:000415c0       sf_debug_get_script_line_count 00000001800425c0 f   sfc_debug:sfcdebug.obj
 0001:00041ef0       cv_eml_state_cvId          0000000180042ef0 f   sfc_debug:sfcdebug.obj
 0001:00041f60       cv_eml_trans_cvId          0000000180042f60 f   sfc_debug:sfcdebug.obj
 0001:00043220       sf_debug_data_array_bounds_error 0000000180044220 f   sfc_debug:sfcdebug.obj
 0001:00043650       eml_debug_runtime_error_doclink 0000000180044650 f   sfc_debug:sfcdebug.obj
 0001:000437d0       sf_debug_runtime_error     00000001800447d0 f   sfc_debug:sfcdebug.obj
 0001:00043840       sf_debug_matlab_error      0000000180044840 f   sfc_debug:sfcdebug.obj
 0001:00044170       sf_debug_data_value_error  0000000180045170 f   sfc_debug:sfcdebug.obj
 0001:00044a70       sf_debug_data_loss_error   0000000180045a70 f   sfc_debug:sfcdebug.obj
 0001:00045990       call_cv_range_check        0000000180046990 f   sfc_debug:sfcdebug.obj
 0001:00046160       sf_debug_invoke_cycle_detection_code 0000000180047160 f   sfc_debug:sfcdebug.obj
 0001:00047240       sf_reset_debug_info_struct 0000000180048240 f   sfc_debug:sfcdebug.obj
 0001:00047b30       cv_script_cvId             0000000180048b30 f   sfc_debug:sfcdebug.obj
 0001:00048880       sfc_api_chart_visible      0000000180049880 f   sfc_debug:sfc_api.obj
 0001:00048900       sfc_api_active_instance    0000000180049900 f   sfc_debug:sfc_api.obj
 0001:00048980       sfc_api_machine_load       0000000180049980 f   sfc_debug:sfc_api.obj
 0001:00048a50       sfc_api_debugger_alive     0000000180049a50 f   sfc_debug:sfc_api.obj
 0001:00048a60       sfc_api_go                 0000000180049a60 f   sfc_debug:sfc_api.obj
 0001:00048a70       sfc_api_step_over          0000000180049a70 f   sfc_debug:sfc_api.obj
 0001:00048a80       sfc_api_step_out           0000000180049a80 f   sfc_debug:sfc_api.obj
 0001:00048a90       sfc_api_resume             0000000180049a90 f   sfc_debug:sfc_api.obj
 0001:00048aa0       sfc_api_break              0000000180049aa0 f   sfc_debug:sfc_api.obj
 0001:00048ab0       sfc_api_stop_debugging     0000000180049ab0 f   sfc_debug:sfc_api.obj
 0001:00048b00       sfc_api_is_cycle_detected  0000000180049b00 f   sfc_debug:sfc_api.obj
 0001:00048b50       sfc_api_is_array_bounds_detected 0000000180049b50 f   sfc_debug:sfc_api.obj
 0001:00048ba0       sfc_api_set_disable_all_breakpoints 0000000180049ba0 f   sfc_debug:sfc_api.obj
 0001:00048c10       sfc_api_disable_all_breakpoints_and_go 0000000180049c10 f   sfc_debug:sfc_api.obj
 0001:00048c20       sfc_api_close              0000000180049c20 f   sfc_debug:sfc_api.obj
 0001:00048c30       sfc_api_browse_data        0000000180049c30 f   sfc_debug:sfc_api.obj
 0001:00048ca0       sfc_api_watch_data         0000000180049ca0 f   sfc_debug:sfc_api.obj
 0001:00048d40       sfc_api_extract_message_post_receive_info 0000000180049d40 f   sfc_debug:sfc_api.obj
 0001:00048d60       sfc_api_assign_data        0000000180049d60 f   sfc_debug:sfc_api.obj
 0001:00048e00       sfc_api_whos               0000000180049e00 f   sfc_debug:sfc_api.obj
 0001:00048e90       sfc_api_get_consistency_info 0000000180049e90 f   sfc_debug:sfc_api.obj
 0001:00048ea0       sfc_api_browse_trace       0000000180049ea0 f   sfc_debug:sfc_api.obj
 0001:00048eb0       sfc_api_break_on_chart_entry 0000000180049eb0 f   sfc_debug:sfc_api.obj
 0001:00048ed0       sfc_api_break_on_event_broadcast 0000000180049ed0 f   sfc_debug:sfc_api.obj
 0001:00048ef0       sfc_api_break_on_state_entry 0000000180049ef0 f   sfc_debug:sfc_api.obj
 0001:00048f10       sfc_api_set_watch          0000000180049f10 f   sfc_debug:sfc_api.obj
 0001:00048fb0       sfc_api_set_breakpoints    0000000180049fb0 f   sfc_debug:sfc_api.obj
 0001:00049050       sfc_api_set_eml_breakpoints 000000018004a050 f   sfc_debug:sfc_api.obj
 0001:000490d0       sfc_api_set_script_breakpoints 000000018004a0d0 f   sfc_debug:sfc_api.obj
 0001:00049120       sfc_api_add_script_breakpoints 000000018004a120 f   sfc_debug:sfc_api.obj
 0001:00049170       sfc_api_clear_script_breakpoints 000000018004a170 f   sfc_debug:sfc_api.obj
 0001:000491c0       sfc_api_query_script_breakpoints 000000018004a1c0 f   sfc_debug:sfc_api.obj
 0001:00049220       sfc_api_get_script_id      000000018004a220 f   sfc_debug:sfc_api.obj
 0001:000492e0       sfc_api_get_active_states  000000018004a2e0 f   sfc_debug:sfc_api.obj
 0001:00049360       sfc_api_break_between_times 000000018004a360 f   sfc_debug:sfc_api.obj
 0001:000493c0       sfc_api_get_instance_handle 000000018004a3c0 f   sfc_debug:sfc_api.obj
 0001:00049470       sfc_api_set_animation      000000018004a470 f   sfc_debug:sfc_api.obj
 0001:000494c0       sfc_api_select_chart       000000018004a4c0 f   sfc_debug:sfc_api.obj
 0001:00049520       sfc_api_select_charts      000000018004a520 f   sfc_debug:sfc_api.obj
 0001:00049550       sfc_api_cycle_detection_check 000000018004a550 f   sfc_debug:sfc_api.obj
 0001:000495a0       sfc_api_data_range_check   000000018004a5a0 f   sfc_debug:sfc_api.obj
 0001:000495f0       sfc_api_transition_conflict_check 000000018004a5f0 f   sfc_debug:sfc_api.obj
 0001:00049640       sfc_api_state_consistency_check 000000018004a640 f   sfc_debug:sfc_api.obj
 0001:00049690       sfc_api_set_instance_cv_ids 000000018004a690 f   sfc_debug:sfc_api.obj
 0001:000497a0       sfc_api_set_script_cv_ids  000000018004a7a0 f   sfc_debug:sfc_api.obj
 0001:00049850       sfc_api_get_current_machine_id 000000018004a850 f   sfc_debug:sfc_api.obj
 0001:00049880       sfc_api_get_current_machine_number 000000018004a880 f   sfc_debug:sfc_api.obj
 0001:000498b0       sfc_api_get_current_chart_number 000000018004a8b0 f   sfc_debug:sfc_api.obj
 0001:000498e0       sfc_api_get_current_instance_number 000000018004a8e0 f   sfc_debug:sfc_api.obj
 0001:00049910       sfc_api_get_current_instance_handle 000000018004a910 f   sfc_debug:sfc_api.obj
 0001:00049930       sfc_api_get_current_is_minor_time_step 000000018004a930 f   sfc_debug:sfc_api.obj
 0001:00049960       sfc_api_get_current_machine_name 000000018004a960 f   sfc_debug:sfc_api.obj
 0001:00049980       sfc_api_get_current_chart_id 000000018004a980 f   sfc_debug:sfc_api.obj
 0001:000499b0       sfc_api_get_current_object_type 000000018004a9b0 f   sfc_debug:sfc_api.obj
 0001:000499e0       sfc_api_get_current_event_type 000000018004a9e0 f   sfc_debug:sfc_api.obj
 0001:00049a10       sfc_api_get_current_object_id 000000018004aa10 f   sfc_debug:sfc_api.obj
 0001:00049a40       sfc_get_current_active_event_type 000000018004aa40 f   sfc_debug:sfc_api.obj
 0001:00049a70       sfc_api_get_current_active_event_id 000000018004aa70 f   sfc_debug:sfc_api.obj
 0001:00049aa0       sfc_api_get_current_simulation_time 000000018004aaa0 f   sfc_debug:sfc_api.obj
 0001:00049ac0       sfc_get_current_tag_type   000000018004aac0 f   sfc_debug:sfc_api.obj
 0001:00049af0       sfc_get_current_coverage_percentage 000000018004aaf0 f   sfc_debug:sfc_api.obj
 0001:00049b10       sfc_get_current_statement_context 000000018004ab10 f   sfc_debug:sfc_api.obj
 0001:00049b30       sfc_get_current_optional_integer 000000018004ab30 f   sfc_debug:sfc_api.obj
 0001:00049b60       sfc_get_current_statement_info 000000018004ab60 f   sfc_debug:sfc_api.obj
 0001:00049c00       sfc_api_get                000000018004ac00 f   sfc_debug:sfc_api.obj
 0001:00049d60       sf_debug_sm_is_using_unified_editors 000000018004ad60 f   sfc_debug:sfdb_animation.obj
 0001:00049e00       sf_debug_sm_is_chart_visible_in_unified_editors 000000018004ae00 f   sfc_debug:sfdb_animation.obj
 0001:00049ec0       sf_debug_sm_check_if_chart_is_visible 000000018004aec0 f   sfc_debug:sfdb_animation.obj
 0001:0004a9c0       sf_debug_sm_fill_state_activity_data 000000018004b9c0 f   sfc_debug:sfdb_animation.obj
 0001:0004d1f0       void_ptr_stack_vector_free_total 000000018004e1f0 f   sfc_debug:sfdb_data_browse.obj
 0001:0004d280       sf_debug_st_terminate_machine 000000018004e280 f   sfc_debug:sfdb_data_browse.obj
 0001:0004d2c0       sf_debug_st_terminate_instance 000000018004e2c0 f   sfc_debug:sfdb_data_browse.obj
 0001:0004d670       push_on_to_void_ptr_stack  000000018004e670 f   sfc_debug:sfdb_data_browse.obj
 0001:0004d800       pop_from_void_ptr_stack    000000018004e800 f   sfc_debug:sfdb_data_browse.obj
 0001:0004d930       sf_debug_st_get_data_value 000000018004e930 f   sfc_debug:sfdb_data_browse.obj
 0001:0004dec0       mx_value                   000000018004eec0 f   sfc_debug:sfdb_data_browse.obj
 0001:0004df00       sf_debug_st_fill_data_struct 000000018004ef00 f   sfc_debug:sfdb_data_browse.obj
 0001:0004e240       data_type_format_strings   000000018004f240 f   sfc_debug:sfdb_data_browse.obj
 0001:0004e2f0       sf_debug_st_fill_data      000000018004f2f0 f   sfc_debug:sfdb_data_browse.obj
 0001:0004f040       sf_debug_hm_get_simulink_handle 0000000180050040 f   sfc_debug:sfdb_handle_management.obj
 0001:0004fb90       sf_debug_hm_initialize_globals 0000000180050b90 f   sfc_debug:sfdb_handle_management.obj
 0001:0004fc90       sf_debug_hm_get_machine_debug_flag 0000000180050c90 f   sfc_debug:sfdb_handle_management.obj
 0001:0004fe00       sf_debug_hm_get_machine_id 0000000180050e00 f   sfc_debug:sfdb_handle_management.obj
 0001:0004ff20       sf_debug_hm_get_chart_id   0000000180050f20 f   sfc_debug:sfdb_handle_management.obj
 0001:000500c0       sf_debug_hm_register_executing_SFunction 00000001800510c0 f   sfc_debug:sfdb_handle_management.obj
 0001:00050260       sf_debug_hm_get_chart_active_instance 0000000180051260 f   sfc_debug:sfdb_handle_management.obj
 0001:000503d0       sf_debug_hm_get_chart_visibility 00000001800513d0 f   sfc_debug:sfdb_handle_management.obj
 0001:00050520       sf_debug_hm_form_object_boolean_properties 0000000180051520 f   sfc_debug:sfdb_handle_management.obj
 0001:000507f0       sf_debug_hm_form_object_properties 00000001800517f0 f   sfc_debug:sfdb_handle_management.obj
 0001:00050a30       sf_debug_hm_terminate_charts 0000000180051a30 f   sfc_debug:sfdb_handle_management.obj
 0001:000511a0       sf_debug_hm_terminate_machines 00000001800521a0 f   sfc_debug:sfdb_handle_management.obj
 0001:00052df0       sf_debug_ss_copy_dimension 0000000180053df0 f   sfc_debug:sfdb_symbol_scope.obj
 0001:00052eb0       sf_debug_ss_get_number_elements 0000000180053eb0 f   sfc_debug:sfdb_symbol_scope.obj
 0001:00052ed0       sf_debug_ss_fill_data_struct 0000000180053ed0 f   sfc_debug:sfdb_symbol_scope.obj
 0001:00053220       sf_debug_ss_reset_data_info 0000000180054220 f   sfc_debug:sfdb_symbol_scope.obj
 0001:00053280       sf_debug_fill_data_info_by_symbol_scope_entry 0000000180054280 f   sfc_debug:sfdb_symbol_scope.obj
 0001:00053340       sf_debug_fill_data_info_by_data_vector 0000000180054340 f   sfc_debug:sfdb_symbol_scope.obj
 0001:00053590       sf_debug_ss_get_data_info  0000000180054590 f   sfc_debug:sfdb_symbol_scope.obj
 0001:00053880       sf_debug_select_mex_function 0000000180054880 f   sfc_debug:sfdb_symbol_scope.obj
 0001:000538b0       sf_debug_is_dyn_matrix_initialized 00000001800548b0 f   sfc_debug:sfdb_symbol_scope.obj
 0001:000538d0       sf_debug_ss_set_data_value_try 00000001800548d0 f   sfc_debug:sfdb_symbol_scope.obj
 0001:00053aa0       sf_debug_ss_get_data_value 0000000180054aa0 f   sfc_debug:sfdb_symbol_scope.obj
 0001:00053ff0       sf_debug_ss_data_bytes_string 0000000180054ff0 f   sfc_debug:sfdb_symbol_scope.obj
 0001:000540a0       sf_debug_ss_data_class_string 00000001800550a0 f   sfc_debug:sfdb_symbol_scope.obj
 0001:00054430       sf_debug_ss_data_size_string 0000000180055430 f   sfc_debug:sfdb_symbol_scope.obj
 0001:00054510       sf_debug_ss_data_create_data_info_struct 0000000180055510 f   sfc_debug:sfdb_symbol_scope.obj
 0001:000547e0       sf_debug_ss_data_create_name_value_pair 00000001800557e0 f   sfc_debug:sfdb_symbol_scope.obj
 0001:00054880       sf_debug_ss_data_get_whos_info 0000000180055880 f   sfc_debug:sfdb_symbol_scope.obj
 0001:00054890       same_named_data_in_data_array 0000000180055890 f   sfc_debug:sfdb_symbol_scope.obj
 0001:00056100       sf_debug_cc_terminate_chart 0000000180057100 f   sfc_debug:sfdb_coverage.obj
 0001:000564a0       sf_debug_cc_terminate_instance 00000001800574a0 f   sfc_debug:sfdb_coverage.obj
 0001:00057090       sf_debug_cc_mark_object_if_needed 0000000180058090 f   sfc_debug:sfdb_coverage.obj
 0001:00057990       sf_debug_bm_initialize_eml 0000000180058990 f   sfc_debug:sfdb_breakpoints.obj
 0001:00058b00       sf_debug_bm_map_debug_tag_to_breakpoint_tag 0000000180059b00 f   sfc_debug:sfdb_breakpoints.obj
 0001:00058be0       sf_debug_bm_is_a_eml_breakpoint_impl 0000000180059be0 f   sfc_debug:sfdb_breakpoints.obj
 0001:0005a660       sf_debug_sc_push_on_error_stack 000000018005b660 f   sfc_debug:sfdb_state_consistency.obj
 0001:0005a790       sf_debug_sc_reset_error_stack 000000018005b790 f   sfc_debug:sfdb_state_consistency.obj
 0001:0005a920       sf_debug_sc_is_state_inconsistent 000000018005b920 f   sfc_debug:sfdb_state_consistency.obj
 0001:0005ac20       sf_debug_sc_fill_consistency_info 000000018005bc20 f   sfc_debug:sfdb_state_consistency.obj
 0001:0005b200       void_assertion_fcn         000000018005c200 f   sfc_debug:sfdb_call_stack.obj
 0001:0005b780       sf_debug_tm_fill_local_trace 000000018005c780 f   sfc_debug:sfdb_call_stack.obj
 0001:0005bd50       sf_debug_cd_terminate_instance 000000018005cd50 f   sfc_debug:sfdb_cycle_detection.obj
 0001:0005bdb0       sf_debug_cd_free_checksum_stack 000000018005cdb0 f   sfc_debug:sfdb_cycle_detection.obj
 0001:0005be00       sf_debug_cd_reset_pack_strings 000000018005ce00 f   sfc_debug:sfdb_cycle_detection.obj
 0001:0005c4c0       md5file_clear              000000018005d4c0 f   sfc_debug:ckmd5.obj
 0001:0005c4f0       Encode                     000000018005d4f0 f   sfc_debug:ckmd5.obj
 0001:0005c540       Decode                     000000018005d540 f   sfc_debug:ckmd5.obj
 0001:0005c5e0       MD5Transform               000000018005d5e0 f   sfc_debug:ckmd5.obj
 0001:0005ce30       md5file_addn               000000018005de30 f   sfc_debug:ckmd5.obj
 0001:0005cf00       md5file_hash               000000018005df00 f   sfc_debug:ckmd5.obj
 0001:0005d3c8       pre_c_init                 000000018005e3c8 f   MSVCRT:crtdll.obj
 0001:0005d684       __DllMainCRTStartup        000000018005e684 f   MSVCRT:crtdll.obj
 0001:0005dd90       __DllMainCRTStartup$filt$0 000000018005ed90 f   MSVCRT:crtdll.obj
 0001:0005ddc0       __DllMainCRTStartup$fin$1  000000018005edc0 f   MSVCRT:crtdll.obj
 0001:0005ddda       _onexit$fin$0              000000018005edda f   MSVCRT:atonexit.obj
 0001:0005de00       _IsNonwritableInCurrentImage$filt$0 000000018005ee00 f   MSVCRT:pesect.obj
